###############################################################################
#
# IAR ELF Linker V2.20.1.176 for STM8                     24/May/2018  16:05:39
# Copyright 2010-2015 IAR Systems AB.
#
#    Output file  =  
#        E:\1-source\2-A508_WCDMA_CORGET\PRJ\Debug\Exe\A508_DEMO1.out
#    Map file     =  
#        E:\1-source\2-A508_WCDMA_CORGET\PRJ\Debug\List\A508_DEMO1.map
#    Command line =  
#        E:\1-source\2-A508_WCDMA_CORGET\PRJ\Debug\Obj\ADC.o
#        E:\1-source\2-A508_WCDMA_CORGET\PRJ\Debug\Obj\ApiAtCmd.o
#        E:\1-source\2-A508_WCDMA_CORGET\PRJ\Debug\Obj\ApiBeidou.o
#        E:\1-source\2-A508_WCDMA_CORGET\PRJ\Debug\Obj\ApiDisplay.o
#        E:\1-source\2-A508_WCDMA_CORGET\PRJ\Debug\Obj\ApiGpsCmd.o
#        E:\1-source\2-A508_WCDMA_CORGET\PRJ\Debug\Obj\ApiKeyboard.o
#        E:\1-source\2-A508_WCDMA_CORGET\PRJ\Debug\Obj\ApiLED.o
#        E:\1-source\2-A508_WCDMA_CORGET\PRJ\Debug\Obj\ApiMenu.o
#        E:\1-source\2-A508_WCDMA_CORGET\PRJ\Debug\Obj\ApiPocCmd.o
#        E:\1-source\2-A508_WCDMA_CORGET\PRJ\Debug\Obj\Beep.o
#        E:\1-source\2-A508_WCDMA_CORGET\PRJ\Debug\Obj\CommonLib.o
#        E:\1-source\2-A508_WCDMA_CORGET\PRJ\Debug\Obj\Config.o
#        E:\1-source\2-A508_WCDMA_CORGET\PRJ\Debug\Obj\Delay.o
#        E:\1-source\2-A508_WCDMA_CORGET\PRJ\Debug\Obj\DrvGD83.o
#        E:\1-source\2-A508_WCDMA_CORGET\PRJ\Debug\Obj\DrvGT20L16S1Y.o
#        E:\1-source\2-A508_WCDMA_CORGET\PRJ\Debug\Obj\DrvHTG12832.o
#        E:\1-source\2-A508_WCDMA_CORGET\PRJ\Debug\Obj\DrvKeyboard.o
#        E:\1-source\2-A508_WCDMA_CORGET\PRJ\Debug\Obj\Flash_eeprom.o
#        E:\1-source\2-A508_WCDMA_CORGET\SRC\Syetem\GT20L16_STM8_DOUBLE_MEDIUM_IAR.a
#        E:\1-source\2-A508_WCDMA_CORGET\PRJ\Debug\Obj\GT20L16P1Y_D.o
#        E:\1-source\2-A508_WCDMA_CORGET\PRJ\Debug\Obj\KeyCmd.o
#        E:\1-source\2-A508_WCDMA_CORGET\PRJ\Debug\Obj\main.o
#        E:\1-source\2-A508_WCDMA_CORGET\PRJ\Debug\Obj\McuConfig.o
#        E:\1-source\2-A508_WCDMA_CORGET\PRJ\Debug\Obj\stm8s_adc2.o
#        E:\1-source\2-A508_WCDMA_CORGET\PRJ\Debug\Obj\stm8s_awu.o
#        E:\1-source\2-A508_WCDMA_CORGET\PRJ\Debug\Obj\stm8s_beep.o
#        E:\1-source\2-A508_WCDMA_CORGET\PRJ\Debug\Obj\stm8s_clk.o
#        E:\1-source\2-A508_WCDMA_CORGET\PRJ\Debug\Obj\stm8s_exti.o
#        E:\1-source\2-A508_WCDMA_CORGET\PRJ\Debug\Obj\stm8s_flash.o
#        E:\1-source\2-A508_WCDMA_CORGET\PRJ\Debug\Obj\stm8s_gpio.o
#        E:\1-source\2-A508_WCDMA_CORGET\PRJ\Debug\Obj\stm8s_i2c.o
#        E:\1-source\2-A508_WCDMA_CORGET\PRJ\Debug\Obj\stm8s_it.o
#        E:\1-source\2-A508_WCDMA_CORGET\PRJ\Debug\Obj\stm8s_itc.o
#        E:\1-source\2-A508_WCDMA_CORGET\PRJ\Debug\Obj\stm8s_iwdg.o
#        E:\1-source\2-A508_WCDMA_CORGET\PRJ\Debug\Obj\stm8s_rst.o
#        E:\1-source\2-A508_WCDMA_CORGET\PRJ\Debug\Obj\stm8s_spi.o
#        E:\1-source\2-A508_WCDMA_CORGET\PRJ\Debug\Obj\stm8s_tim1.o
#        E:\1-source\2-A508_WCDMA_CORGET\PRJ\Debug\Obj\stm8s_tim2.o
#        E:\1-source\2-A508_WCDMA_CORGET\PRJ\Debug\Obj\stm8s_tim3.o
#        E:\1-source\2-A508_WCDMA_CORGET\PRJ\Debug\Obj\stm8s_tim4.o
#        E:\1-source\2-A508_WCDMA_CORGET\PRJ\Debug\Obj\stm8s_uart1.o
#        E:\1-source\2-A508_WCDMA_CORGET\PRJ\Debug\Obj\stm8s_uart3.o
#        E:\1-source\2-A508_WCDMA_CORGET\PRJ\Debug\Obj\stm8s_wwdg.o
#        E:\1-source\2-A508_WCDMA_CORGET\PRJ\Debug\Obj\sysclock.o
#        E:\1-source\2-A508_WCDMA_CORGET\PRJ\Debug\Obj\System.o
#        E:\1-source\2-A508_WCDMA_CORGET\PRJ\Debug\Obj\Task.o
#        E:\1-source\2-A508_WCDMA_CORGET\PRJ\Debug\Obj\Tone.o
#        E:\1-source\2-A508_WCDMA_CORGET\PRJ\Debug\Obj\uart3.o
#        E:\1-source\2-A508_WCDMA_CORGET\PRJ\Debug\Obj\Voice.o --redirect
#        _Printf=_PrintfSmall --redirect _Scanf=_ScanfSmall -o
#        E:\1-source\2-A508_WCDMA_CORGET\PRJ\Debug\Exe\A508_DEMO1.out --map
#        E:\1-source\2-A508_WCDMA_CORGET\PRJ\Debug\List\A508_DEMO1.map --config
#        "C:\Program Files\IAR Systems\Embedded Workbench
#        7.3\stm8\config\lnkstm8s007c8.icf" --config_def _CSTACK_SIZE=0x100
#        --config_def _HEAP_SIZE=0x00 --entry __iar_program_start --debug_lib
#
###############################################################################

*******************************************************************************
*** RUNTIME MODEL ATTRIBUTES
***

__SystemLibrary            = DLib
__code_model               = medium_or_large
__core                     = stm8
__data_model               = medium
__dlib_file_descriptor     = 0
__dlib_full_locale_support = 0
__rt_version               = 4


*******************************************************************************
*** PLACEMENT SUMMARY
***

"A1":  place at start of [0x000000-0x0000ff] { rw section .vregs };
"A2":  place at end of [0x000000-0x0017ff] { block CSTACK };
"P2":  place in [from 0x000000 to 0x0017ff] {
          block HEAP, rw section __DLIB_PERTHREAD, rw section .far.bss,
          rw section .far.data, rw section .far.noinit,
          rw section .far_func.textrw, rw section .huge.bss,
          rw section .huge.data, rw section .huge.noinit,
          rw section .huge_func.textrw, rw section .iar.dynexit,
          rw section .near.bss, rw section .near.data, rw section .near.noinit,
          rw section .near_func.textrw };
"A3":  place at start of [0x008000-0x00ffff] { block INTVEC };
"P3":  place in [from 0x008000 to 0x00ffff] {
          ro section __DLIB_PERTHREAD_init, ro section .far.data_init,
          ro section .far_func.textrw_init, ro section .huge.data_init,
          ro section .huge_func.textrw_init, ro section .iar.init_table,
          ro section .init_array, ro section .near.data_init,
          ro section .near.rodata, ro section .near_func.text,
          ro section .near_func.textrw_init, ro section .tiny.data_init,
          ro section .tiny.rodata_init };
"P4":  place in [from 0x008000 to 0x00ffff repeat 2] {
          ro section .far.rodata, ro section .far_func.text };

  Section            Kind      Address    Size  Object
  -------            ----      -------    ----  ------
"A1":                                     0x10
  .vregs             uninit   0x000000    0x10  vregs.o [5]
                            - 0x000010    0x10

"P2", part 1 of 2:                        0x61
  P2-1                        0x000010    0x61  <Init block>
    .near.data       inited   0x000010     0x2  ApiAtCmd.o [1]
    .near.data       inited   0x000012     0x2  ApiAtCmd.o [1]
    .near.data       inited   0x000014     0x2  ApiAtCmd.o [1]
    .near.data       inited   0x000016     0x2  ApiAtCmd.o [1]
    .near.data       inited   0x000018     0x2  ApiAtCmd.o [1]
    .near.data       inited   0x00001a     0x2  ApiAtCmd.o [1]
    .near.data       inited   0x00001c     0x2  ApiAtCmd.o [1]
    .near.data       inited   0x00001e     0x2  ApiAtCmd.o [1]
    .near.data       inited   0x000020     0x2  ApiAtCmd.o [1]
    .near.data       inited   0x000022     0x2  ApiAtCmd.o [1]
    .near.data       inited   0x000024     0x2  ApiAtCmd.o [1]
    .near.data       inited   0x000026     0x2  ApiAtCmd.o [1]
    .near.data       inited   0x000028     0x1  ApiKeyboard.o [1]
    .near.data       inited   0x000029     0x1  ApiKeyboard.o [1]
    .near.data       inited   0x00002a     0x1  ApiKeyboard.o [1]
    .near.data       inited   0x00002b     0x1  ApiKeyboard.o [1]
    .near.data       inited   0x00002c     0x1  ApiKeyboard.o [1]
    .near.data       inited   0x00002d     0x2  ApiPocCmd.o [1]
    .near.data       inited   0x00002f     0x2  ApiPocCmd.o [1]
    .near.data       inited   0x000031     0x2  ApiPocCmd.o [1]
    .near.data       inited   0x000033     0x2  ApiPocCmd.o [1]
    .near.data       inited   0x000035     0x2  ApiPocCmd.o [1]
    .near.data       inited   0x000037     0x2  ApiPocCmd.o [1]
    .near.data       inited   0x000039     0x2  ApiPocCmd.o [1]
    .near.data       inited   0x00003b     0x2  ApiPocCmd.o [1]
    .near.data       inited   0x00003d     0x2  ApiPocCmd.o [1]
    .near.data       inited   0x00003f     0x2  ApiPocCmd.o [1]
    .near.data       inited   0x000041     0x2  ApiPocCmd.o [1]
    .near.data       inited   0x000043     0x2  DrvGD83.o [1]
    .near.data       inited   0x000045     0x2  DrvGD83.o [1]
    .near.data       inited   0x000047     0x2  DrvGD83.o [1]
    .near.data       inited   0x000049     0x2  DrvGD83.o [1]
    .near.data       inited   0x00004b     0x2  Task.o [1]
    .near.data       inited   0x00004d     0x2  Voice.o [1]
    .near.data       inited   0x00004f     0x2  Voice.o [1]
    .near.data       inited   0x000051     0x2  Voice.o [1]
    .near.data       inited   0x000053     0x2  Voice.o [1]
    .near.data       inited   0x000055     0x2  Voice.o [1]
    .near.data       inited   0x000057     0x2  Voice.o [1]
    .near.data       inited   0x000059     0x2  Voice.o [1]
    .near.data       inited   0x00005b     0x2  Voice.o [1]
    .near.data       inited   0x00005d     0x2  Voice.o [1]
    .near.data       inited   0x00005f     0x2  Voice.o [1]
    .near.data       inited   0x000061     0x2  Voice.o [1]
    .near.data       inited   0x000063     0x2  Voice.o [1]
    .near.data       inited   0x000065     0x2  Voice.o [1]
    .near.data       inited   0x000067     0x2  Voice.o [1]
    .near.data       inited   0x000069     0x2  Voice.o [1]
    .near.data       inited   0x00006b     0x2  Voice.o [1]
    .near.data       inited   0x00006d     0x2  Voice.o [1]
    .near.data       inited   0x00006f     0x2  Voice.o [1]
                            - 0x000071    0x61

"P2", part 2 of 2:                      0x15bc
  .near.bss          zero     0x000071   0xb95  ApiPocCmd.o [1]
  .near.bss          zero     0x000c06   0x478  DrvGD83.o [1]
  .near.bss          zero     0x00107e   0x200  ApiDisplay.o [1]
  .near.bss          zero     0x00127e   0x1c3  ApiGpsCmd.o [1]
  .near.bss          zero     0x001441    0x75  uart3.o [1]
  .near.bss          zero     0x0014b6    0x4b  ApiBeidou.o [1]
  .near.bss          zero     0x001501    0x40  ApiDisplay.o [1]
  .near.bss          zero     0x001541    0x25  ApiAtCmd.o [1]
  .near.bss          zero     0x001566    0x1e  Delay.o [1]
  .near.bss          zero     0x001584    0x1d  ApiBeidou.o [1]
  .near.bss          zero     0x0015a1    0x14  System.o [1]
  .near.bss          zero     0x0015b5    0x12  Beep.o [1]
  .near.bss          zero     0x0015c7    0x12  Tone.o [1]
  .near.bss          zero     0x0015d9     0x6  ApiBeidou.o [1]
  .near.bss          zero     0x0015df     0x6  Voice.o [1]
  .near.bss          zero     0x0015e5     0x4  uart3.o [1]
  .near.bss          zero     0x0015e9     0x3  Task.o [1]
  .near.bss          zero     0x0015ec     0x2  ApiDisplay.o [1]
  .near.bss          zero     0x0015ee     0x2  Delay.o [1]
  .near.bss          zero     0x0015f0     0x2  Delay.o [1]
  .near.bss          zero     0x0015f2     0x2  Delay.o [1]
  .near.bss          zero     0x0015f4     0x2  DrvHTG12832.o [1]
  .near.bss          zero     0x0015f6     0x1  ADC.o [1]
  .near.bss          zero     0x0015f7     0x1  ADC.o [1]
  .near.bss          zero     0x0015f8     0x1  ADC.o [1]
  .near.bss          zero     0x0015f9     0x1  ADC.o [1]
  .near.bss          zero     0x0015fa     0x1  ADC.o [1]
  .near.bss          zero     0x0015fb     0x1  ADC.o [1]
  .near.bss          zero     0x0015fc     0x1  ADC.o [1]
  .near.bss          zero     0x0015fd     0x1  ApiAtCmd.o [1]
  .near.bss          zero     0x0015fe     0x1  ApiBeidou.o [1]
  .near.bss          zero     0x0015ff     0x1  ApiGpsCmd.o [1]
  .near.bss          zero     0x001600     0x1  ApiGpsCmd.o [1]
  .near.bss          zero     0x001601     0x1  ApiGpsCmd.o [1]
  .near.bss          zero     0x001602     0x1  ApiKeyboard.o [1]
  .near.bss          zero     0x001603     0x1  ApiKeyboard.o [1]
  .near.bss          zero     0x001604     0x1  ApiKeyboard.o [1]
  .near.bss          zero     0x001605     0x1  ApiKeyboard.o [1]
  .near.bss          zero     0x001606     0x1  ApiKeyboard.o [1]
  .near.bss          zero     0x001607     0x1  ApiKeyboard.o [1]
  .near.bss          zero     0x001608     0x1  ApiKeyboard.o [1]
  .near.bss          zero     0x001609     0x1  ApiKeyboard.o [1]
  .near.bss          zero     0x00160a     0x1  ApiKeyboard.o [1]
  .near.bss          zero     0x00160b     0x1  ApiKeyboard.o [1]
  .near.bss          zero     0x00160c     0x1  ApiKeyboard.o [1]
  .near.bss          zero     0x00160d     0x1  ApiKeyboard.o [1]
  .near.bss          zero     0x00160e     0x1  ApiKeyboard.o [1]
  .near.bss          zero     0x00160f     0x1  ApiKeyboard.o [1]
  .near.bss          zero     0x001610     0x1  ApiKeyboard.o [1]
  .near.bss          zero     0x001611     0x1  ApiKeyboard.o [1]
  .near.bss          zero     0x001612     0x1  ApiKeyboard.o [1]
  .near.bss          zero     0x001613     0x1  ApiKeyboard.o [1]
  .near.bss          zero     0x001614     0x1  ApiKeyboard.o [1]
  .near.bss          zero     0x001615     0x1  ApiKeyboard.o [1]
  .near.bss          zero     0x001616     0x1  ApiKeyboard.o [1]
  .near.bss          zero     0x001617     0x1  ApiLED.o [1]
  .near.bss          zero     0x001618     0x1  ApiMenu.o [1]
  .near.bss          zero     0x001619     0x1  ApiMenu.o [1]
  .near.bss          zero     0x00161a     0x1  ApiMenu.o [1]
  .near.bss          zero     0x00161b     0x1  ApiMenu.o [1]
  .near.bss          zero     0x00161c     0x1  ApiMenu.o [1]
  .near.bss          zero     0x00161d     0x1  ApiMenu.o [1]
  .near.bss          zero     0x00161e     0x1  ApiMenu.o [1]
  .near.bss          zero     0x00161f     0x1  ApiMenu.o [1]
  .near.bss          zero     0x001620     0x1  Delay.o [1]
  .near.bss          zero     0x001621     0x1  Delay.o [1]
  .near.bss          zero     0x001622     0x1  DrvGD83.o [1]
  .near.bss          zero     0x001623     0x1  Task.o [1]
  .near.bss          zero     0x001624     0x1  Task.o [1]
  .near.bss          zero     0x001625     0x1  Task.o [1]
  .near.bss          zero     0x001626     0x1  Task.o [1]
  .near.bss          zero     0x001627     0x1  Task.o [1]
  .near.bss          zero     0x001628     0x1  Task.o [1]
  .near.bss          zero     0x001629     0x1  Task.o [1]
  .near.bss          zero     0x00162a     0x1  Task.o [1]
  .near.bss          zero     0x00162b     0x1  Task.o [1]
  .near.bss          zero     0x00162c     0x1  uart3.o [1]
                            - 0x00162d  0x15bc

"A2":                                    0x100
  CSTACK                      0x001700   0x100  <Block>
    CSTACK           uninit   0x001700   0x100  <Block tail>
                            - 0x001800   0x100

"A3":                                     0x80
  INTVEC                      0x008000    0x80  <Block>
    .intvec          const    0x008000    0x80  interrupt.o [5]
                            - 0x008080    0x80

"P3":                                   0x2c26
  .near.rodata       const    0x008080  0x1b00  GT20L16P1Y_D.o [1]
  .near.rodata       const    0x009b80   0x400  ApiDisplay.o [1]
  .near.rodata       const    0x009f80   0x1b0  GT20L16P1Y_D.o [1]
  .near.rodata       const    0x00a130   0x1b0  GT20L16P1Y_D.o [1]
  .near.rodata       const    0x00a2e0    0x65  Voice.o [1]
  Initializer bytes  const    0x00a345    0x61  <for P2-1>
  .near.rodata       const    0x00a3a6    0x5d  Voice.o [1]
  .near.rodata       const    0x00a403    0x55  Voice.o [1]
  .near.rodata       const    0x00a458    0x51  Voice.o [1]
  .near.rodata       const    0x00a4a9    0x51  Voice.o [1]
  .near.rodata       const    0x00a4fa    0x4d  Voice.o [1]
  .near.rodata       const    0x00a547    0x4d  Voice.o [1]
  .near.rodata       const    0x00a594    0x49  Voice.o [1]
  .near_func.text    const    0x00a5dd    0x40  ApiDisplay.o [1]
  .near.rodata       const    0x00a61d    0x3e  GT20L16P1Y.o [3]
  .near.rodata       const    0x00a65b    0x39  Voice.o [1]
  .near.rodata       const    0x00a694    0x39  Voice.o [1]
  .near.rodata       const    0x00a6cd    0x39  Voice.o [1]
  .near.rodata       const    0x00a706    0x35  Voice.o [1]
  .near.rodata       const    0x00a73b    0x35  Voice.o [1]
  .near.rodata       const    0x00a770    0x2d  Voice.o [1]
  .near.rodata       const    0x00a79d    0x2d  Voice.o [1]
  .near.rodata       const    0x00a7ca    0x29  Voice.o [1]
  .near.rodata       const    0x00a7f3    0x21  Voice.o [1]
  .iar.init_table    const    0x00a814    0x14  - Linker created -
  .near.rodata       const    0x00a828    0x20  KeyCmd.o [1]
  .near.rodata       const    0x00a848    0x18  Task.o [1]
  .near.rodata       const    0x00a860    0x15  Voice.o [1]
  .near.rodata       const    0x00a875    0x13  ApiAtCmd.o [1]
  .near.rodata       const    0x00a888    0x12  ApiMenu.o [1]
  .near.rodata       const    0x00a89a    0x12  ApiMenu.o [1]
  .near.rodata       const    0x00a8ac    0x11  ApiKeyboard.o [1]
  .near.rodata       const    0x00a8bd    0x11  ApiMenu.o [1]
  .near.rodata       const    0x00a8ce    0x11  ApiMenu.o [1]
  .near.rodata       const    0x00a8df    0x11  ApiMenu.o [1]
  .near.rodata       const    0x00a8f0    0x11  ApiMenu.o [1]
  .near.rodata       const    0x00a901    0x11  ApiMenu.o [1]
  .near.rodata       const    0x00a912    0x11  ApiMenu.o [1]
  .near.rodata       const    0x00a923    0x11  ApiMenu.o [1]
  .near.rodata       const    0x00a934    0x11  ApiMenu.o [1]
  .near.rodata       const    0x00a945    0x11  ApiMenu.o [1]
  .near.rodata       const    0x00a956    0x11  ApiMenu.o [1]
  .near.rodata       const    0x00a967    0x11  ApiMenu.o [1]
  .near.rodata       const    0x00a978    0x11  ApiMenu.o [1]
  .near.rodata       const    0x00a989    0x11  ApiMenu.o [1]
  .near.rodata       const    0x00a99a    0x11  ApiMenu.o [1]
  .near.rodata       const    0x00a9ab    0x11  ApiMenu.o [1]
  .near.rodata       const    0x00a9bc    0x11  ApiMenu.o [1]
  .near.rodata       const    0x00a9cd    0x11  ApiMenu.o [1]
  .near.rodata       const    0x00a9de    0x11  ApiMenu.o [1]
  .near.rodata       const    0x00a9ef    0x11  ApiMenu.o [1]
  .near.rodata       const    0x00aa00    0x11  ApiMenu.o [1]
  .near.rodata       const    0x00aa11    0x11  ApiMenu.o [1]
  .near.rodata       const    0x00aa22    0x11  ApiPocCmd.o [1]
  .near.rodata       const    0x00aa33    0x11  ApiPocCmd.o [1]
  .near.rodata       const    0x00aa44    0x11  CommonLib.o [1]
  .near.rodata       const    0x00aa55    0x11  Delay.o [1]
  .near.rodata       const    0x00aa66    0x11  Delay.o [1]
  .near.rodata       const    0x00aa77    0x11  Delay.o [1]
  .near.rodata       const    0x00aa88    0x11  KeyCmd.o [1]
  .near.rodata       const    0x00aa99    0x11  KeyCmd.o [1]
  .near.rodata       const    0x00aaaa    0x11  System.o [1]
  .near.rodata       const    0x00aabb    0x11  Task.o [1]
  .near.rodata       const    0x00aacc    0x11  Task.o [1]
  .near.rodata       const    0x00aadd    0x11  Task.o [1]
  .near.rodata       const    0x00aaee    0x11  Task.o [1]
  .near.rodata       const    0x00aaff    0x11  Task.o [1]
  .near.rodata       const    0x00ab10    0x10  ApiDisplay.o [1]
  .near.rodata       const    0x00ab20    0x10  ApiDisplay.o [1]
  .near.rodata       const    0x00ab30    0x10  ApiMenu.o [1]
  .near.rodata       const    0x00ab40    0x10  uart3.o [1]
  .near.rodata       const    0x00ab50     0xf  ApiPocCmd.o [1]
  .near.rodata       const    0x00ab5f     0xf  ApiPocCmd.o [1]
  .near.rodata       const    0x00ab6e     0xe  ApiAtCmd.o [1]
  .near.rodata       const    0x00ab7c     0xc  ApiAtCmd.o [1]
  .near.rodata       const    0x00ab88     0xc  ApiAtCmd.o [1]
  .near.rodata       const    0x00ab94     0xb  ApiPocCmd.o [1]
  .near.rodata       const    0x00ab9f     0xb  ApiPocCmd.o [1]
  .near.rodata       const    0x00abaa     0xb  ApiPocCmd.o [1]
  .near.rodata       const    0x00abb5     0xa  ApiAtCmd.o [1]
  .near.rodata       const    0x00abbf     0x9  ApiAtCmd.o [1]
  .near.rodata       const    0x00abc8     0x9  DrvGD83.o [1]
  .near.rodata       const    0x00abd1     0x8  ApiAtCmd.o [1]
  .near.rodata       const    0x00abd9     0x8  ApiAtCmd.o [1]
  .near.rodata       const    0x00abe1     0x8  ApiDisplay.o [1]
  .near.rodata       const    0x00abe9     0x8  ApiPocCmd.o [1]
  .near.rodata       const    0x00abf1     0x7  ApiAtCmd.o [1]
  .near.rodata       const    0x00abf8     0x7  ApiAtCmd.o [1]
  .near.rodata       const    0x00abff     0x7  ApiPocCmd.o [1]
  .near.rodata       const    0x00ac06     0x7  ApiPocCmd.o [1]
  .near.rodata       const    0x00ac0d     0x7  ApiPocCmd.o [1]
  .near.rodata       const    0x00ac14     0x7  ApiPocCmd.o [1]
  .near.rodata       const    0x00ac1b     0x7  ApiPocCmd.o [1]
  .near.rodata       const    0x00ac22     0x7  ApiPocCmd.o [1]
  .near.rodata       const    0x00ac29     0x7  ApiPocCmd.o [1]
  .near.rodata       const    0x00ac30     0x7  DrvGD83.o [1]
  .near.rodata       const    0x00ac37     0x6  ApiAtCmd.o [1]
  .near.rodata       const    0x00ac3d     0x6  DrvGD83.o [1]
  .near.rodata       const    0x00ac43     0x6  System.o [1]
  .near.rodata       const    0x00ac49     0x5  ApiAtCmd.o [1]
  .near.rodata       const    0x00ac4e     0x4  ApiMenu.o [1]
  .near.rodata       const    0x00ac52     0x4  ApiMenu.o [1]
  .near.rodata       const    0x00ac56     0x4  ApiMenu.o [1]
  .near.rodata       const    0x00ac5a     0x4  ApiMenu.o [1]
  .near.rodata       const    0x00ac5e     0x4  ApiMenu.o [1]
  .near.rodata       const    0x00ac62     0x4  ApiMenu.o [1]
  .near.rodata       const    0x00ac66     0x4  ApiMenu.o [1]
  .near.rodata       const    0x00ac6a     0x4  ApiMenu.o [1]
  .near.rodata       const    0x00ac6e     0x4  ApiMenu.o [1]
  .near.rodata       const    0x00ac72     0x4  ApiMenu.o [1]
  .near.rodata       const    0x00ac76     0x4  ApiMenu.o [1]
  .near.rodata       const    0x00ac7a     0x4  ApiMenu.o [1]
  .near.rodata       const    0x00ac7e     0x4  ApiMenu.o [1]
  .near.rodata       const    0x00ac82     0x4  ApiMenu.o [1]
  .near.rodata       const    0x00ac86     0x4  ApiMenu.o [1]
  .near.rodata       const    0x00ac8a     0x4  ApiPocCmd.o [1]
  .near.rodata       const    0x00ac8e     0x4  stm8s_clk.o [1]
  .near.rodata       const    0x00ac92     0x4  uart3.o [1]
  .near.rodata       const    0x00ac96     0x4  uart3.o [1]
  .near.rodata       const    0x00ac9a     0x3  ApiPocCmd.o [1]
  .near.rodata       const    0x00ac9d     0x3  DrvGD83.o [1]
  .near.rodata       const    0x00aca0     0x3  uart3.o [1]
  .near.rodata       const    0x00aca3     0x3  uart3.o [1]
                            - 0x00aca6  0x2c26

"P4", part 1 of 2:                      0x41a5
  .far_func.text     ro code  0x00aca6   0xa5c  ApiKeyboard.o [1]
  .far_func.text     ro code  0x00b702   0x823  DrvGD83.o [1]
  .far_func.text     ro code  0x00bf25   0x764  ApiPocCmd.o [1]
  .far_func.text     ro code  0x00c689   0x51a  ApiPocCmd.o [1]
  .far_func.text     ro code  0x00cba3   0x4ff  Delay.o [1]
  .far_func.text     ro code  0x00d0a2   0x45e  ApiGpsCmd.o [1]
  .far_func.text     ro code  0x00d500   0x3a1  Task.o [1]
  .far_func.text     ro code  0x00d8a1   0x386  ApiMenu.o [1]
  .far_func.text     ro code  0x00dc27   0x30f  Beep.o [1]
  .far_func.text     ro code  0x00df36   0x2ff  ApiGpsCmd.o [1]
  .far_func.text     ro code  0x00e235   0x2cd  GT20L16P1Y.o [3]
  .far_func.text     ro code  0x00e502   0x259  ADC.o [1]
  .far_func.text     ro code  0x00e75b   0x252  DrvHTG12832.o [1]
  .far_func.text     ro code  0x00e9ad   0x251  GT20L16P1Y.o [3]
  .far_func.text     ro code  0x00ebfe   0x24d  ApiGpsCmd.o [1]
                            - 0x00ee4b  0x41a5

"P4", part 2 of 2:                      0x5fb6
  .far_func.text     ro code  0x010000   0x249  Voice.o [1]
  .far_func.text     ro code  0x010249   0x22c  Config.o [1]
  .far_func.text     ro code  0x010475   0x21e  ApiMenu.o [1]
  .far_func.text     ro code  0x010693   0x211  DrvKeyboard.o [1]
  .far_func.text     ro code  0x0108a4   0x20b  float.o [5]
  .far_func.text     ro code  0x010aaf   0x1eb  ApiBeidou.o [1]
  .far_func.text     ro code  0x010c9a   0x1d4  ApiGpsCmd.o [1]
  .far_func.text     ro code  0x010e6e   0x1d4  Task.o [1]
  .far_func.text     ro code  0x011042   0x1b2  uart3.o [1]
  .far_func.text     ro code  0x0111f4   0x19f  long.o [5]
  .far_func.text     ro code  0x011393   0x185  GT20L16P1Y.o [3]
  .far_func.text     ro code  0x011518   0x165  ApiGpsCmd.o [1]
  .far_func.text     ro code  0x01167d   0x163  vreg_util.o [5]
  .far_func.text     ro code  0x0117e0   0x159  stm8s_uart1.o [1]
  .far_func.text     ro code  0x011939   0x155  ApiAtCmd.o [1]
  .far_func.text     ro code  0x011a8e   0x155  ApiMenu.o [1]
  .far_func.text     ro code  0x011be3   0x148  DrvKeyboard.o [1]
  .far_func.text     ro code  0x011d2b   0x13f  DrvKeyboard.o [1]
  .far_func.text     ro code  0x011e6a   0x13b  DrvGT20L16S1Y.o [1]
  .far_func.text     ro code  0x011fa5   0x134  CommonLib.o [1]
  .far_func.text     ro code  0x0120d9   0x134  DrvGT20L16S1Y.o [1]
  .far_func.text     ro code  0x01220d   0x12a  stm8s_uart3.o [1]
  .far_func.text     ro code  0x012337   0x125  System.o [1]
  .far_func.text     ro code  0x01245c   0x103  stm8s_itc.o [1]
  .far_func.text     ro code  0x01255f    0xfa  CommonLib.o [1]
  .far_func.text     ro code  0x012659    0xf3  uart3.o [1]
  .far_func.text     ro code  0x01274c    0xeb  DrvGD83.o [1]
  .far_func.text     ro code  0x012837    0xe9  uart3.o [1]
  .far_func.text     ro code  0x012920    0xe5  ApiKeyboard.o [1]
  .far_func.text     ro code  0x012a05    0xdf  uart3.o [1]
  .far_func.text     ro code  0x012ae4    0xd9  ApiDisplay.o [1]
  .far_func.text     ro code  0x012bbd    0xd0  ApiPocCmd.o [1]
  .far_func.text     ro code  0x012c8d    0xc8  ApiDisplay.o [1]
  .far_func.text     ro code  0x012d55    0xc3  ApiPocCmd.o [1]
  .far_func.text     ro code  0x012e18    0xc3  ApiPocCmd.o [1]
  .far_func.text     ro code  0x012edb    0xc0  ApiDisplay.o [1]
  .far_func.text     ro code  0x012f9b    0xba  uart3.o [1]
  .far_func.text     ro code  0x013055    0xb6  stm8s_uart3.o [1]
  .far_func.text     ro code  0x01310b    0xb5  ApiAtCmd.o [1]
  .far_func.text     ro code  0x0131c0    0xb2  CommonLib.o [1]
  .far_func.text     ro code  0x013272    0xb0  ApiDisplay.o [1]
  .far_func.text     ro code  0x013322    0xaf  stm8s_gpio.o [1]
  .far_func.text     ro code  0x0133d1    0xad  uart3.o [1]
  .far_func.text     ro code  0x01347e    0xa3  Delay.o [1]
  .far_func.text     ro code  0x013521    0xa2  stm8s_clk.o [1]
  .far_func.text     ro code  0x0135c3    0x99  stm8s_tim1.o [1]
  .far_func.text     ro code  0x01365c    0x97  ApiDisplay.o [1]
  .far_func.text     ro code  0x0136f3    0x96  CommonLib.o [1]
  .far_func.text     ro code  0x013789    0x96  DrvKeyboard.o [1]
  .far_func.text     ro code  0x01381f    0x95  uart3.o [1]
  .far_func.text     ro code  0x0138b4    0x93  ApiLED.o [1]
  .far_func.text     ro code  0x013947    0x92  stm8s_uart1.o [1]
  .far_func.text     ro code  0x0139d9    0x8f  uart3.o [1]
  .far_func.text     ro code  0x013a68    0x8e  ApiPocCmd.o [1]
  .far_func.text     ro code  0x013af6    0x8d  stm8s_uart3.o [1]
  .far_func.text     ro code  0x013b83    0x8c  ApiAtCmd.o [1]
  .far_func.text     ro code  0x013c0f    0x88  ApiDisplay.o [1]
  .far_func.text     ro code  0x013c97    0x84  Task.o [1]
  .far_func.text     ro code  0x013d1b    0x83  ApiBeidou.o [1]
  .far_func.text     ro code  0x013d9e    0x83  ApiPocCmd.o [1]
  .far_func.text     ro code  0x013e21    0x83  ApiPocCmd.o [1]
  .far_func.text     ro code  0x013ea4    0x82  stm8s_adc2.o [1]
  .far_func.text     ro code  0x013f26    0x80  DrvGD83.o [1]
  .far_func.text     ro code  0x013fa6    0x7b  ApiPocCmd.o [1]
  .far_func.text     ro code  0x014021    0x7b  ApiPocCmd.o [1]
  .far_func.text     ro code  0x01409c    0x73  ApiAtCmd.o [1]
  .far_func.text     ro code  0x01410f    0x73  Delay.o [1]
  .far_func.text     ro code  0x014182    0x72  DrvKeyboard.o [1]
  .far_func.text     ro code  0x0141f4    0x72  long_util.o [5]
  .far_func.text     ro code  0x014266    0x71  Voice.o [1]
  .far_func.text     ro code  0x0142d7    0x6e  uart3.o [1]
  .far_func.text     ro code  0x014345    0x6d  stm8s_uart1.o [1]
  .far_func.text     ro code  0x0143b2    0x6b  Tone.o [1]
  .far_func.text     ro code  0x01441d    0x69  uart3.o [1]
  .far_func.text     ro code  0x014486    0x67  ApiBeidou.o [1]
  .far_func.text     ro code  0x0144ed    0x65  ApiBeidou.o [1]
  .far_func.text     ro code  0x014552    0x65  Delay.o [1]
  .far_func.text     ro code  0x0145b7    0x64  ApiDisplay.o [1]
  .far_func.text     ro code  0x01461b    0x64  ApiGpsCmd.o [1]
  .far_func.text     ro code  0x01467f    0x64  CommonLib.o [1]
  .far_func.text     ro code  0x0146e3    0x61  ApiDisplay.o [1]
  .far_func.text     ro code  0x014744    0x61  KeyCmd.o [1]
  .far_func.text     ro code  0x0147a5    0x61  stm8s_tim1.o [1]
  .far_func.text     ro code  0x014806    0x5e  CommonLib.o [1]
  .far_func.text     ro code  0x014864    0x5d  short.o [5]
  .far_func.text     ro code  0x0148c1    0x5c  GT20L16P1Y_D.o [1]
  .far_func.text     ro code  0x01491d    0x5c  uart3.o [1]
  .far_func.text     ro code  0x014979    0x58  ApiPocCmd.o [1]
  .far_func.text     ro code  0x0149d1    0x58  stm8s_clk.o [1]
  .far_func.text     ro code  0x014a29    0x58  dc_util.o [5]
  .far_func.text     ro code  0x014a81    0x57  ApiDisplay.o [1]
  .far_func.text     ro code  0x014ad8    0x56  Tone.o [1]
  .far_func.text     ro code  0x014b2e    0x55  ApiBeidou.o [1]
  .far_func.text     ro code  0x014b83    0x55  Delay.o [1]
  .far_func.text     ro code  0x014bd8    0x54  stm8s_adc2.o [1]
  .far_func.text     ro code  0x014c2c    0x52  uart3.o [1]
  .far_func.text     ro code  0x014c7e    0x52  Voice.o [1]
  .far_func.text     ro code  0x014cd0    0x50  Flash_eeprom.o [1]
  .far_func.text     ro code  0x014d20    0x4f  ApiDisplay.o [1]
  .far_func.text     ro code  0x014d6f    0x4f  Flash_eeprom.o [1]
  .far_func.text     ro code  0x014dbe    0x4f  uart3.o [1]
  .far_func.text     ro code  0x014e0d    0x4e  ApiPocCmd.o [1]
  .far_func.text     ro code  0x014e5b    0x4e  ApiPocCmd.o [1]
  .far_func.text     ro code  0x014ea9    0x4e  ApiPocCmd.o [1]
  .far_func.text     ro code  0x014ef7    0x4e  CommonLib.o [1]
  .far_func.text     ro code  0x014f45    0x4a  DrvGD83.o [1]
  .far_func.text     ro code  0x014f8f    0x4a  DrvGD83.o [1]
  .far_func.text     ro code  0x014fd9    0x4a  DrvGD83.o [1]
  .far_func.text     ro code  0x015023    0x4a  DrvGD83.o [1]
  .far_func.text     ro code  0x01506d    0x49  stm8s_uart3.o [1]
  .far_func.text     ro code  0x0150b6    0x48  Flash_eeprom.o [1]
  .far_func.text     ro code  0x0150fe    0x48  GT20L16P1Y_D.o [1]
  .far_func.text     ro code  0x015146    0x48  GT20L16P1Y_D.o [1]
  .far_func.text     ro code  0x01518e    0x47  GT20L16P1Y.o [3]
  .far_func.text     ro code  0x0151d5    0x45  Flash_eeprom.o [1]
  .far_func.text     ro code  0x01521a    0x43  stm8s_tim1.o [1]
  .far_func.text     ro code  0x01525d    0x43  System.o [1]
  .far_func.text     ro code  0x0152a0    0x40  Task.o [1]
  .far_func.text     ro code  0x0152e0    0x3e  Flash_eeprom.o [1]
  .far_func.text     ro code  0x01531e    0x3d  DrvGD83.o [1]
  .far_func.text     ro code  0x01535b    0x3b  ADC.o [1]
  .far_func.text     ro code  0x015396    0x3b  McuConfig.o [1]
  .far_func.text     ro code  0x0153d1    0x39  uart3.o [1]
  .far_func.text     ro code  0x01540a    0x38  Beep.o [1]
  .far_func.text     ro code  0x015442    0x38  DrvGT20L16S1Y.o [1]
  .far_func.text     ro code  0x01547a    0x37  ApiPocCmd.o [1]
  .far_func.text     ro code  0x0154b1    0x36  stm8s_flash.o [1]
  .far_func.text     ro code  0x0154e7    0x36  sysclock.o [1]
  .far_func.text     ro code  0x01551d    0x36  memcmp.o [5]
  .far_func.text     ro code  0x015553    0x35  ApiPocCmd.o [1]
  .far_func.text     ro code  0x015588    0x34  McuConfig.o [1]
  .far_func.text     ro code  0x0155bc    0x32  stm8s_uart1.o [1]
  .far_func.text     ro code  0x0155ee    0x31  ApiDisplay.o [1]
  .far_func.text     ro code  0x01561f    0x31  main.o [1]
  .far_func.text     ro code  0x015650    0x30  ApiPocCmd.o [1]
  .far_func.text     ro code  0x015680    0x30  stm8s_adc2.o [1]
  .far_func.text     ro code  0x0156b0    0x2f  stm8s_adc2.o [1]
  .far_func.text     ro code  0x0156df    0x2e  ApiDisplay.o [1]
  .far_func.text     ro code  0x01570d    0x2d  stm8s_uart1.o [1]
  .far_func.text     ro code  0x01573a    0x2c  DrvGD83.o [1]
  .far_func.text     ro code  0x015766    0x2b  sysclock.o [1]
  .far_func.text     ro code  0x015791    0x2a  Task.o [1]
  .far_func.text     ro code  0x0157bb    0x29  Delay.o [1]
  .far_func.text     ro code  0x0157e4    0x29  McuConfig.o [1]
  .far_func.text     ro code  0x01580d    0x28  ApiAtCmd.o [1]
  .far_func.text     ro code  0x015835    0x28  ApiAtCmd.o [1]
  .far_func.text     ro code  0x01585d    0x28  stm8s_flash.o [1]
  .far_func.text     ro code  0x015885    0x28  init_small.o [5]
  .far_func.text     ro code  0x0158ad    0x27  ADC.o [1]
  .far_func.text     ro code  0x0158d4    0x27  McuConfig.o [1]
  .far_func.text     ro code  0x0158fb    0x26  GT20L16P1Y_D.o [1]
  .far_func.text     ro code  0x015921    0x26  stm8s_it.o [1]
  .far_func.text     ro code  0x015947    0x26  Tone.o [1]
  .far_func.text     ro code  0x01596d    0x26  memcpy.o [5]
  .far_func.text     ro code  0x015993    0x25  stm8s_flash.o [1]
  .far_func.text     ro code  0x0159b8    0x25  stm8s_uart3.o [1]
  .far_func.text     ro code  0x0159dd    0x25  move.o [5]
  .far_func.text     ro code  0x015a02    0x24  stm8s_tim1.o [1]
  .far_func.text     ro code  0x015a26    0x22  ADC.o [1]
  .far_func.text     ro code  0x015a48    0x21  ApiGpsCmd.o [1]
  .far_func.text     ro code  0x015a69    0x21  stm8s_adc2.o [1]
  .far_func.text     ro code  0x015a8a    0x21  stm8s_it.o [1]
  .far_func.text     ro code  0x015aab    0x20  KeyCmd.o [1]
  .far_func.text     ro code  0x015acb    0x1f  sysclock.o [1]
  .far_func.text     ro code  0x015aea    0x1e  init.o [5]
  .far_func.text     ro code  0x015b08    0x1e  init_small.o [5]
  .far_func.text     ro code  0x015b26    0x1d  Task.o [1]
  .far_func.text     ro code  0x015b43    0x1c  Beep.o [1]
  .far_func.text     ro code  0x015b5f    0x1c  Delay.o [1]
  .far_func.text     ro code  0x015b7b    0x1b  stm8s_it.o [1]
  .far_func.text     ro code  0x015b96    0x19  ApiAtCmd.o [1]
  .far_func.text     ro code  0x015baf    0x19  McuConfig.o [1]
  .far_func.text     ro code  0x015bc8    0x19  McuConfig.o [1]
  .far_func.text     ro code  0x015be1    0x19  McuConfig.o [1]
  .far_func.text     ro code  0x015bfa    0x19  McuConfig.o [1]
  .far_func.text     ro code  0x015c13    0x19  McuConfig.o [1]
  .far_func.text     ro code  0x015c2c    0x17  ApiDisplay.o [1]
  .far_func.text     ro code  0x015c43    0x17  ApiDisplay.o [1]
  .far_func.text     ro code  0x015c5a    0x17  cstartup.o [5]
  .far_func.text     ro code  0x015c71    0x17  memset.o [5]
  .far_func.text     ro code  0x015c88    0x16  KeyCmd.o [1]
  .far_func.text     ro code  0x015c9e    0x16  stm8s_flash.o [1]
  .far_func.text     ro code  0x015cb4    0x16  __dbg_xxexit.o [4]
  .far_func.text     ro code  0x015cca    0x15  ApiPocCmd.o [1]
  .far_func.text     ro code  0x015cdf    0x14  stm8s_flash.o [1]
  .far_func.text     ro code  0x015cf3    0x13  stm8s_adc2.o [1]
  .far_func.text     ro code  0x015d06    0x13  stm8s_clk.o [1]
  .far_func.text     ro code  0x015d19    0x13  stm8s_tim3.o [1]
  .far_func.text     ro code  0x015d2c    0x12  uart3.o [1]
  .far_func.text     ro code  0x015d3e    0x12  strlen.o [5]
  .far_func.text     ro code  0x015d50    0x10  ApiAtCmd.o [1]
  .far_func.text     ro code  0x015d60    0x10  uart3.o [1]
  .far_func.text     ro code  0x015d70     0xf  Voice.o [1]
  .far_func.text     ro code  0x015d7f     0xe  far_util.o [5]
  .far_func.text     ro code  0x015d8d     0xd  ApiAtCmd.o [1]
  .far_func.text     ro code  0x015d9a     0xd  McuConfig.o [1]
  .far_func.text     ro code  0x015da7     0xd  McuConfig.o [1]
  .far_func.text     ro code  0x015db4     0xd  McuConfig.o [1]
  .far_func.text     ro code  0x015dc1     0xd  McuConfig.o [1]
  .far_func.text     ro code  0x015dce     0xd  stm8s_adc2.o [1]
  .far_func.text     ro code  0x015ddb     0xd  stm8s_tim1.o [1]
  .far_func.text     ro code  0x015de8     0xd  stm8s_tim1.o [1]
  .far_func.text     ro code  0x015df5     0xd  stm8s_tim1.o [1]
  .far_func.text     ro code  0x015e02     0xd  stm8s_tim3.o [1]
  .far_func.text     ro code  0x015e0f     0xd  stm8s_tim3.o [1]
  .far_func.text     ro code  0x015e1c     0xd  stm8s_uart1.o [1]
  .far_func.text     ro code  0x015e29     0xd  stm8s_uart3.o [1]
  .far_func.text     ro code  0x015e36     0xc  ApiAtCmd.o [1]
  .far_func.text     ro code  0x015e42     0xc  ApiAtCmd.o [1]
  .far_func.text     ro code  0x015e4e     0xc  stm8s_tim3.o [1]
  .far_func.text     ro code  0x015e5a     0xb  ApiAtCmd.o [1]
  .far_func.text     ro code  0x015e65     0xb  ApiAtCmd.o [1]
  .far_func.text     ro code  0x015e70     0xb  stm8s_flash.o [1]
  .far_func.text     ro code  0x015e7b     0xa  ApiAtCmd.o [1]
  .far_func.text     ro code  0x015e85     0x9  stm8s_gpio.o [1]
  .far_func.text     ro code  0x015e8e     0x9  stm8s_tim3.o [1]
  .far_func.text     ro code  0x015e97     0x7  ApiBeidou.o [1]
  .far_func.text     ro code  0x015e9e     0x7  ApiBeidou.o [1]
  .far_func.text     ro code  0x015ea5     0x7  ApiBeidou.o [1]
  .far_func.text     ro code  0x015eac     0x7  ApiBeidou.o [1]
  .far_func.text     ro code  0x015eb3     0x7  ApiBeidou.o [1]
  .far_func.text     ro code  0x015eba     0x7  ApiPocCmd.o [1]
  .far_func.text     ro code  0x015ec1     0x7  ApiPocCmd.o [1]
  .far_func.text     ro code  0x015ec8     0x7  ApiPocCmd.o [1]
  .far_func.text     ro code  0x015ecf     0x7  ApiPocCmd.o [1]
  .far_func.text     ro code  0x015ed6     0x7  stm8s_flash.o [1]
  .far_func.text     ro code  0x015edd     0x7  stm8s_gpio.o [1]
  .far_func.text     ro code  0x015ee4     0x6  char.o [5]
  .far_func.text     ro code  0x015eea     0x6  cexit.o [5]
  .far_func.text     ro code  0x015ef0     0x5  ApiPocCmd.o [1]
  .far_func.text     ro code  0x015ef5     0x5  stm8s_adc2.o [1]
  .far_func.text     ro code  0x015efa     0x5  stm8s_flash.o [1]
  .far_func.text     ro code  0x015eff     0x5  stm8s_flash.o [1]
  .far_func.text     ro code  0x015f04     0x5  stm8s_tim3.o [1]
  .far_func.text     ro code  0x015f09     0x4  ApiAtCmd.o [1]
  .far_func.text     ro code  0x015f0d     0x4  ApiAtCmd.o [1]
  .far_func.text     ro code  0x015f11     0x4  ApiBeidou.o [1]
  .far_func.text     ro code  0x015f15     0x4  ApiPocCmd.o [1]
  .far_func.text     ro code  0x015f19     0x4  ApiPocCmd.o [1]
  .far_func.text     ro code  0x015f1d     0x4  ApiPocCmd.o [1]
  .far_func.text     ro code  0x015f21     0x4  ApiPocCmd.o [1]
  .far_func.text     ro code  0x015f25     0x4  ApiPocCmd.o [1]
  .far_func.text     ro code  0x015f29     0x4  ApiPocCmd.o [1]
  .far_func.text     ro code  0x015f2d     0x4  ApiPocCmd.o [1]
  .far_func.text     ro code  0x015f31     0x4  ApiPocCmd.o [1]
  .far_func.text     ro code  0x015f35     0x4  ApiPocCmd.o [1]
  .far_func.text     ro code  0x015f39     0x4  ApiPocCmd.o [1]
  .far_func.text     ro code  0x015f3d     0x4  ApiPocCmd.o [1]
  .far_func.text     ro code  0x015f41     0x4  ApiPocCmd.o [1]
  .far_func.text     ro code  0x015f45     0x4  ApiPocCmd.o [1]
  .far_func.text     ro code  0x015f49     0x4  ApiPocCmd.o [1]
  .far_func.text     ro code  0x015f4d     0x4  ApiPocCmd.o [1]
  .far_func.text     ro code  0x015f51     0x4  ApiPocCmd.o [1]
  .far_func.text     ro code  0x015f55     0x4  ApiPocCmd.o [1]
  .far_func.text     ro code  0x015f59     0x4  ApiPocCmd.o [1]
  .far_func.text     ro code  0x015f5d     0x4  ApiPocCmd.o [1]
  .far_func.text     ro code  0x015f61     0x4  ApiPocCmd.o [1]
  .far_func.text     ro code  0x015f65     0x4  stm8s_gpio.o [1]
  .far_func.text     ro code  0x015f69     0x4  stm8s_uart1.o [1]
  .far_func.text     ro code  0x015f6d     0x4  stm8s_uart1.o [1]
  .far_func.text     ro code  0x015f71     0x4  stm8s_uart3.o [1]
  .far_func.text     ro code  0x015f75     0x4  stm8s_uart3.o [1]
  .far_func.text     ro code  0x015f79     0x4  System.o [1]
  .far_func.text     ro code  0x015f7d     0x4  System.o [1]
  .far_func.text     ro code  0x015f81     0x4  Task.o [1]
  .far_func.text     ro code  0x015f85     0x4  Task.o [1]
  .far_func.text     ro code  0x015f89     0x4  Task.o [1]
  .far_func.text     ro code  0x015f8d     0x4  Task.o [1]
  .far_func.text     ro code  0x015f91     0x4  interrupt.o [5]
  .far_func.text     ro code  0x015f95     0x4  exit.o [5]
  .far_func.text     ro code  0x015f99     0x3  low_level_init.o [5]
  .far_func.text     ro code  0x015f9c     0x3  unhandled_exception.o [5]
  .far_func.text     ro code  0x015f9f     0x1  ApiKeyboard.o [1]
  .far_func.text     ro code  0x015fa0     0x1  stm8s_it.o [1]
  .far_func.text     ro code  0x015fa1     0x1  stm8s_it.o [1]
  .far_func.text     ro code  0x015fa2     0x1  stm8s_it.o [1]
  .far_func.text     ro code  0x015fa3     0x1  stm8s_it.o [1]
  .far_func.text     ro code  0x015fa4     0x1  stm8s_it.o [1]
  .far_func.text     ro code  0x015fa5     0x1  stm8s_it.o [1]
  .far_func.text     ro code  0x015fa6     0x1  stm8s_it.o [1]
  .far_func.text     ro code  0x015fa7     0x1  stm8s_it.o [1]
  .far_func.text     ro code  0x015fa8     0x1  stm8s_it.o [1]
  .far_func.text     ro code  0x015fa9     0x1  stm8s_it.o [1]
  .far_func.text     ro code  0x015faa     0x1  stm8s_it.o [1]
  .far_func.text     ro code  0x015fab     0x1  stm8s_it.o [1]
  .far_func.text     ro code  0x015fac     0x1  stm8s_it.o [1]
  .far_func.text     ro code  0x015fad     0x1  stm8s_it.o [1]
  .far_func.text     ro code  0x015fae     0x1  stm8s_it.o [1]
  .far_func.text     ro code  0x015faf     0x1  stm8s_it.o [1]
  .far_func.text     ro code  0x015fb0     0x1  stm8s_it.o [1]
  .far_func.text     ro code  0x015fb1     0x1  stm8s_it.o [1]
  .far_func.text     ro code  0x015fb2     0x1  stm8s_it.o [1]
  .far_func.text     ro code  0x015fb3     0x1  stm8s_it.o [1]
  .far_func.text     ro code  0x015fb4     0x1  stm8s_it.o [1]
  .far_func.text     ro code  0x015fb5     0x1  __dbg_break.o [4]
                            - 0x015fb6  0x5fb6


*******************************************************************************
*** INIT TABLE
***

          Address   Size
          -------   ----
Zero (__iar_zero_init2)
    1 destination range, total size 0x15bc:
          0x000071  0x15bc

Copy (__iar_copy_init2)
    1 source range, total size 0x61:
          0x00a345    0x61
    1 destination range, total size 0x61:
          0x000010    0x61



*******************************************************************************
*** MODULE SUMMARY
***

    Module                 ro code  ro data  rw data
    ------                 -------  -------  -------
E:\1-source\2-A508_WCDMA_CORGET\PRJ\Debug\Obj: [1]
    ADC.o                      733                 7
    ApiAtCmd.o                 975      141       62
    ApiBeidou.o                950               111
    ApiDisplay.o             1 576    1 128      578
    ApiGpsCmd.o              3 432               454
    ApiKeyboard.o            2 882       22       26
    ApiLED.o                   147                 1
    ApiMenu.o                1 785      469        8
    ApiPocCmd.o              5 058      183    2 987
    Beep.o                     867                18
    CommonLib.o              1 158       17
    Config.o                   556
    Delay.o                  1 812       51       38
    DrvGD83.o                2 847       33    1 153
    DrvGT20L16S1Y.o            679
    DrvHTG12832.o              594                 2
    DrvKeyboard.o            1 440
    Flash_eeprom.o             362
    GT20L16P1Y_D.o             274    7 776
    KeyCmd.o                   151       66
    McuConfig.o                368
    System.o                   368       23       20
    Task.o                   1 680      111       14
    Tone.o                     231                18
    Voice.o                    795    1 166       42
    main.o                      49
    stm8s_adc2.o               379
    stm8s_clk.o                269        4
    stm8s_flash.o              201
    stm8s_gpio.o               195
    stm8s_it.o                 119
    stm8s_itc.o                259
    stm8s_tim1.o               392
    stm8s_tim3.o                71
    stm8s_uart1.o              716
    stm8s_uart3.o              752
    sysclock.o                 128
    uart3.o                  2 343       30      122
    ------------------------------------------------
    Total:                  37 593   11 220    5 661

command line: [2]
    ------------------------------------------------
    Total:

GT20L16_STM8_DOUBLE_MEDIUM_IAR.a: [3]
    GT20L16P1Y.o             1 770       62
    ------------------------------------------------
    Total:                   1 770       62

dbgstm8mmd.a: [4]
    __dbg_break.o                1
    __dbg_xxexit.o              22
    ------------------------------------------------
    Total:                      23

dlstm8mmn.a: [5]
    cexit.o                      6
    char.o                       6
    cstartup.o                  23
    dc_util.o                   88
    exit.o                       4
    far_util.o                  14
    float.o                    523
    init.o                      30
    init_small.o                70
    interrupt.o                  4      128
    long.o                     415
    long_util.o                114
    low_level_init.o             3
    memcmp.o                    54
    memcpy.o                    38
    memset.o                    23
    move.o                      37
    short.o                     93
    strlen.o                    18
    unhandled_exception.o        3
    vreg_util.o                355
    vregs.o                                       16
    ------------------------------------------------
    Total:                   1 921      128       16

    Linker created                       20      256
----------------------------------------------------
    Grand Total:            41 307   11 430    5 933


*******************************************************************************
*** ENTRY LIST
***

Entry                    Address    Size  Type      Object
-----                    -------    ----  ----      ------
.iar.init_table$$Base   0x00a814           --   Gb  - Linker created -
.iar.init_table$$Limit  0x00a828           --   Gb  - Linker created -
?add32_l0_l0_0x         0x0111f7          Code  Gb  long.o [5]
?add32_l0_l0_l1         0x0111f4          Code  Gb  long.o [5]
?and32_l0_l0_0x         0x011333          Code  Gb  long.o [5]
?and32_l0_l0_l1         0x011330          Code  Gb  long.o [5]
?b0                     0x000000          Data  Gb  vregs.o [5]
?b1                     0x000001          Data  Gb  vregs.o [5]
?b10                    0x00000a          Data  Gb  vregs.o [5]
?b11                    0x00000b          Data  Gb  vregs.o [5]
?b12                    0x00000c          Data  Gb  vregs.o [5]
?b13                    0x00000d          Data  Gb  vregs.o [5]
?b14                    0x00000e          Data  Gb  vregs.o [5]
?b15                    0x00000f          Data  Gb  vregs.o [5]
?b2                     0x000002          Data  Gb  vregs.o [5]
?b3                     0x000003          Data  Gb  vregs.o [5]
?b4                     0x000004          Data  Gb  vregs.o [5]
?b5                     0x000005          Data  Gb  vregs.o [5]
?b6                     0x000006          Data  Gb  vregs.o [5]
?b7                     0x000007          Data  Gb  vregs.o [5]
?b8                     0x000008          Data  Gb  vregs.o [5]
?b9                     0x000009          Data  Gb  vregs.o [5]
?dc32_l0                0x014a29          Code  Gb  dc_util.o [5]
?dc32_l1                0x014a55          Code  Gb  dc_util.o [5]
?e0                     0x000001          Data  Gb  vregs.o [5]
?e1                     0x000005          Data  Gb  vregs.o [5]
?e2                     0x000009          Data  Gb  vregs.o [5]
?e3                     0x00000d          Data  Gb  vregs.o [5]
?epilogue_l2            0x011735          Code  Gb  vreg_util.o [5]
?epilogue_l2_l3         0x011731          Code  Gb  vreg_util.o [5]
?epilogue_l2_w6         0x01173a          Code  Gb  vreg_util.o [5]
?epilogue_w4            0x011743          Code  Gb  vreg_util.o [5]
?fcastf32u32_l0_l0      0x010974          Code  Gb  float.o [5]
?fcasts16f32_x_l0       0x01093f          Code  Gb  float.o [5]
?fmul32_l0_l0_dc32      0x0108a4          Code  Gb  float.o [5]
?fmul32_l0_l0_l1        0x0108aa          Code  Gb  float.o [5]
?l0                     0x000000          Data  Gb  vregs.o [5]
?l1                     0x000004          Data  Gb  vregs.o [5]
?l2                     0x000008          Data  Gb  vregs.o [5]
?l3                     0x00000c          Data  Gb  vregs.o [5]
?load24_e1_0x           0x015d7f          Code  Gb  far_util.o [5]
?load32_0x_l0           0x01424a          Code  Gb  long_util.o [5]
?load32_0x_l2           0x014258          Code  Gb  long_util.o [5]
?load32_l0_0x           0x01420e          Code  Gb  long_util.o [5]
?load32_l0_asp          0x014202          Code  Gb  long_util.o [5]
?load32_l0_dbsp         0x0141f4          Code  Gb  long_util.o [5]
?load32_l0_xsp          0x014204          Code  Gb  long_util.o [5]
?load32_l1_0x           0x014234          Code  Gb  long_util.o [5]
?load32_l1_asp          0x014228          Code  Gb  long_util.o [5]
?load32_l1_dbsp         0x01421a          Code  Gb  long_util.o [5]
?load32_l1_xsp          0x01422a          Code  Gb  long_util.o [5]
?load32_xsp_l0          0x014240          Code  Gb  long_util.o [5]
?longfarg16_v_w0_a      0x0159ea          Code  Gb  move.o [5]
?longfarg16_v_w0_x      0x0159ec          Code  Gb  move.o [5]
?mov_e0_e1              0x011767          Code  Gb  vreg_util.o [5]
?mov_e0_e2              0x011774          Code  Gb  vreg_util.o [5]
?mov_e0_e3              0x011781          Code  Gb  vreg_util.o [5]
?mov_e1_e0              0x01178e          Code  Gb  vreg_util.o [5]
?mov_e1_e2              0x01179b          Code  Gb  vreg_util.o [5]
?mov_e1_e3              0x0117a8          Code  Gb  vreg_util.o [5]
?mov_e2_e0              0x0117b5          Code  Gb  vreg_util.o [5]
?mov_e3_e0              0x0117c9          Code  Gb  vreg_util.o [5]
?mov_e3_e1              0x0117d6          Code  Gb  vreg_util.o [5]
?mov_l0_l1              0x011764          Code  Gb  vreg_util.o [5]
?mov_l0_l2              0x011771          Code  Gb  vreg_util.o [5]
?mov_l0_l3              0x01177e          Code  Gb  vreg_util.o [5]
?mov_l1_l0              0x01178b          Code  Gb  vreg_util.o [5]
?mov_l1_l2              0x011798          Code  Gb  vreg_util.o [5]
?mov_l1_l3              0x0117a5          Code  Gb  vreg_util.o [5]
?mov_l2_l0              0x0117b2          Code  Gb  vreg_util.o [5]
?mov_l3_l0              0x0117c6          Code  Gb  vreg_util.o [5]
?mov_l3_l1              0x0117d3          Code  Gb  vreg_util.o [5]
?mov_w1_w3              0x01176a          Code  Gb  vreg_util.o [5]
?mov_w1_w4              0x011748          Code  Gb  vreg_util.o [5]
?mov_w1_w5              0x011777          Code  Gb  vreg_util.o [5]
?mov_w1_w7              0x011784          Code  Gb  vreg_util.o [5]
?mov_w2_w1              0x01174f          Code  Gb  vreg_util.o [5]
?mov_w3_w1              0x011791          Code  Gb  vreg_util.o [5]
?mov_w3_w5              0x01179e          Code  Gb  vreg_util.o [5]
?mov_w3_w7              0x0117ab          Code  Gb  vreg_util.o [5]
?mov_w4_w1              0x011756          Code  Gb  vreg_util.o [5]
?mov_w5_w1              0x0117b8          Code  Gb  vreg_util.o [5]
?mov_w5_w3              0x0117bf          Code  Gb  vreg_util.o [5]
?mov_w6_w0              0x01175d          Code  Gb  vreg_util.o [5]
?mov_w7_w1              0x0117cc          Code  Gb  vreg_util.o [5]
?mov_w7_w3              0x0117d9          Code  Gb  vreg_util.o [5]
?move1616_v_x_y_a       0x0159dd          Code  Gb  move.o [5]
?mul16_x_x_w0           0x014864          Code  Gb  short.o [5]
?mul32_l0_l0_l1         0x01122a          Code  Gb  long.o [5]
?or32_l0_l0_0x          0x01134e          Code  Gb  long.o [5]
?or32_l0_l0_l1          0x01134b          Code  Gb  long.o [5]
?pop_l0                 0x0116f9          Code  Gb  vreg_util.o [5]
?pop_l1                 0x011704          Code  Gb  vreg_util.o [5]
?pop_l2                 0x01170f          Code  Gb  vreg_util.o [5]
?pop_l3                 0x01171a          Code  Gb  vreg_util.o [5]
?pop_w4                 0x0116a3          Code  Gb  vreg_util.o [5]
?pop_w5                 0x0116aa          Code  Gb  vreg_util.o [5]
?pop_w6                 0x0116b1          Code  Gb  vreg_util.o [5]
?push_l0                0x0116c4          Code  Gb  vreg_util.o [5]
?push_l1                0x0116c9          Code  Gb  vreg_util.o [5]
?push_l2                0x0116ce          Code  Gb  vreg_util.o [5]
?push_l3                0x0116d3          Code  Gb  vreg_util.o [5]
?push_w4                0x01167d          Code  Gb  vreg_util.o [5]
?push_w5                0x011682          Code  Gb  vreg_util.o [5]
?push_w6                0x011687          Code  Gb  vreg_util.o [5]
?sdiv16_x_x_y           0x014882          Code  Gb  short.o [5]
?sext16_x_a             0x0148ba          Code  Gb  short.o [5]
?sext32_l0_x            0x011388          Code  Gb  long.o [5]
?sll16_x_x_4            0x0148b5          Code  Gb  short.o [5]
?sll16_x_x_5            0x0148b4          Code  Gb  short.o [5]
?sll16_x_x_6            0x0148b3          Code  Gb  short.o [5]
?sll16_x_x_a            0x0148ab          Code  Gb  short.o [5]
?sll32_0x_0x_a          0x011369          Code  Gb  long.o [5]
?sll32_l0_l0_a          0x011366          Code  Gb  long.o [5]
?smod16_y_x_y           0x01489b          Code  Gb  short.o [5]
?srl32_0x_0x_a          0x01137a          Code  Gb  long.o [5]
?srl32_l0_l0_a          0x011377          Code  Gb  long.o [5]
?srl8_a_a_5             0x015ee5          Code  Gb  char.o [5]
?srl8_a_a_6             0x015ee4          Code  Gb  char.o [5]
?sub32_l0_l0_0x         0x011212          Code  Gb  long.o [5]
?sub32_l0_l0_l1         0x01120f          Code  Gb  long.o [5]
?ucmp32_c_l0_l1         0x011325          Code  Gb  long.o [5]
?udiv32_l0_dl_l1        0x0112ae          Code  Gb  long.o [5]
?udiv32_l0_l0_dl        0x0112b4          Code  Gb  long.o [5]
?udiv32_l0_l0_l1        0x0112b8          Code  Gb  long.o [5]
?umod32_l1_l0_dl        0x0112a8          Code  Gb  long.o [5]
?umod32_l1_l0_l1        0x0112b8          Code  Gb  long.o [5]
?w0                     0x000000          Data  Gb  vregs.o [5]
?w1                     0x000002          Data  Gb  vregs.o [5]
?w2                     0x000004          Data  Gb  vregs.o [5]
?w3                     0x000006          Data  Gb  vregs.o [5]
?w4                     0x000008          Data  Gb  vregs.o [5]
?w5                     0x00000a          Data  Gb  vregs.o [5]
?w6                     0x00000c          Data  Gb  vregs.o [5]
?w7                     0x00000e          Data  Gb  vregs.o [5]
ADC2_Cmd                0x015dce     0xd  Code  Gb  stm8s_adc2.o [1]
ADC2_ConversionConfig   0x0156b0    0x2f  Code  Gb  stm8s_adc2.o [1]
ADC2_ExternalTriggerConfig
                        0x015a69    0x21  Code  Gb  stm8s_adc2.o [1]
ADC2_GetConversionValue
                        0x014bd8    0x54  Code  Gb  stm8s_adc2.o [1]
ADC2_IRQHandler         0x015fb2     0x1  Code  Gb  stm8s_it.o [1]
ADC2_Init               0x015680    0x30  Code  Gb  stm8s_adc2.o [1]
ADC2_PrescalerConfig    0x015cf3    0x13  Code  Gb  stm8s_adc2.o [1]
ADC2_SchmittTriggerConfig
                        0x013ea4    0x82  Code  Gb  stm8s_adc2.o [1]
ADC2_StartConversion    0x015ef5     0x5  Code  Gb  stm8s_adc2.o [1]
ADC_Init                0x015a26    0x22  Code  Gb  ADC.o [1]
AF_Mute_Init            0x015da7     0xd  Code  Gb  McuConfig.o [1]
AUDIO_IOAFMUT           0x015bfa    0x19  Code  Gb  McuConfig.o [1]
AUDIO_IOAFPOW           0x015c13    0x19  Code  Gb  McuConfig.o [1]
AWU_IRQHandler          0x015fa2     0x1  Code  Gb  stm8s_it.o [1]
AkeyvolumeCount         0x000029     0x1  Data  Gb  ApiKeyboard.o [1]
ApGpsCmd_10msRenew      0x015a48    0x21  Code  Gb  ApiGpsCmd.o [1]
ApiAtCmd_100msRenew     0x015f09     0x4  Code  Gb  ApiAtCmd.o [1]
ApiAtCmd_10msRenew      0x011939   0x155  Code  Gb  ApiAtCmd.o [1]
ApiAtCmd_CSQValue       0x015f0d     0x4  Code  Gb  ApiAtCmd.o [1]
ApiAtCmd_PlayVoice      0x01409c    0x73  Code  Gb  ApiAtCmd.o [1]
ApiAtCmd_PowerOnInitial
                        0x015b96    0x19  Code  Gb  ApiAtCmd.o [1]
ApiAtCmd_WritCommand    0x013b83    0x8c  Code  Gb  ApiAtCmd.o [1]
ApiAtCmd_bCardIn        0x015e7b     0xa  Code  Gb  ApiAtCmd.o [1]
ApiAtCmd_bNoCard        0x015e65     0xb  Code  Gb  ApiAtCmd.o [1]
ApiAtCmd_bPPPStatusOpen
                        0x015e36     0xc  Code  Gb  ApiAtCmd.o [1]
ApiAtCmd_bStartingUp    0x015e5a     0xb  Code  Gb  ApiAtCmd.o [1]
ApiAtCmd_bZTTSStates    0x015e42     0xc  Code  Gb  ApiAtCmd.o [1]
ApiAtCmd_bZTTSStates_Intermediate
                        0x015d8d     0xd  Code  Gb  ApiAtCmd.o [1]
ApiBeidou_Get_location_Information
                        0x010aaf   0x1eb  Code  Gb  ApiBeidou.o [1]
ApiBeidou_PowerOnInitial
                        0x014b2e    0x55  Code  Gb  ApiBeidou.o [1]
ApiCaretCmd_10msRenew   0x015d50    0x10  Code  Gb  ApiAtCmd.o [1]
ApiGpsCmd_100msRenew    0x00d341   0x1bf  Code  Gb  ApiGpsCmd.o [1]
ApiGpsCmd_PowerOnInitial
                        0x010c9a   0x1d4  Code  Gb  ApiGpsCmd.o [1]
ApiMenu_BacklightTimeSet_Flag
                        0x00161d     0x1  Data  Gb  ApiMenu.o [1]
ApiMenu_BeiDouOrWritingFrequency_Flag
                        0x00161f     0x1  Data  Gb  ApiMenu.o [1]
ApiMenu_GpsInfo_Flag    0x00161b     0x1  Data  Gb  ApiMenu.o [1]
ApiMenu_KeylockTimeSet_Flag
                        0x00161e     0x1  Data  Gb  ApiMenu.o [1]
ApiMenu_NativeInfo_Flag
                        0x00161c     0x1  Data  Gb  ApiMenu.o [1]
ApiMenu_SwitchCallUser_Flag
                        0x001619     0x1  Data  Gb  ApiMenu.o [1]
ApiMenu_SwitchGroup_Flag
                        0x001618     0x1  Data  Gb  ApiMenu.o [1]
ApiMenu_SwitchOnlineUser_Flag
                        0x00161a     0x1  Data  Gb  ApiMenu.o [1]
ApiPocCmd_10msRenew     0x00bf25   0x764  Code  Gb  ApiPocCmd.o [1]
ApiPocCmd_GroupStates   0x015f15     0x4  Code  Gb  ApiPocCmd.o [1]
ApiPocCmd_GroupStatesSet
                        0x015f19     0x4  Code  Gb  ApiPocCmd.o [1]
ApiPocCmd_KeyPttState   0x015f1d     0x4  Code  Gb  ApiPocCmd.o [1]
ApiPocCmd_PowerOnInitial
                        0x014979    0x58  Code  Gb  ApiPocCmd.o [1]
ApiPocCmd_ReceivedVoicePlayStates
                        0x015f25     0x4  Code  Gb  ApiPocCmd.o [1]
ApiPocCmd_ReceivedVoicePlayStatesForDisplay
                        0x015f2d     0x4  Code  Gb  ApiPocCmd.o [1]
ApiPocCmd_ReceivedVoicePlayStatesForDisplaySet
                        0x015f31     0x4  Code  Gb  ApiPocCmd.o [1]
ApiPocCmd_ReceivedVoicePlayStatesForLED
                        0x015f3d     0x4  Code  Gb  ApiPocCmd.o [1]
ApiPocCmd_ReceivedVoicePlayStatesIntermediate
                        0x015f35     0x4  Code  Gb  ApiPocCmd.o [1]
ApiPocCmd_ReceivedVoicePlayStatesIntermediateSet
                        0x015f39     0x4  Code  Gb  ApiPocCmd.o [1]
ApiPocCmd_ReceivedVoicePlayStatesSet
                        0x015f29     0x4  Code  Gb  ApiPocCmd.o [1]
ApiPocCmd_SetKeyPttState
                        0x015f21     0x4  Code  Gb  ApiPocCmd.o [1]
ApiPocCmd_ToneState     0x015f49     0x4  Code  Gb  ApiPocCmd.o [1]
ApiPocCmd_ToneStateIntermediate
                        0x015f41     0x4  Code  Gb  ApiPocCmd.o [1]
ApiPocCmd_ToneStateIntermediateSet
                        0x015f45     0x4  Code  Gb  ApiPocCmd.o [1]
ApiPocCmd_ToneStateSet  0x015f4d     0x4  Code  Gb  ApiPocCmd.o [1]
ApiPocCmd_WritCommand   0x00c689   0x51a  Code  Gb  ApiPocCmd.o [1]
ApiPocCmd_user_info_get
                        0x015553    0x35  Code  Gb  ApiPocCmd.o [1]
ApiPocCmd_user_info_set
                        0x012bbd    0xd0  Code  Gb  ApiPocCmd.o [1]
AtCmdDrvobj             0x001541    0x25  Data  Lc  ApiAtCmd.o [1]
AtNotify_Queue          0x00b79c    0x4d  Code  Lc  DrvGD83.o [1]
AtNotify_Queue_Start    0x00b7e9    0x56  Code  Lc  DrvGD83.o [1]
BEEP_Interrupt10ms      0x015b43    0x1c  Code  Gb  Beep.o [1]
BEEP_PowerOnInitial     0x00de63    0xd3  Code  Gb  Beep.o [1]
BEEP_SetOutput          0x00dc27   0x23c  Code  Gb  Beep.o [1]
BEEP_Time               0x01540a    0x38  Code  Gb  Beep.o [1]
BacklightTimeCount      0x001621     0x1  Data  Gb  Delay.o [1]
BacklightTimeSetCount   0x00002c     0x1  Data  Gb  ApiKeyboard.o [1]
BatteryLevel            0x0015f6     0x1  Data  Gb  ADC.o [1]
BeepDrvObj              0x0015b5    0x12  Data  Lc  Beep.o [1]
BeidouFunDrvObj         0x001584    0x1d  Data  Lc  ApiBeidou.o [1]
BeidouRxData            0x0014b6    0x4b  Data  Gb  ApiBeidou.o [1]
BeidouRxDataLen         0x0015fe     0x1  Data  Gb  ApiBeidou.o [1]
BitTab                  0x00abe1     0x8  Data  Gb  ApiDisplay.o [1]
CFG_GetCurAdr           0x010249   0x22c  Code  Gb  Config.o [1]
CHAR_HIGH               0x00ab10    0x10  Data  Gb  ApiDisplay.o [1]
CHAR_TO_DIV_CHAR        0x013d1b    0x83  Code  Gb  ApiBeidou.o [1]
CHAR_TO_Digital         0x014486    0x67  Code  Gb  ApiBeidou.o [1]
CHAR_WIDTH              0x00ab20    0x10  Data  Gb  ApiDisplay.o [1]
CLK_ClockSwitchConfig   0x013521    0xa2  Code  Gb  stm8s_clk.o [1]
CLK_GetClockFreq        0x0149d1    0x58  Code  Gb  stm8s_clk.o [1]
CLK_HSIPrescalerConfig  0x015d06    0x13  Code  Gb  stm8s_clk.o [1]
CLK_IRQHandler          0x015fa3     0x1  Code  Gb  stm8s_it.o [1]
COMLHexArray2String     0x01461b    0x64  Code  Lc  ApiGpsCmd.o [1]
COML_AscToHex           0x01255f    0xfa  Code  Gb  CommonLib.o [1]
COML_DecToAsc           0x01467f    0x64  Code  Gb  CommonLib.o [1]
COML_HexToAsc           0x0131c0    0xb2  Code  Gb  CommonLib.o [1]
COML_HexToAsc2          0x0136f3    0x96  Code  Gb  CommonLib.o [1]
COML_StringReverse      0x014806    0x5e  Code  Gb  CommonLib.o [1]
CSTACK$$Base            0x001700           --   Gb  - Linker created -
CSTACK$$Limit           0x001800           --   Gb  - Linker created -
C_TEST_OUT_SET          0x015dc1     0xd  Code  Gb  McuConfig.o [1]
CaretNotify_Queue       0x00b702    0x4d  Code  Lc  DrvGD83.o [1]
CaretNotify_Queue_Start
                        0x00b895    0x56  Code  Lc  DrvGD83.o [1]
CharCode                0x0015ec     0x2  Data  Gb  ApiDisplay.o [1]
Combine2Hex             0x011fa5   0x134  Code  Gb  CommonLib.o [1]
Count                   0x0015f7     0x1  Data  Gb  ADC.o [1]
Count2                  0x0015f8     0x1  Data  Gb  ADC.o [1]
Count3                  0x0015f9     0x1  Data  Gb  ADC.o [1]
DEL_100msProcess        0x00d015    0x54  Code  Lc  Delay.o [1]
DEL_10msProcess         0x00d069    0x1d  Code  Lc  Delay.o [1]
DEL_1msProcess          0x00d086     0xc  Code  Lc  Delay.o [1]
DEL_500msProcess        0x00cba3   0x472  Code  Lc  Delay.o [1]
DEL_GetTimer            0x014b83    0x55  Code  Gb  Delay.o [1]
DEL_Interrupt           0x01347e    0xa3  Code  Gb  Delay.o [1]
DEL_PowerOnInitial      0x014552    0x65  Code  Gb  Delay.o [1]
DEL_Renew               0x00d092    0x10  Code  Gb  Delay.o [1]
DEL_SetTimer            0x01410f    0x73  Code  Gb  Delay.o [1]
DEL_Soft1ms             0x015b5f    0x1c  Code  Gb  Delay.o [1]
DEL_TimerRenew          0x0157bb    0x29  Code  Lc  Delay.o [1]
DISP_DataBuf            0x012c8d    0xc8  Code  Lc  ApiDisplay.o [1]
DISP_MulTypePro         0x012edb    0xc0  Code  Lc  ApiDisplay.o [1]
DISP_MulTypePro2        0x012ae4    0xd9  Code  Lc  ApiDisplay.o [1]
Dec2Hex                 0x014ef7    0x4e  Code  Gb  CommonLib.o [1]
DefaultSystemClockForHSI
                        0x015acb    0x1f  Code  Gb  sysclock.o [1]
DelDrvObj               0x001566    0x1e  Data  Lc  Delay.o [1]
Delay_100ms             0x0152a0    0x40  Code  Gb  Task.o [1]
Digital_TO_CHAR         0x0144ed    0x65  Code  Gb  ApiBeidou.o [1]
DisDataBit              0x001501    0x40  Data  Gb  ApiDisplay.o [1]
DisDataBuf              0x00107e   0x200  Data  Gb  ApiDisplay.o [1]
DrvGD83DrvObj           0x000c06   0x478  Data  Lc  DrvGD83.o [1]
DrvGD83_UART_TxCommand  0x013f26    0x80  Code  Gb  DrvGD83.o [1]
DrvMC8332_AtNotify_Queue_front
                        0x014f8f    0x4a  Code  Gb  DrvGD83.o [1]
DrvMC8332_CaretNotify_Queue_front
                        0x014f45    0x4a  Code  Gb  DrvGD83.o [1]
DrvMC8332_GpsNotify_Queue_front
                        0x015023    0x4a  Code  Gb  DrvGD83.o [1]
DrvMC8332_PocNotify_Queue_front
                        0x014fd9    0x4a  Code  Gb  DrvGD83.o [1]
DrvMC8332_Software_Initial
                        0x01531e    0x3d  Code  Gb  DrvGD83.o [1]
DrvMC8332_TxPort_SetValidable
                        0x01573a    0x2c  Code  Gb  DrvGD83.o [1]
DrvMC8332_UART_Interrupt
                        0x00bb5a   0x3cb  Code  Gb  DrvGD83.o [1]
DrvMc8332_UART_TxTail   0x01274c    0xeb  Code  Gb  DrvGD83.o [1]
EEPROM_EEC_IRQHandler   0x015fb4     0x1  Code  Gb  stm8s_it.o [1]
EXTI_PORTA_IRQHandler   0x015fa4     0x1  Code  Gb  stm8s_it.o [1]
EXTI_PORTB_IRQHandler   0x015fa5     0x1  Code  Gb  stm8s_it.o [1]
EXTI_PORTC_IRQHandler   0x015fa6     0x1  Code  Gb  stm8s_it.o [1]
EXTI_PORTD_IRQHandler   0x015fa7     0x1  Code  Gb  stm8s_it.o [1]
EXTI_PORTE_IRQHandler   0x015fa8     0x1  Code  Gb  stm8s_it.o [1]
EnterPttMomentCount     0x00162a     0x1  Data  Gb  Task.o [1]
EnterPttMoment_Flag     0x001628     0x1  Data  Gb  Task.o [1]
FILE_Read               0x0150b6    0x48  Code  Gb  Flash_eeprom.o [1]
FILE_Read2              0x0151d5    0x45  Code  Gb  Flash_eeprom.o [1]
FILE_Write              0x014d6f    0x4f  Code  Gb  Flash_eeprom.o [1]
FILE_Write2             0x014cd0    0x50  Code  Gb  Flash_eeprom.o [1]
FLASH_EraseOptionByte   0x01585d    0x28  Code  Gb  stm8s_flash.o [1]
FLASH_GetFlagStatus     0x015cdf    0x14  Code  Gb  stm8s_flash.o [1]
FLASH_Lock              0x015ed6     0x7  Code  Gb  stm8s_flash.o [1]
FLASH_ProgramByte       0x015efa     0x5  Code  Gb  stm8s_flash.o [1]
FLASH_ProgramOptionByte
                        0x015993    0x25  Code  Gb  stm8s_flash.o [1]
FLASH_ReadByte          0x015eff     0x5  Code  Gb  stm8s_flash.o [1]
FLASH_SetProgrammingTime
                        0x015e70     0xb  Code  Gb  stm8s_flash.o [1]
FLASH_Unlock            0x015c9e    0x16  Code  Gb  stm8s_flash.o [1]
FLASH_WaitForLastOperation
                        0x0154b1    0x36  Code  Gb  stm8s_flash.o [1]
GB2312_16_GetData       0x00e9ad   0x251  Code  Gb  GT20L16P1Y.o [3]
GPIO_Init               0x013322    0xaf  Code  Gb  stm8s_gpio.o [1]
GPIO_ReadInputPin       0x015e85     0x9  Code  Gb  stm8s_gpio.o [1]
GPIO_WriteHigh          0x015edd     0x7  Code  Gb  stm8s_gpio.o [1]
GPIO_WriteLow           0x015f65     0x4  Code  Gb  stm8s_gpio.o [1]
GeHuTest                0x015f9f     0x1  Code  Lc  ApiKeyboard.o [1]
GetAllGroupNameForDisplay
                        0x013fa6    0x7b  Code  Gb  ApiPocCmd.o [1]
GetAllGroupNameForVoice
                        0x012d55    0xc3  Code  Gb  ApiPocCmd.o [1]
GetAllGroupNum          0x015f51     0x4  Code  Gb  ApiPocCmd.o [1]
GetAllUserNameForDisplay
                        0x014021    0x7b  Code  Gb  ApiPocCmd.o [1]
GetAllUserNameForVoice  0x012e18    0xc3  Code  Gb  ApiPocCmd.o [1]
GetAllUserNum           0x015ef0     0x5  Code  Gb  ApiPocCmd.o [1]
GetLocalUserNameForDisplay
                        0x014ea9    0x4e  Code  Gb  ApiPocCmd.o [1]
GetLocalUserNameForVoice
                        0x013e21    0x83  Code  Gb  ApiPocCmd.o [1]
GetNowWorkingGroupNameForDisplay
                        0x014e0d    0x4e  Code  Gb  ApiPocCmd.o [1]
GetNowWorkingGroupNameForVoice
                        0x013d9e    0x83  Code  Gb  ApiPocCmd.o [1]
GetNowWorkingGroupXuhao
                        0x015650    0x30  Code  Gb  ApiPocCmd.o [1]
GetPointArrayData32     0x0150fe    0x48  Code  Gb  GT20L16P1Y_D.o [1]
GetReceiveMessagesUserNameForDisplay
                        0x013a68    0x8e  Code  Gb  ApiPocCmd.o [1]
GetSpeakingUserNameForDisplay
                        0x014e5b    0x4e  Code  Gb  ApiPocCmd.o [1]
GetTaskId               0x015f79     0x4  Code  Gb  System.o [1]
GpsCmd_GbAnalytical     0x00ebfe   0x24d  Code  Lc  ApiGpsCmd.o [1]
GpsCmd_GbDataTransave   0x00df36   0x2ff  Code  Lc  ApiGpsCmd.o [1]
GpsCmd_GbWritCommand    0x00d0a2   0x29f  Code  Lc  ApiGpsCmd.o [1]
GpsFunDrvObj            0x00127e   0x1c3  Data  Lc  ApiGpsCmd.o [1]
GpsNotify_Queue         0x00badd    0x7d  Code  Lc  DrvGD83.o [1]
GpsNotify_Queue_Start   0x00b8eb    0x9a  Code  Lc  DrvGD83.o [1]
GroupCallingNum         0x00002a     0x1  Data  Gb  ApiKeyboard.o [1]
HDRCSQSignalIcons       0x01310b    0xb5  Code  Gb  ApiAtCmd.o [1]
HSE_ClockStartUpConfiguration
                        0x0154e7    0x36  Code  Lc  sysclock.o [1]
HSIDivFactor            0x00ac8e     0x4  Data  Gb  stm8s_clk.o [1]
HtgDrvObj               0x0015f4     0x2  Data  Lc  DrvHTG12832.o [1]
I2C_IRQHandler          0x015fb0     0x1  Code  Gb  stm8s_it.o [1]
INTVEC$$Base            0x008000           --   Gb  - Linker created -
INTVEC$$Limit           0x008080           --   Gb  - Linker created -
ITC_SetSoftwarePriority
                        0x01245c   0x103  Code  Gb  stm8s_itc.o [1]
Ico_DataBuf             0x009b80   0x400  Data  Gb  ApiDisplay.o [1]
InputGBcode             0x009f80   0x1b0  Data  Gb  GT20L16P1Y_D.o [1]
InputUnicode            0x00a130   0x1b0  Data  Gb  GT20L16P1Y_D.o [1]
KCMD_GetMcuVersion      0x014744    0x61  Code  Lc  KeyCmd.o [1]
KCMD_KeyCmdGet          0x015aab    0x20  Code  Gb  KeyCmd.o [1]
KEY_4_Flag              0x001623     0x1  Data  Gb  Task.o [1]
KEY_TABLE               0x00aca0     0x3  Data  Lc  uart3.o [1]
Key3Option              0x001624     0x1  Data  Gb  Task.o [1]
Key3_PlayValue          0x0015ff     0x1  Data  Gb  ApiGpsCmd.o [1]
Key3_PlayVoice          0x010e6e   0x1d4  Code  Gb  Task.o [1]
KeyBatteryReport        0x01535b    0x3b  Code  Gb  ADC.o [1]
KeyDownUpChoose_GroupOrUser_Flag
                        0x0015fd     0x1  Data  Gb  ApiAtCmd.o [1]
KeyPersonalCallingCount
                        0x001604     0x1  Data  Gb  ApiKeyboard.o [1]
KeyUpDownCount          0x001603     0x1  Data  Gb  ApiKeyboard.o [1]
Key_Flag_1              0x001605     0x1  Data  Gb  ApiKeyboard.o [1]
Key_Init                0x015588    0x34  Code  Gb  McuConfig.o [1]
Key_PersonalCalling_Flag
                        0x001627     0x1  Data  Gb  Task.o [1]
Keyboard_Test           0x00aca6   0xa5c  Code  Gb  ApiKeyboard.o [1]
KeylockTimeCount        0x0015f2     0x2  Data  Gb  Delay.o [1]
KeylockTimeSetCount     0x000028     0x1  Data  Gb  ApiKeyboard.o [1]
LED_Conut               0x001617     0x1  Data  Gb  ApiLED.o [1]
LED_Init                0x0158d4    0x27  Code  Gb  McuConfig.o [1]
LED_IntOutputRenew      0x0138b4    0x93  Code  Gb  ApiLED.o [1]
Level3MenuDisplay       0x010475   0x21e  Code  Gb  ApiMenu.o [1]
LobatteryTask_StartFlag
                        0x0015fb     0x1  Data  Gb  ADC.o [1]
LockingState_EnterOK_Flag
                        0x001609     0x1  Data  Gb  ApiKeyboard.o [1]
LockingState_Flag       0x001620     0x1  Data  Gb  Delay.o [1]
LoosenPttMomentCount    0x00162b     0x1  Data  Gb  Task.o [1]
LoosenPttMoment_Flag    0x001629     0x1  Data  Gb  Task.o [1]
LowVoltageDetection     0x00e502   0x259  Code  Gb  ADC.o [1]
LowVoltageDetection_Flag
                        0x0015fa     0x1  Data  Gb  ADC.o [1]
MCU_VERSIONForMenu      0x015c88    0x16  Code  Gb  KeyCmd.o [1]
MIC_GPIO_Init           0x015d9a     0xd  Code  Gb  McuConfig.o [1]
MIC_IOMUT               0x015be1    0x19  Code  Gb  McuConfig.o [1]
Mcu_Version             0x00a828    0x20  Data  Lc  KeyCmd.o [1]
MenuDisplay             0x00d8a1   0x386  Code  Gb  ApiMenu.o [1]
MenuModeCount           0x00002b     0x1  Data  Gb  ApiKeyboard.o [1]
MenuMode_Flag           0x001606     0x1  Data  Gb  ApiKeyboard.o [1]
NetworkType_2Gor3G_Flag
                        0x001626     0x1  Data  Gb  Task.o [1]
NoUseNum                0x001625     0x1  Data  Gb  Task.o [1]
Noise_Mute_Init         0x015db4     0xd  Code  Gb  McuConfig.o [1]
Notify_Queue_Stop       0x00b985   0x158  Code  Lc  DrvGD83.o [1]
NumberKeyboardPressDown_flag
                        0x001608     0x1  Data  Gb  ApiKeyboard.o [1]
OneChannelGetADValue    0x0158ad    0x27  Code  Lc  ADC.o [1]
PAS_NULLTBL             0x00ab40    0x10  Data  Lc  uart3.o [1]
POC_TABLE               0x00aca3     0x3  Data  Lc  uart3.o [1]
PasObj                  0x0015e5     0x4  Data  Lc  uart3.o [1]
PersonalCallingNum      0x001602     0x1  Data  Gb  ApiKeyboard.o [1]
PocCmdDrvobj            0x000071   0xb95  Data  Lc  ApiPocCmd.o [1]
PocNotify_Queue         0x00b74f    0x4d  Code  Lc  DrvGD83.o [1]
PocNotify_Queue_Start   0x00b83f    0x56  Code  Lc  DrvGD83.o [1]
PrimaryLowPower_Flag    0x0015fc     0x1  Data  Gb  ADC.o [1]
READ_TABLE              0x00ac92     0x4  Data  Lc  uart3.o [1]
ReadByte                0x014a81    0x57  Code  Gb  ApiDisplay.o [1]
Region$$Table$$Base     0x00a814           --   Gb  - Linker created -
Region$$Table$$Limit    0x00a828           --   Gb  - Linker created -
RxStartFlag             0x0015d9     0x6  Data  Gb  ApiBeidou.o [1]
SPI_IRQHandler          0x015fa9     0x1  Code  Gb  stm8s_it.o [1]
SendByte                0x013c0f    0x88  Code  Gb  ApiDisplay.o [1]
SendGpsLoginInfoCount   0x001601     0x1  Data  Gb  ApiGpsCmd.o [1]
SetTaskId               0x015f7d     0x4  Code  Gb  System.o [1]
Set_GreenLed            0x015baf    0x19  Code  Gb  McuConfig.o [1]
Set_RedLed              0x015bc8    0x19  Code  Gb  McuConfig.o [1]
SubmenuMenuDisplay      0x011a8e   0x155  Code  Gb  ApiMenu.o [1]
SystemClock_Init        0x015766    0x2b  Code  Gb  sysclock.o [1]
TASK_PersonalKeyMode    0x015f85     0x4  Code  Gb  Task.o [1]
TASK_PersonalKeyModeSet
                        0x015f89     0x4  Code  Gb  Task.o [1]
TASK_RunLoBattery       0x015791    0x2a  Code  Gb  Task.o [1]
TASK_WriteFreq          0x015f81     0x4  Code  Gb  Task.o [1]
TIM1_CAP_COM_IRQHandler
                        0x015fab     0x1  Code  Gb  stm8s_it.o [1]
TIM1_CCxCmd             0x01521a    0x43  Code  Gb  stm8s_tim1.o [1]
TIM1_Cmd                0x015ddb     0xd  Code  Gb  stm8s_tim1.o [1]
TIM1_CtrlPWMOutputs     0x015de8     0xd  Code  Gb  stm8s_tim1.o [1]
TIM1_DeInit             0x0135c3    0x99  Code  Gb  stm8s_tim1.o [1]
TIM1_OC1Init            0x0147a5    0x61  Code  Gb  stm8s_tim1.o [1]
TIM1_OC1PreloadConfig   0x015df5     0xd  Code  Gb  stm8s_tim1.o [1]
TIM1_PWM_Init           0x014ad8    0x56  Code  Gb  Tone.o [1]
TIM1_TimeBaseInit       0x015a02    0x24  Code  Gb  stm8s_tim1.o [1]
TIM1_UPD_OVF_TRG_BRK_IRQHandler
                        0x015faa     0x1  Code  Gb  stm8s_it.o [1]
TIM2_CAP_COM_IRQHandler
                        0x015fad     0x1  Code  Gb  stm8s_it.o [1]
TIM2_UPD_OVF_BRK_IRQHandler
                        0x015fac     0x1  Code  Gb  stm8s_it.o [1]
TIM3_ARRPreloadConfig   0x015e0f     0xd  Code  Gb  stm8s_tim3.o [1]
TIM3_CAP_COM_IRQHandler
                        0x015fae     0x1  Code  Gb  stm8s_it.o [1]
TIM3_ClearITPendingBit  0x015f04     0x5  Code  Gb  stm8s_tim3.o [1]
TIM3_Cmd                0x015e02     0xd  Code  Gb  stm8s_tim3.o [1]
TIM3_ITConfig           0x015d19    0x13  Code  Gb  stm8s_tim3.o [1]
TIM3_PrescalerConfig    0x015e8e     0x9  Code  Gb  stm8s_tim3.o [1]
TIM3_TimeBaseInit       0x015e4e     0xc  Code  Gb  stm8s_tim3.o [1]
TIM3_UPD_OVF_BRK_IRQHandler
                        0x015a8a    0x21  Code  Gb  stm8s_it.o [1]
TIM4_UPD_OVF_IRQHandler
                        0x015fb3     0x1  Code  Gb  stm8s_it.o [1]
TLI_IRQHandler          0x015fa1     0x1  Code  Gb  stm8s_it.o [1]
TONE_PowerOnInitial     0x0143b2    0x6b  Code  Gb  Tone.o [1]
TONE_Start              0x015950    0x1d  Code  Gb  Tone.o [1]
TONE_Stop               0x015947     0x9  Code  Gb  Tone.o [1]
TRAP_IRQHandler         0x015fa0     0x1  Code  Gb  stm8s_it.o [1]
TaskDrvObj              0x0015a1    0x14  Data  Lc  System.o [1]
TaskDrvobj              0x0015e9     0x3  Data  Lc  Task.o [1]
Task_PowerOnInitial     0x015b26    0x1d  Code  Gb  Task.o [1]
Task_RunNormalOperation
                        0x00d500   0x3a1  Code  Gb  Task.o [1]
Task_RunStart           0x013c97    0x84  Code  Gb  Task.o [1]
Test1                   0x001600     0x1  Data  Gb  ApiGpsCmd.o [1]
TestNum1                0x00160b     0x1  Data  Gb  ApiKeyboard.o [1]
TestNum10               0x001614     0x1  Data  Gb  ApiKeyboard.o [1]
TestNum11               0x001615     0x1  Data  Gb  ApiKeyboard.o [1]
TestNum12               0x001616     0x1  Data  Gb  ApiKeyboard.o [1]
TestNum2                0x00160c     0x1  Data  Gb  ApiKeyboard.o [1]
TestNum3                0x00160d     0x1  Data  Gb  ApiKeyboard.o [1]
TestNum4                0x00160e     0x1  Data  Gb  ApiKeyboard.o [1]
TestNum5                0x00160f     0x1  Data  Gb  ApiKeyboard.o [1]
TestNum6                0x001610     0x1  Data  Gb  ApiKeyboard.o [1]
TestNum7                0x001611     0x1  Data  Gb  ApiKeyboard.o [1]
TestNum8                0x001612     0x1  Data  Gb  ApiKeyboard.o [1]
TestNum9                0x001613     0x1  Data  Gb  ApiKeyboard.o [1]
TheMenuLayer_Flag       0x001607     0x1  Data  Gb  ApiKeyboard.o [1]
Tim3_Timer_Init         0x0157e4    0x29  Code  Gb  McuConfig.o [1]
TimeCount               0x0015ee     0x2  Data  Gb  Delay.o [1]
TimeCount3              0x0015f0     0x2  Data  Gb  Delay.o [1]
ToneDrvObj              0x0015c7    0x12  Data  Lc  Tone.o [1]
UART1_Cmd               0x015e1c     0xd  Code  Gb  stm8s_uart1.o [1]
UART1_DeInit            0x01570d    0x2d  Code  Gb  stm8s_uart1.o [1]
UART1_GetFlagStatus     0x0155bc    0x32  Code  Gb  stm8s_uart1.o [1]
UART1_GetITStatus       0x013947    0x92  Code  Gb  stm8s_uart1.o [1]
UART1_ITConfig          0x014345    0x6d  Code  Gb  stm8s_uart1.o [1]
UART1_Init              0x0117e0   0x159  Code  Gb  stm8s_uart1.o [1]
UART1_RX_IRQHandler     0x015921    0x26  Code  Gb  stm8s_it.o [1]
UART1_ReceiveData8      0x015f69     0x4  Code  Gb  stm8s_uart1.o [1]
UART1_SendData8         0x015f6d     0x4  Code  Gb  stm8s_uart1.o [1]
UART1_TX_IRQHandler     0x015faf     0x1  Code  Gb  stm8s_it.o [1]
UART3_Cmd               0x015e29     0xd  Code  Gb  stm8s_uart3.o [1]
UART3_DeInit            0x0159b8    0x25  Code  Gb  stm8s_uart3.o [1]
UART3_GetFlagStatus     0x01506d    0x49  Code  Gb  stm8s_uart3.o [1]
UART3_GetITStatus       0x013055    0xb6  Code  Gb  stm8s_uart3.o [1]
UART3_ITConfig          0x013af6    0x8d  Code  Gb  stm8s_uart3.o [1]
UART3_Init              0x01220d   0x12a  Code  Gb  stm8s_uart3.o [1]
UART3_Interrupt         0x012f9b    0xba  Code  Gb  uart3.o [1]
UART3_RX_IRQHandler     0x015b7b    0x1b  Code  Gb  stm8s_it.o [1]
UART3_ReceiveData8      0x015f71     0x4  Code  Gb  stm8s_uart3.o [1]
UART3_SendByte          0x015d60    0x10  Code  Gb  uart3.o [1]
UART3_SendData8         0x015f75     0x4  Code  Gb  stm8s_uart3.o [1]
UART3_TX_IRQHandler     0x015fb1     0x1  Code  Gb  stm8s_it.o [1]
UART3_ToMcuMain         0x01441d    0x69  Code  Gb  uart3.o [1]
UART_Delay              0x015d2c    0x12  Code  Lc  uart3.o [1]
UART_ErrorAck           0x014df7    0x16  Code  Lc  uart3.o [1]
UART_GetCheckSum        0x01381f    0x2e  Code  Lc  uart3.o [1]
UART_KeyCommand         0x0139d9    0x8f  Code  Lc  uart3.o [1]
UART_Link               0x01384d    0x67  Code  Lc  uart3.o [1]
UART_PasCommand         0x011042   0x1b2  Code  Lc  uart3.o [1]
UART_PocCommand         0x01491d    0x5c  Code  Lc  uart3.o [1]
UART_ReadCommand        0x012837    0xe9  Code  Lc  uart3.o [1]
UART_RightAck           0x0142d7    0x6e  Code  Lc  uart3.o [1]
UART_RxFrame            0x014c2c    0x52  Code  Lc  uart3.o [1]
UART_TxSend             0x014dbe    0x39  Code  Lc  uart3.o [1]
UART_WriteCommand       0x012659    0xf3  Code  Lc  uart3.o [1]
UNICODE_16_GetData      0x011393   0x185  Code  Gb  GT20L16P1Y.o [3]
Uart1_Init              0x015396    0x3b  Code  Gb  McuConfig.o [1]
Uart3_Init              0x0153d1    0x39  Code  Gb  uart3.o [1]
UartDrvObj              0x001441    0x75  Data  Lc  uart3.o [1]
UnicodeGetPointArrayData32
                        0x015146    0x48  Code  Gb  GT20L16P1Y_D.o [1]
UnicodeValueSearch      0x0158fb    0x26  Code  Gb  GT20L16P1Y_D.o [1]
VOICE_1sProcess         0x015d70     0xf  Code  Gb  Voice.o [1]
VOICE_Play              0x010000   0x249  Code  Gb  Voice.o [1]
VOICE_Renew             0x014266    0x71  Code  Gb  Voice.o [1]
VOICE_SetOutput         0x014c7e    0x52  Code  Gb  Voice.o [1]
ValueSearch             0x0148c1    0x5c  Code  Gb  GT20L16P1Y_D.o [1]
VerifyData              0x008080  0x1b00  Data  Gb  GT20L16P1Y_D.o [1]
VoiceDrvObj             0x0015df     0x6  Data  Lc  Voice.o [1]
VoiceType_FreehandOrHandset_Flag
                        0x00160a     0x1  Data  Gb  ApiKeyboard.o [1]
WRITE_TABLE             0x00ac96     0x4  Data  Lc  uart3.o [1]
WW_GetData              0x00e235   0x2cd  Code  Gb  GT20L16P1Y.o [3]
WriteEEPROMByte         0x0152e0    0x3e  Code  Gb  Flash_eeprom.o [1]
WriteFreq_Flag          0x00162c     0x1  Data  Gb  uart3.o [1]
__DebugBreak            0x015fb5     0x1  Code  Gb  __dbg_break.o [4]
__exit                  0x015cb4    0x16  Code  Gb  __dbg_xxexit.o [4]
__iar_copy_init2        0x015885          Code  Gb  init_small.o [5]
__iar_data_init2        0x015aea    0x1e  Code  Gb  init.o [5]
__iar_program_start     0x015c5a          Code  Gb  cstartup.o [5]
__iar_unhandled_exception
                        0x015f9c          Code  Gb  unhandled_exception.o [5]
__iar_zero_init2        0x015b08          Code  Gb  init_small.o [5]
__intvec                0x008000          Data  Gb  interrupt.o [5]
__low_level_init        0x015f99     0x3  Code  Gb  low_level_init.o [5]
_exit                   0x015eea          Code  Gb  cexit.o [5]
_interrupt_1            0x015fa0          Code  Gb  stm8s_it.o [1]
_interrupt_12           0x015fa9          Code  Gb  stm8s_it.o [1]
_interrupt_13           0x015faa          Code  Gb  stm8s_it.o [1]
_interrupt_14           0x015fab          Code  Gb  stm8s_it.o [1]
_interrupt_15           0x015fac          Code  Gb  stm8s_it.o [1]
_interrupt_16           0x015fad          Code  Gb  stm8s_it.o [1]
_interrupt_17           0x015a8a          Code  Gb  stm8s_it.o [1]
_interrupt_18           0x015fae          Code  Gb  stm8s_it.o [1]
_interrupt_19           0x015faf          Code  Gb  stm8s_it.o [1]
_interrupt_2            0x015fa1          Code  Gb  stm8s_it.o [1]
_interrupt_20           0x015921          Code  Gb  stm8s_it.o [1]
_interrupt_21           0x015fb0          Code  Gb  stm8s_it.o [1]
_interrupt_22           0x015fb1          Code  Gb  stm8s_it.o [1]
_interrupt_23           0x015b7b          Code  Gb  stm8s_it.o [1]
_interrupt_24           0x015fb2          Code  Gb  stm8s_it.o [1]
_interrupt_25           0x015fb3          Code  Gb  stm8s_it.o [1]
_interrupt_26           0x015fb4          Code  Gb  stm8s_it.o [1]
_interrupt_3            0x015fa2          Code  Gb  stm8s_it.o [1]
_interrupt_4            0x015fa3          Code  Gb  stm8s_it.o [1]
_interrupt_5            0x015fa4          Code  Gb  stm8s_it.o [1]
_interrupt_6            0x015fa5          Code  Gb  stm8s_it.o [1]
_interrupt_7            0x015fa6          Code  Gb  stm8s_it.o [1]
_interrupt_8            0x015fa7          Code  Gb  stm8s_it.o [1]
_interrupt_9            0x015fa8          Code  Gb  stm8s_it.o [1]
api_diap_ico_pos_get    0x0146e3    0x61  Code  Gb  ApiDisplay.o [1]
api_disp_all_screen_refresh
                        0x014d20    0x4f  Code  Gb  ApiDisplay.o [1]
api_disp_char_output    0x015c2c    0x17  Code  Gb  ApiDisplay.o [1]
api_disp_char_output2   0x015c43    0x17  Code  Gb  ApiDisplay.o [1]
api_disp_ico_output     0x013272    0xb0  Code  Gb  ApiDisplay.o [1]
api_disp_icoid_output   0x01365c    0x97  Code  Gb  ApiDisplay.o [1]
api_lcd_pwr_on_hint     0x0155ee    0x31  Code  Gb  ApiDisplay.o [1]
api_lcd_pwr_on_hint4    0x0156df    0x2e  Code  Gb  ApiDisplay.o [1]
api_poc_command_get     0x0133d1    0xad  Code  Lc  uart3.o [1]
api_poc_command_set     0x012a05    0xdf  Code  Lc  uart3.o [1]
beidou_latitude_degree  0x015ea5     0x7  Code  Gb  ApiBeidou.o [1]
beidou_latitude_minute  0x015eac     0x7  Code  Gb  ApiBeidou.o [1]
beidou_latitude_second  0x015eb3     0x7  Code  Gb  ApiBeidou.o [1]
beidou_longitude_degree
                        0x015e97     0x7  Code  Gb  ApiBeidou.o [1]
beidou_longitude_minute
                        0x015e9e     0x7  Code  Gb  ApiBeidou.o [1]
beidou_valid            0x015f11     0x4  Code  Gb  ApiBeidou.o [1]
drv_gt20_data_output    0x0120d9   0x134  Code  Gb  DrvGT20L16S1Y.o [1]
drv_gt20_data_output2   0x011e6a   0x13b  Code  Gb  DrvGT20L16S1Y.o [1]
drv_gt20_pwr_on_init    0x015476     0x4  Code  Gb  DrvGT20L16S1Y.o [1]
drv_htg_clr_allscr      0x00e894    0x35  Code  Gb  DrvHTG12832.o [1]
drv_htg_pwr_on_init     0x00e9a1     0xc  Code  Gb  DrvHTG12832.o [1]
drv_htg_reset           0x00e75b     0x5  Code  Gb  DrvHTG12832.o [1]
drv_htg_set_address     0x00e7da    0x40  Code  Gb  DrvHTG12832.o [1]
drv_htg_write_command   0x00e760    0x7a  Code  Gb  DrvHTG12832.o [1]
drv_htg_write_data      0x00e81a    0x7a  Code  Gb  DrvHTG12832.o [1]
drv_keypad_scan         0x010693   0x211  Code  Gb  DrvKeyboard.o [1]
exit                    0x015f95     0x4  Code  Gb  exit.o [5]
find_zf_tab             0x01518e    0x47  Code  Gb  GT20L16P1Y.o [3]
get_current_working_status
                        0x015f55     0x4  Code  Gb  ApiPocCmd.o [1]
get_key_value           0x012920    0xe5  Code  Gb  ApiKeyboard.o [1]
get_screen_display_group_name
                        0x01547a    0x37  Code  Gb  ApiPocCmd.o [1]
htg_delay_ms            0x00e8c9    0x1e  Code  Lc  DrvHTG12832.o [1]
htg_initial             0x00e8e7    0x6c  Code  Lc  DrvHTG12832.o [1]
key_scan_board          0x011d2b   0x13f  Code  Gb  DrvKeyboard.o [1]
main                    0x01561f    0x31  Code  Gb  main.o [1]
main_app                0x01525d    0x43  Code  Gb  System.o [1]
main_init               0x012337   0x125  Code  Gb  System.o [1]
mcu_gt20_initial        0x015442    0x34  Code  Lc  DrvGT20L16S1Y.o [1]
mcu_key_pad_out         0x013789    0x96  Code  Gb  DrvKeyboard.o [1]
mcu_key_pad_read        0x014182    0x72  Code  Gb  DrvKeyboard.o [1]
mcu_key_pad_set         0x011be3   0x148  Code  Gb  DrvKeyboard.o [1]
mcu_lcd_initial         0x00e953    0x4e  Code  Lc  DrvHTG12832.o [1]
memcmp                  0x01551d    0x36  Code  Gb  memcmp.o [5]
memcpy                  0x01596d    0x26  Code  Gb  memcpy.o [5]
memset                  0x015c71    0x17  Code  Gb  memset.o [5]
no_online_user          0x015cca    0x15  Code  Lc  ApiPocCmd.o [1]
pack_data               0x011518   0x165  Code  Lc  ApiGpsCmd.o [1]
poc_latitude_float      0x015ecf     0x7  Code  Gb  ApiPocCmd.o [1]
poc_latitude_integer    0x015ec8     0x7  Code  Gb  ApiPocCmd.o [1]
poc_longitude_float     0x015ec1     0x7  Code  Gb  ApiPocCmd.o [1]
poc_longitude_integer   0x015eba     0x7  Code  Gb  ApiPocCmd.o [1]
poc_receive_sos_statas  0x015f5d     0x4  Code  Gb  ApiPocCmd.o [1]
poccmd_states_poc_status
                        0x015f59     0x4  Code  Gb  ApiPocCmd.o [1]
r_dat_bat               0x0145b7    0x64  Code  Gb  ApiDisplay.o [1]
set_ApiAtCmd_bZTTSStates
                        0x01580d    0x28  Code  Gb  ApiAtCmd.o [1]
set_ApiAtCmd_bZTTSStates_Intermediate
                        0x015835    0x28  Code  Gb  ApiAtCmd.o [1]
set_poc_receive_sos_statas
                        0x015f61     0x4  Code  Gb  ApiPocCmd.o [1]
strlen                  0x015d3e    0x12  Code  Gb  strlen.o [5]
task_status_account_config
                        0x015f8d     0x4  Code  Gb  Task.o [1]
ucABELL                 0x00004f     0x2  Data  Gb  Voice.o [1]
ucAlarm1                0x00003d     0x2  Data  Gb  ApiPocCmd.o [1]
ucAlarm2                0x00003f     0x2  Data  Gb  ApiPocCmd.o [1]
ucAtPocHead             0x00002d     0x2  Data  Gb  ApiPocCmd.o [1]
ucCODECCTL              0x00004b     0x2  Data  Gb  Task.o [1]
ucEightyPercentPower    0x000063     0x2  Data  Gb  Voice.o [1]
ucEndPTT                0x000035     0x2  Data  Gb  ApiPocCmd.o [1]
ucFivePercentPower      0x00005b     0x2  Data  Gb  Voice.o [1]
ucFortyPercentPower     0x00005f     0x2  Data  Gb  Voice.o [1]
ucGroupListInfo         0x000037     0x2  Data  Gb  ApiPocCmd.o [1]
ucGroupMode             0x000067     0x2  Data  Gb  Voice.o [1]
ucGroupSelected         0x000051     0x2  Data  Gb  Voice.o [1]
ucHandfreeMode          0x00006b     0x2  Data  Gb  Voice.o [1]
ucHandsetMode           0x000069     0x2  Data  Gb  Voice.o [1]
ucLoggingIn             0x00006f     0x2  Data  Gb  Voice.o [1]
ucLowBattery            0x000059     0x2  Data  Gb  Voice.o [1]
ucNetworkSearching      0x000055     0x2  Data  Gb  Voice.o [1]
ucNoOnlineUser          0x00006d     0x2  Data  Gb  Voice.o [1]
ucNoSimCard             0x000053     0x2  Data  Gb  Voice.o [1]
ucOneHundredPercentPower
                        0x000065     0x2  Data  Gb  Voice.o [1]
ucPersonalMode          0x00004d     0x2  Data  Gb  Voice.o [1]
ucPocOpenConfig         0x000031     0x2  Data  Gb  ApiPocCmd.o [1]
ucPowerLowPleaseCharge  0x000057     0x2  Data  Gb  Voice.o [1]
ucRxCIMI                0x00001c     0x2  Data  Gb  ApiAtCmd.o [1]
ucRxCMEERROR            0x00001e     0x2  Data  Gb  ApiAtCmd.o [1]
ucRxCSQ                 0x000022     0x2  Data  Gb  ApiAtCmd.o [1]
ucRxOkHeadInfo          0x000047     0x2  Data  Gb  DrvGD83.o [1]
ucRxPASTATE1            0x000024     0x2  Data  Gb  ApiAtCmd.o [1]
ucRxPocHeadInfo         0x000045     0x2  Data  Gb  DrvGD83.o [1]
ucRxTcpDataHeadInfo     0x000049     0x2  Data  Gb  DrvGD83.o [1]
ucRxZIND                0x00001a     0x2  Data  Gb  ApiAtCmd.o [1]
ucRxZPPPSTATUS          0x000020     0x2  Data  Gb  ApiAtCmd.o [1]
ucRxZTTS0               0x000026     0x2  Data  Gb  ApiAtCmd.o [1]
ucSetGPS                0x00003b     0x2  Data  Gb  ApiPocCmd.o [1]
ucSetIPAndID            0x00002f     0x2  Data  Gb  ApiPocCmd.o [1]
ucSetURL                0x000041     0x2  Data  Gb  ApiPocCmd.o [1]
ucSixtyPercentPower     0x000061     0x2  Data  Gb  Voice.o [1]
ucStartPTT              0x000033     0x2  Data  Gb  ApiPocCmd.o [1]
ucTwentyPercentPower    0x00005d     0x2  Data  Gb  Voice.o [1]
ucTxCIMI                0x000010     0x2  Data  Gb  ApiAtCmd.o [1]
ucTxCSQ                 0x000014     0x2  Data  Gb  ApiAtCmd.o [1]
ucTxPlayZtts            0x000016     0x2  Data  Gb  ApiAtCmd.o [1]
ucTxPocHeadInfo         0x000043     0x2  Data  Gb  DrvGD83.o [1]
ucTxReset               0x000018     0x2  Data  Gb  ApiAtCmd.o [1]
ucTxZPPPOPEN            0x000012     0x2  Data  Gb  ApiAtCmd.o [1]
ucUserListInfo          0x000039     0x2  Data  Gb  ApiPocCmd.o [1]


[1] = E:\1-source\2-A508_WCDMA_CORGET\PRJ\Debug\Obj
[2] = command line
[3] = GT20L16_STM8_DOUBLE_MEDIUM_IAR.a
[4] = dbgstm8mmd.a
[5] = dlstm8mmn.a

  41 307 bytes of readonly  code memory
  11 430 bytes of readonly  data memory
   5 933 bytes of readwrite data memory

Errors: none
Warnings: none
