###############################################################################
#
# IAR ELF Linker V2.20.1.176 for STM8                     16/May/2018  18:00:42
# Copyright 2010-2015 IAR Systems AB.
#
#    Output file  =  
#        E:\1-source\2-A508_WCDMA_CORGET\PRJ\Debug\Exe\A508_DEMO1.out
#    Map file     =  
#        E:\1-source\2-A508_WCDMA_CORGET\PRJ\Debug\List\A508_DEMO1.map
#    Command line =  
#        E:\1-source\2-A508_WCDMA_CORGET\PRJ\Debug\Obj\ADC.o
#        E:\1-source\2-A508_WCDMA_CORGET\PRJ\Debug\Obj\ApiAtCmd.o
#        E:\1-source\2-A508_WCDMA_CORGET\PRJ\Debug\Obj\ApiBeidou.o
#        E:\1-source\2-A508_WCDMA_CORGET\PRJ\Debug\Obj\ApiDisplay.o
#        E:\1-source\2-A508_WCDMA_CORGET\PRJ\Debug\Obj\ApiGpsCmd.o
#        E:\1-source\2-A508_WCDMA_CORGET\PRJ\Debug\Obj\ApiKeyboard.o
#        E:\1-source\2-A508_WCDMA_CORGET\PRJ\Debug\Obj\ApiLED.o
#        E:\1-source\2-A508_WCDMA_CORGET\PRJ\Debug\Obj\ApiMenu.o
#        E:\1-source\2-A508_WCDMA_CORGET\PRJ\Debug\Obj\ApiPocCmd.o
#        E:\1-source\2-A508_WCDMA_CORGET\PRJ\Debug\Obj\Beep.o
#        E:\1-source\2-A508_WCDMA_CORGET\PRJ\Debug\Obj\CommonLib.o
#        E:\1-source\2-A508_WCDMA_CORGET\PRJ\Debug\Obj\Config.o
#        E:\1-source\2-A508_WCDMA_CORGET\PRJ\Debug\Obj\Delay.o
#        E:\1-source\2-A508_WCDMA_CORGET\PRJ\Debug\Obj\DrvGD83.o
#        E:\1-source\2-A508_WCDMA_CORGET\PRJ\Debug\Obj\DrvGT20L16S1Y.o
#        E:\1-source\2-A508_WCDMA_CORGET\PRJ\Debug\Obj\DrvHTG12832.o
#        E:\1-source\2-A508_WCDMA_CORGET\PRJ\Debug\Obj\DrvKeyboard.o
#        E:\1-source\2-A508_WCDMA_CORGET\PRJ\Debug\Obj\Flash_eeprom.o
#        E:\1-source\2-A508_WCDMA_CORGET\SRC\Syetem\GT20L16_STM8_DOUBLE_MEDIUM_IAR.a
#        E:\1-source\2-A508_WCDMA_CORGET\PRJ\Debug\Obj\GT20L16P1Y_D.o
#        E:\1-source\2-A508_WCDMA_CORGET\PRJ\Debug\Obj\KeyCmd.o
#        E:\1-source\2-A508_WCDMA_CORGET\PRJ\Debug\Obj\main.o
#        E:\1-source\2-A508_WCDMA_CORGET\PRJ\Debug\Obj\McuConfig.o
#        E:\1-source\2-A508_WCDMA_CORGET\PRJ\Debug\Obj\stm8s_adc2.o
#        E:\1-source\2-A508_WCDMA_CORGET\PRJ\Debug\Obj\stm8s_awu.o
#        E:\1-source\2-A508_WCDMA_CORGET\PRJ\Debug\Obj\stm8s_beep.o
#        E:\1-source\2-A508_WCDMA_CORGET\PRJ\Debug\Obj\stm8s_clk.o
#        E:\1-source\2-A508_WCDMA_CORGET\PRJ\Debug\Obj\stm8s_exti.o
#        E:\1-source\2-A508_WCDMA_CORGET\PRJ\Debug\Obj\stm8s_flash.o
#        E:\1-source\2-A508_WCDMA_CORGET\PRJ\Debug\Obj\stm8s_gpio.o
#        E:\1-source\2-A508_WCDMA_CORGET\PRJ\Debug\Obj\stm8s_i2c.o
#        E:\1-source\2-A508_WCDMA_CORGET\PRJ\Debug\Obj\stm8s_it.o
#        E:\1-source\2-A508_WCDMA_CORGET\PRJ\Debug\Obj\stm8s_itc.o
#        E:\1-source\2-A508_WCDMA_CORGET\PRJ\Debug\Obj\stm8s_iwdg.o
#        E:\1-source\2-A508_WCDMA_CORGET\PRJ\Debug\Obj\stm8s_rst.o
#        E:\1-source\2-A508_WCDMA_CORGET\PRJ\Debug\Obj\stm8s_spi.o
#        E:\1-source\2-A508_WCDMA_CORGET\PRJ\Debug\Obj\stm8s_tim1.o
#        E:\1-source\2-A508_WCDMA_CORGET\PRJ\Debug\Obj\stm8s_tim2.o
#        E:\1-source\2-A508_WCDMA_CORGET\PRJ\Debug\Obj\stm8s_tim3.o
#        E:\1-source\2-A508_WCDMA_CORGET\PRJ\Debug\Obj\stm8s_tim4.o
#        E:\1-source\2-A508_WCDMA_CORGET\PRJ\Debug\Obj\stm8s_uart1.o
#        E:\1-source\2-A508_WCDMA_CORGET\PRJ\Debug\Obj\stm8s_uart3.o
#        E:\1-source\2-A508_WCDMA_CORGET\PRJ\Debug\Obj\stm8s_wwdg.o
#        E:\1-source\2-A508_WCDMA_CORGET\PRJ\Debug\Obj\sysclock.o
#        E:\1-source\2-A508_WCDMA_CORGET\PRJ\Debug\Obj\System.o
#        E:\1-source\2-A508_WCDMA_CORGET\PRJ\Debug\Obj\Task.o
#        E:\1-source\2-A508_WCDMA_CORGET\PRJ\Debug\Obj\Tone.o
#        E:\1-source\2-A508_WCDMA_CORGET\PRJ\Debug\Obj\uart3.o
#        E:\1-source\2-A508_WCDMA_CORGET\PRJ\Debug\Obj\Voice.o --redirect
#        _Printf=_PrintfSmall --redirect _Scanf=_ScanfSmall -o
#        E:\1-source\2-A508_WCDMA_CORGET\PRJ\Debug\Exe\A508_DEMO1.out --map
#        E:\1-source\2-A508_WCDMA_CORGET\PRJ\Debug\List\A508_DEMO1.map --config
#        "C:\Program Files\IAR Systems\Embedded Workbench
#        7.3\stm8\config\lnkstm8s007c8.icf" --config_def _CSTACK_SIZE=0x100
#        --config_def _HEAP_SIZE=0x00 --entry __iar_program_start --debug_lib
#
###############################################################################

*******************************************************************************
*** RUNTIME MODEL ATTRIBUTES
***

__SystemLibrary            = DLib
__code_model               = medium_or_large
__core                     = stm8
__data_model               = medium
__dlib_file_descriptor     = 0
__dlib_full_locale_support = 0
__rt_version               = 4


*******************************************************************************
*** PLACEMENT SUMMARY
***

"A1":  place at start of [0x000000-0x0000ff] { rw section .vregs };
"A2":  place at end of [0x000000-0x0017ff] { block CSTACK };
"P2":  place in [from 0x000000 to 0x0017ff] {
          block HEAP, rw section __DLIB_PERTHREAD, rw section .far.bss,
          rw section .far.data, rw section .far.noinit,
          rw section .far_func.textrw, rw section .huge.bss,
          rw section .huge.data, rw section .huge.noinit,
          rw section .huge_func.textrw, rw section .iar.dynexit,
          rw section .near.bss, rw section .near.data, rw section .near.noinit,
          rw section .near_func.textrw };
"A3":  place at start of [0x008000-0x00ffff] { block INTVEC };
"P3":  place in [from 0x008000 to 0x00ffff] {
          ro section __DLIB_PERTHREAD_init, ro section .far.data_init,
          ro section .far_func.textrw_init, ro section .huge.data_init,
          ro section .huge_func.textrw_init, ro section .iar.init_table,
          ro section .init_array, ro section .near.data_init,
          ro section .near.rodata, ro section .near_func.text,
          ro section .near_func.textrw_init, ro section .tiny.data_init,
          ro section .tiny.rodata_init };
"P4":  place in [from 0x008000 to 0x00ffff repeat 2] {
          ro section .far.rodata, ro section .far_func.text };

  Section            Kind      Address    Size  Object
  -------            ----      -------    ----  ------
"A1":                                     0x10
  .vregs             uninit   0x000000    0x10  vregs.o [5]
                            - 0x000010    0x10

"P2", part 1 of 2:                        0x55
  P2-1                        0x000010    0x55  <Init block>
    .near.data       inited   0x000010     0x2  ApiAtCmd.o [1]
    .near.data       inited   0x000012     0x2  ApiAtCmd.o [1]
    .near.data       inited   0x000014     0x2  ApiAtCmd.o [1]
    .near.data       inited   0x000016     0x2  ApiAtCmd.o [1]
    .near.data       inited   0x000018     0x2  ApiAtCmd.o [1]
    .near.data       inited   0x00001a     0x2  ApiAtCmd.o [1]
    .near.data       inited   0x00001c     0x2  ApiAtCmd.o [1]
    .near.data       inited   0x00001e     0x2  ApiAtCmd.o [1]
    .near.data       inited   0x000020     0x2  ApiAtCmd.o [1]
    .near.data       inited   0x000022     0x2  ApiAtCmd.o [1]
    .near.data       inited   0x000024     0x2  ApiAtCmd.o [1]
    .near.data       inited   0x000026     0x2  ApiAtCmd.o [1]
    .near.data       inited   0x000028     0x1  ApiKeyboard.o [1]
    .near.data       inited   0x000029     0x1  ApiKeyboard.o [1]
    .near.data       inited   0x00002a     0x1  ApiKeyboard.o [1]
    .near.data       inited   0x00002b     0x1  ApiKeyboard.o [1]
    .near.data       inited   0x00002c     0x1  ApiKeyboard.o [1]
    .near.data       inited   0x00002d     0x2  ApiPocCmd.o [1]
    .near.data       inited   0x00002f     0x2  ApiPocCmd.o [1]
    .near.data       inited   0x000031     0x2  ApiPocCmd.o [1]
    .near.data       inited   0x000033     0x2  ApiPocCmd.o [1]
    .near.data       inited   0x000035     0x2  ApiPocCmd.o [1]
    .near.data       inited   0x000037     0x2  ApiPocCmd.o [1]
    .near.data       inited   0x000039     0x2  ApiPocCmd.o [1]
    .near.data       inited   0x00003b     0x2  DrvGD83.o [1]
    .near.data       inited   0x00003d     0x2  DrvGD83.o [1]
    .near.data       inited   0x00003f     0x2  DrvGD83.o [1]
    .near.data       inited   0x000041     0x2  DrvGD83.o [1]
    .near.data       inited   0x000043     0x2  Voice.o [1]
    .near.data       inited   0x000045     0x2  Voice.o [1]
    .near.data       inited   0x000047     0x2  Voice.o [1]
    .near.data       inited   0x000049     0x2  Voice.o [1]
    .near.data       inited   0x00004b     0x2  Voice.o [1]
    .near.data       inited   0x00004d     0x2  Voice.o [1]
    .near.data       inited   0x00004f     0x2  Voice.o [1]
    .near.data       inited   0x000051     0x2  Voice.o [1]
    .near.data       inited   0x000053     0x2  Voice.o [1]
    .near.data       inited   0x000055     0x2  Voice.o [1]
    .near.data       inited   0x000057     0x2  Voice.o [1]
    .near.data       inited   0x000059     0x2  Voice.o [1]
    .near.data       inited   0x00005b     0x2  Voice.o [1]
    .near.data       inited   0x00005d     0x2  Voice.o [1]
    .near.data       inited   0x00005f     0x2  Voice.o [1]
    .near.data       inited   0x000061     0x2  Voice.o [1]
    .near.data       inited   0x000063     0x2  Voice.o [1]
                            - 0x000065    0x55

"P2", part 2 of 2:                      0x15f7
  .near.bss          zero     0x000065   0xc1e  ApiPocCmd.o [1]
  .near.bss          zero     0x000c83   0x478  DrvGD83.o [1]
  .near.bss          zero     0x0010fb   0x200  ApiDisplay.o [1]
  .near.bss          zero     0x0012fb   0x1c3  ApiGpsCmd.o [1]
  .near.bss          zero     0x0014be    0x4b  ApiBeidou.o [1]
  .near.bss          zero     0x001509    0x44  uart3.o [1]
  .near.bss          zero     0x00154d    0x40  ApiDisplay.o [1]
  .near.bss          zero     0x00158d    0x25  ApiAtCmd.o [1]
  .near.bss          zero     0x0015b2    0x19  Delay.o [1]
  .near.bss          zero     0x0015cb    0x14  System.o [1]
  .near.bss          zero     0x0015df    0x12  Beep.o [1]
  .near.bss          zero     0x0015f1    0x12  Tone.o [1]
  .near.bss          zero     0x001603     0x6  ApiBeidou.o [1]
  .near.bss          zero     0x001609     0x6  Voice.o [1]
  .near.bss          zero     0x00160f     0x4  uart3.o [1]
  .near.bss          zero     0x001613     0x3  Task.o [1]
  .near.bss          zero     0x001616     0x2  ApiDisplay.o [1]
  .near.bss          zero     0x001618     0x2  Delay.o [1]
  .near.bss          zero     0x00161a     0x2  Delay.o [1]
  .near.bss          zero     0x00161c     0x2  Delay.o [1]
  .near.bss          zero     0x00161e     0x2  DrvHTG12832.o [1]
  .near.bss          zero     0x001620     0x1  ADC.o [1]
  .near.bss          zero     0x001621     0x1  ADC.o [1]
  .near.bss          zero     0x001622     0x1  ADC.o [1]
  .near.bss          zero     0x001623     0x1  ADC.o [1]
  .near.bss          zero     0x001624     0x1  ADC.o [1]
  .near.bss          zero     0x001625     0x1  ADC.o [1]
  .near.bss          zero     0x001626     0x1  ADC.o [1]
  .near.bss          zero     0x001627     0x1  ApiAtCmd.o [1]
  .near.bss          zero     0x001628     0x1  ApiBeidou.o [1]
  .near.bss          zero     0x001629     0x1  ApiBeidou.o [1]
  .near.bss          zero     0x00162a     0x1  ApiGpsCmd.o [1]
  .near.bss          zero     0x00162b     0x1  ApiGpsCmd.o [1]
  .near.bss          zero     0x00162c     0x1  ApiGpsCmd.o [1]
  .near.bss          zero     0x00162d     0x1  ApiKeyboard.o [1]
  .near.bss          zero     0x00162e     0x1  ApiKeyboard.o [1]
  .near.bss          zero     0x00162f     0x1  ApiKeyboard.o [1]
  .near.bss          zero     0x001630     0x1  ApiKeyboard.o [1]
  .near.bss          zero     0x001631     0x1  ApiKeyboard.o [1]
  .near.bss          zero     0x001632     0x1  ApiKeyboard.o [1]
  .near.bss          zero     0x001633     0x1  ApiKeyboard.o [1]
  .near.bss          zero     0x001634     0x1  ApiKeyboard.o [1]
  .near.bss          zero     0x001635     0x1  ApiKeyboard.o [1]
  .near.bss          zero     0x001636     0x1  ApiKeyboard.o [1]
  .near.bss          zero     0x001637     0x1  ApiKeyboard.o [1]
  .near.bss          zero     0x001638     0x1  ApiKeyboard.o [1]
  .near.bss          zero     0x001639     0x1  ApiKeyboard.o [1]
  .near.bss          zero     0x00163a     0x1  ApiKeyboard.o [1]
  .near.bss          zero     0x00163b     0x1  ApiKeyboard.o [1]
  .near.bss          zero     0x00163c     0x1  ApiKeyboard.o [1]
  .near.bss          zero     0x00163d     0x1  ApiKeyboard.o [1]
  .near.bss          zero     0x00163e     0x1  ApiKeyboard.o [1]
  .near.bss          zero     0x00163f     0x1  ApiKeyboard.o [1]
  .near.bss          zero     0x001640     0x1  ApiKeyboard.o [1]
  .near.bss          zero     0x001641     0x1  ApiKeyboard.o [1]
  .near.bss          zero     0x001642     0x1  ApiLED.o [1]
  .near.bss          zero     0x001643     0x1  ApiMenu.o [1]
  .near.bss          zero     0x001644     0x1  ApiMenu.o [1]
  .near.bss          zero     0x001645     0x1  ApiMenu.o [1]
  .near.bss          zero     0x001646     0x1  ApiMenu.o [1]
  .near.bss          zero     0x001647     0x1  ApiMenu.o [1]
  .near.bss          zero     0x001648     0x1  ApiMenu.o [1]
  .near.bss          zero     0x001649     0x1  ApiMenu.o [1]
  .near.bss          zero     0x00164a     0x1  ApiMenu.o [1]
  .near.bss          zero     0x00164b     0x1  Delay.o [1]
  .near.bss          zero     0x00164c     0x1  Delay.o [1]
  .near.bss          zero     0x00164d     0x1  Delay.o [1]
  .near.bss          zero     0x00164e     0x1  Delay.o [1]
  .near.bss          zero     0x00164f     0x1  Delay.o [1]
  .near.bss          zero     0x001650     0x1  DrvGD83.o [1]
  .near.bss          zero     0x001651     0x1  Task.o [1]
  .near.bss          zero     0x001652     0x1  Task.o [1]
  .near.bss          zero     0x001653     0x1  Task.o [1]
  .near.bss          zero     0x001654     0x1  Task.o [1]
  .near.bss          zero     0x001655     0x1  Task.o [1]
  .near.bss          zero     0x001656     0x1  Task.o [1]
  .near.bss          zero     0x001657     0x1  Task.o [1]
  .near.bss          zero     0x001658     0x1  Task.o [1]
  .near.bss          zero     0x001659     0x1  Task.o [1]
  .near.bss          zero     0x00165a     0x1  Task.o [1]
  .near.bss          zero     0x00165b     0x1  uart3.o [1]
                            - 0x00165c  0x15f7

"A2":                                    0x100
  CSTACK                      0x001700   0x100  <Block>
    CSTACK           uninit   0x001700   0x100  <Block tail>
                            - 0x001800   0x100

"A3":                                     0x80
  INTVEC                      0x008000    0x80  <Block>
    .intvec          const    0x008000    0x80  interrupt.o [5]
                            - 0x008080    0x80

"P3":                                   0x2a10
  .near.rodata       const    0x008080  0x1b00  GT20L16P1Y_D.o [1]
  .near.rodata       const    0x009b80   0x400  ApiDisplay.o [1]
  .near.rodata       const    0x009f80   0x1b0  GT20L16P1Y_D.o [1]
  .near.rodata       const    0x00a130   0x1b0  GT20L16P1Y_D.o [1]
  .near.rodata       const    0x00a2e0    0x5d  Voice.o [1]
  Initializer bytes  const    0x00a33d    0x55  <for P2-1>
  .near.rodata       const    0x00a392    0x45  ApiPocCmd.o [1]
  .near.rodata       const    0x00a3d7    0x45  Voice.o [1]
  .near_func.text    const    0x00a41c    0x40  ApiDisplay.o [1]
  .near.rodata       const    0x00a45c    0x3e  GT20L16P1Y.o [3]
  .near.rodata       const    0x00a49a    0x39  Voice.o [1]
  .near.rodata       const    0x00a4d3    0x35  Voice.o [1]
  .near.rodata       const    0x00a508    0x2d  Voice.o [1]
  .near.rodata       const    0x00a535    0x2d  Voice.o [1]
  .near.rodata       const    0x00a562    0x21  Voice.o [1]
  .iar.init_table    const    0x00a583    0x14  - Linker created -
  .near.rodata       const    0x00a597    0x20  KeyCmd.o [1]
  .near.rodata       const    0x00a5b7    0x1d  Voice.o [1]
  .near.rodata       const    0x00a5d4    0x1d  Voice.o [1]
  .near.rodata       const    0x00a5f1    0x1d  Voice.o [1]
  .near.rodata       const    0x00a60e    0x1d  Voice.o [1]
  .near.rodata       const    0x00a62b    0x19  Voice.o [1]
  .near.rodata       const    0x00a644    0x15  Voice.o [1]
  .near.rodata       const    0x00a659    0x15  Voice.o [1]
  .near.rodata       const    0x00a66e    0x13  ApiAtCmd.o [1]
  .near.rodata       const    0x00a681    0x12  ApiMenu.o [1]
  .near.rodata       const    0x00a693    0x11  ApiKeyboard.o [1]
  .near.rodata       const    0x00a6a4    0x11  ApiMenu.o [1]
  .near.rodata       const    0x00a6b5    0x11  ApiMenu.o [1]
  .near.rodata       const    0x00a6c6    0x11  ApiMenu.o [1]
  .near.rodata       const    0x00a6d7    0x11  ApiMenu.o [1]
  .near.rodata       const    0x00a6e8    0x11  ApiMenu.o [1]
  .near.rodata       const    0x00a6f9    0x11  ApiMenu.o [1]
  .near.rodata       const    0x00a70a    0x11  ApiMenu.o [1]
  .near.rodata       const    0x00a71b    0x11  ApiMenu.o [1]
  .near.rodata       const    0x00a72c    0x11  ApiMenu.o [1]
  .near.rodata       const    0x00a73d    0x11  ApiMenu.o [1]
  .near.rodata       const    0x00a74e    0x11  ApiMenu.o [1]
  .near.rodata       const    0x00a75f    0x11  ApiMenu.o [1]
  .near.rodata       const    0x00a770    0x11  ApiMenu.o [1]
  .near.rodata       const    0x00a781    0x11  ApiMenu.o [1]
  .near.rodata       const    0x00a792    0x11  ApiMenu.o [1]
  .near.rodata       const    0x00a7a3    0x11  ApiMenu.o [1]
  .near.rodata       const    0x00a7b4    0x11  ApiMenu.o [1]
  .near.rodata       const    0x00a7c5    0x11  ApiMenu.o [1]
  .near.rodata       const    0x00a7d6    0x11  ApiMenu.o [1]
  .near.rodata       const    0x00a7e7    0x11  ApiMenu.o [1]
  .near.rodata       const    0x00a7f8    0x11  ApiMenu.o [1]
  .near.rodata       const    0x00a809    0x11  ApiMenu.o [1]
  .near.rodata       const    0x00a81a    0x11  ApiMenu.o [1]
  .near.rodata       const    0x00a82b    0x11  ApiPocCmd.o [1]
  .near.rodata       const    0x00a83c    0x11  ApiPocCmd.o [1]
  .near.rodata       const    0x00a84d    0x11  CommonLib.o [1]
  .near.rodata       const    0x00a85e    0x11  Delay.o [1]
  .near.rodata       const    0x00a86f    0x11  Delay.o [1]
  .near.rodata       const    0x00a880    0x11  Delay.o [1]
  .near.rodata       const    0x00a891    0x11  KeyCmd.o [1]
  .near.rodata       const    0x00a8a2    0x11  KeyCmd.o [1]
  .near.rodata       const    0x00a8b3    0x11  Task.o [1]
  .near.rodata       const    0x00a8c4    0x11  Task.o [1]
  .near.rodata       const    0x00a8d5    0x11  Task.o [1]
  .near.rodata       const    0x00a8e6    0x11  Task.o [1]
  .near.rodata       const    0x00a8f7    0x11  Voice.o [1]
  .near.rodata       const    0x00a908    0x11  Voice.o [1]
  .near.rodata       const    0x00a919    0x11  Voice.o [1]
  .near.rodata       const    0x00a92a    0x10  ApiDisplay.o [1]
  .near.rodata       const    0x00a93a    0x10  ApiDisplay.o [1]
  .near.rodata       const    0x00a94a    0x10  uart3.o [1]
  .near.rodata       const    0x00a95a     0xf  ApiPocCmd.o [1]
  .near.rodata       const    0x00a969     0xe  ApiAtCmd.o [1]
  .near.rodata       const    0x00a977     0xc  ApiAtCmd.o [1]
  .near.rodata       const    0x00a983     0xc  ApiAtCmd.o [1]
  .near.rodata       const    0x00a98f     0xb  ApiKeyboard.o [1]
  .near.rodata       const    0x00a99a     0xb  ApiPocCmd.o [1]
  .near.rodata       const    0x00a9a5     0xb  ApiPocCmd.o [1]
  .near.rodata       const    0x00a9b0     0xa  ApiAtCmd.o [1]
  .near.rodata       const    0x00a9ba     0x9  ApiAtCmd.o [1]
  .near.rodata       const    0x00a9c3     0x9  DrvGD83.o [1]
  .near.rodata       const    0x00a9cc     0x8  ApiAtCmd.o [1]
  .near.rodata       const    0x00a9d4     0x8  ApiAtCmd.o [1]
  .near.rodata       const    0x00a9dc     0x8  ApiDisplay.o [1]
  .near.rodata       const    0x00a9e4     0x8  ApiPocCmd.o [1]
  .near.rodata       const    0x00a9ec     0x7  ApiAtCmd.o [1]
  .near.rodata       const    0x00a9f3     0x7  ApiAtCmd.o [1]
  .near.rodata       const    0x00a9fa     0x7  ApiPocCmd.o [1]
  .near.rodata       const    0x00aa01     0x7  ApiPocCmd.o [1]
  .near.rodata       const    0x00aa08     0x7  ApiPocCmd.o [1]
  .near.rodata       const    0x00aa0f     0x7  ApiPocCmd.o [1]
  .near.rodata       const    0x00aa16     0x7  ApiPocCmd.o [1]
  .near.rodata       const    0x00aa1d     0x7  DrvGD83.o [1]
  .near.rodata       const    0x00aa24     0x6  ApiAtCmd.o [1]
  .near.rodata       const    0x00aa2a     0x6  DrvGD83.o [1]
  .near.rodata       const    0x00aa30     0x6  System.o [1]
  .near.rodata       const    0x00aa36     0x5  ApiAtCmd.o [1]
  .near.rodata       const    0x00aa3b     0x4  ApiMenu.o [1]
  .near.rodata       const    0x00aa3f     0x4  ApiMenu.o [1]
  .near.rodata       const    0x00aa43     0x4  ApiMenu.o [1]
  .near.rodata       const    0x00aa47     0x4  ApiMenu.o [1]
  .near.rodata       const    0x00aa4b     0x4  ApiMenu.o [1]
  .near.rodata       const    0x00aa4f     0x4  ApiMenu.o [1]
  .near.rodata       const    0x00aa53     0x4  ApiMenu.o [1]
  .near.rodata       const    0x00aa57     0x4  ApiMenu.o [1]
  .near.rodata       const    0x00aa5b     0x4  ApiMenu.o [1]
  .near.rodata       const    0x00aa5f     0x4  ApiMenu.o [1]
  .near.rodata       const    0x00aa63     0x4  ApiMenu.o [1]
  .near.rodata       const    0x00aa67     0x4  ApiMenu.o [1]
  .near.rodata       const    0x00aa6b     0x4  ApiMenu.o [1]
  .near.rodata       const    0x00aa6f     0x4  ApiMenu.o [1]
  .near.rodata       const    0x00aa73     0x4  ApiMenu.o [1]
  .near.rodata       const    0x00aa77     0x4  ApiPocCmd.o [1]
  .near.rodata       const    0x00aa7b     0x4  stm8s_clk.o [1]
  .near.rodata       const    0x00aa7f     0x4  uart3.o [1]
  .near.rodata       const    0x00aa83     0x4  uart3.o [1]
  .near.rodata       const    0x00aa87     0x3  DrvGD83.o [1]
  .near.rodata       const    0x00aa8a     0x3  uart3.o [1]
  .near.rodata       const    0x00aa8d     0x3  uart3.o [1]
                            - 0x00aa90  0x2a10

"P4", part 1 of 2:                      0x4446
  .far_func.text     ro code  0x00aa90   0xa2c  ApiKeyboard.o [1]
  .far_func.text     ro code  0x00b4bc   0x823  DrvGD83.o [1]
  .far_func.text     ro code  0x00bcdf   0x63f  ApiPocCmd.o [1]
  .far_func.text     ro code  0x00c31e   0x44b  ApiGpsCmd.o [1]
  .far_func.text     ro code  0x00c769   0x40b  Delay.o [1]
  .far_func.text     ro code  0x00cb74   0x386  ApiMenu.o [1]
  .far_func.text     ro code  0x00cefa   0x30f  Beep.o [1]
  .far_func.text     ro code  0x00d209   0x2f6  Task.o [1]
  .far_func.text     ro code  0x00d4ff   0x2cd  GT20L16P1Y.o [3]
  .far_func.text     ro code  0x00d7cc   0x2a4  ApiPocCmd.o [1]
  .far_func.text     ro code  0x00da70   0x297  ApiMenu.o [1]
  .far_func.text     ro code  0x00dd07   0x259  ADC.o [1]
  .far_func.text     ro code  0x00df60   0x252  DrvHTG12832.o [1]
  .far_func.text     ro code  0x00e1b2   0x251  GT20L16P1Y.o [3]
  .far_func.text     ro code  0x00e403   0x24d  ApiGpsCmd.o [1]
  .far_func.text     ro code  0x00e650   0x231  Voice.o [1]
  .far_func.text     ro code  0x00e881   0x22c  Config.o [1]
  .far_func.text     ro code  0x00eaad   0x218  ApiGpsCmd.o [1]
  .far_func.text     ro code  0x00ecc5   0x211  DrvKeyboard.o [1]
                            - 0x00eed6  0x4446

"P4", part 2 of 2:                      0x4a49
  .far_func.text     ro code  0x010000   0x1d4  ApiGpsCmd.o [1]
  .far_func.text     ro code  0x0101d4   0x1b2  uart3.o [1]
  .far_func.text     ro code  0x010386   0x19f  long.o [5]
  .far_func.text     ro code  0x010525   0x185  GT20L16P1Y.o [3]
  .far_func.text     ro code  0x0106aa   0x165  ApiGpsCmd.o [1]
  .far_func.text     ro code  0x01080f   0x163  vreg_util.o [5]
  .far_func.text     ro code  0x010972   0x159  stm8s_uart1.o [1]
  .far_func.text     ro code  0x010acb   0x148  DrvKeyboard.o [1]
  .far_func.text     ro code  0x010c13   0x147  ApiAtCmd.o [1]
  .far_func.text     ro code  0x010d5a   0x13f  DrvKeyboard.o [1]
  .far_func.text     ro code  0x010e99   0x13b  DrvGT20L16S1Y.o [1]
  .far_func.text     ro code  0x010fd4   0x134  CommonLib.o [1]
  .far_func.text     ro code  0x011108   0x134  DrvGT20L16S1Y.o [1]
  .far_func.text     ro code  0x01123c   0x12a  stm8s_uart3.o [1]
  .far_func.text     ro code  0x011366   0x109  System.o [1]
  .far_func.text     ro code  0x01146f   0x103  stm8s_itc.o [1]
  .far_func.text     ro code  0x011572    0xfa  CommonLib.o [1]
  .far_func.text     ro code  0x01166c    0xf3  uart3.o [1]
  .far_func.text     ro code  0x01175f    0xeb  DrvGD83.o [1]
  .far_func.text     ro code  0x01184a    0xe9  uart3.o [1]
  .far_func.text     ro code  0x011933    0xe5  ApiKeyboard.o [1]
  .far_func.text     ro code  0x011a18    0xdf  uart3.o [1]
  .far_func.text     ro code  0x011af7    0xd9  ApiDisplay.o [1]
  .far_func.text     ro code  0x011bd0    0xd0  ApiPocCmd.o [1]
  .far_func.text     ro code  0x011ca0    0xc8  ApiDisplay.o [1]
  .far_func.text     ro code  0x011d68    0xc3  ApiPocCmd.o [1]
  .far_func.text     ro code  0x011e2b    0xc3  ApiPocCmd.o [1]
  .far_func.text     ro code  0x011eee    0xc0  ApiDisplay.o [1]
  .far_func.text     ro code  0x011fae    0xba  uart3.o [1]
  .far_func.text     ro code  0x012068    0xb6  stm8s_uart3.o [1]
  .far_func.text     ro code  0x01211e    0xb5  ApiAtCmd.o [1]
  .far_func.text     ro code  0x0121d3    0xb2  CommonLib.o [1]
  .far_func.text     ro code  0x012285    0xb0  ApiDisplay.o [1]
  .far_func.text     ro code  0x012335    0xaf  stm8s_gpio.o [1]
  .far_func.text     ro code  0x0123e4    0xad  uart3.o [1]
  .far_func.text     ro code  0x012491    0xa3  Delay.o [1]
  .far_func.text     ro code  0x012534    0xa2  stm8s_clk.o [1]
  .far_func.text     ro code  0x0125d6    0x99  stm8s_tim1.o [1]
  .far_func.text     ro code  0x01266f    0x97  ApiDisplay.o [1]
  .far_func.text     ro code  0x012706    0x96  CommonLib.o [1]
  .far_func.text     ro code  0x01279c    0x96  DrvKeyboard.o [1]
  .far_func.text     ro code  0x012832    0x95  uart3.o [1]
  .far_func.text     ro code  0x0128c7    0x92  ApiLED.o [1]
  .far_func.text     ro code  0x012959    0x92  stm8s_uart1.o [1]
  .far_func.text     ro code  0x0129eb    0x8f  uart3.o [1]
  .far_func.text     ro code  0x012a7a    0x8d  stm8s_uart3.o [1]
  .far_func.text     ro code  0x012b07    0x88  ApiDisplay.o [1]
  .far_func.text     ro code  0x012b8f    0x82  stm8s_adc2.o [1]
  .far_func.text     ro code  0x012c11    0x80  DrvGD83.o [1]
  .far_func.text     ro code  0x012c91    0x7b  ApiPocCmd.o [1]
  .far_func.text     ro code  0x012d0c    0x7b  ApiPocCmd.o [1]
  .far_func.text     ro code  0x012d87    0x77  ApiAtCmd.o [1]
  .far_func.text     ro code  0x012dfe    0x73  ApiAtCmd.o [1]
  .far_func.text     ro code  0x012e71    0x73  Delay.o [1]
  .far_func.text     ro code  0x012ee4    0x72  DrvKeyboard.o [1]
  .far_func.text     ro code  0x012f56    0x72  long_util.o [5]
  .far_func.text     ro code  0x012fc8    0x71  Voice.o [1]
  .far_func.text     ro code  0x013039    0x6e  uart3.o [1]
  .far_func.text     ro code  0x0130a7    0x6d  stm8s_uart1.o [1]
  .far_func.text     ro code  0x013114    0x6b  Tone.o [1]
  .far_func.text     ro code  0x01317f    0x69  uart3.o [1]
  .far_func.text     ro code  0x0131e8    0x67  ApiAtCmd.o [1]
  .far_func.text     ro code  0x01324f    0x64  ApiDisplay.o [1]
  .far_func.text     ro code  0x0132b3    0x64  ApiGpsCmd.o [1]
  .far_func.text     ro code  0x013317    0x61  ApiDisplay.o [1]
  .far_func.text     ro code  0x013378    0x61  KeyCmd.o [1]
  .far_func.text     ro code  0x0133d9    0x61  stm8s_tim1.o [1]
  .far_func.text     ro code  0x01343a    0x60  Task.o [1]
  .far_func.text     ro code  0x01349a    0x5e  CommonLib.o [1]
  .far_func.text     ro code  0x0134f8    0x5d  short.o [5]
  .far_func.text     ro code  0x013555    0x5c  GT20L16P1Y_D.o [1]
  .far_func.text     ro code  0x0135b1    0x5c  uart3.o [1]
  .far_func.text     ro code  0x01360d    0x58  stm8s_clk.o [1]
  .far_func.text     ro code  0x013665    0x58  dc_util.o [5]
  .far_func.text     ro code  0x0136bd    0x57  ApiDisplay.o [1]
  .far_func.text     ro code  0x013714    0x56  Tone.o [1]
  .far_func.text     ro code  0x01376a    0x55  Delay.o [1]
  .far_func.text     ro code  0x0137bf    0x54  stm8s_adc2.o [1]
  .far_func.text     ro code  0x013813    0x52  uart3.o [1]
  .far_func.text     ro code  0x013865    0x50  Flash_eeprom.o [1]
  .far_func.text     ro code  0x0138b5    0x4f  ApiDisplay.o [1]
  .far_func.text     ro code  0x013904    0x4f  Flash_eeprom.o [1]
  .far_func.text     ro code  0x013953    0x4f  uart3.o [1]
  .far_func.text     ro code  0x0139a2    0x4e  ApiPocCmd.o [1]
  .far_func.text     ro code  0x0139f0    0x4e  ApiPocCmd.o [1]
  .far_func.text     ro code  0x013a3e    0x4e  CommonLib.o [1]
  .far_func.text     ro code  0x013a8c    0x4b  Voice.o [1]
  .far_func.text     ro code  0x013ad7    0x4a  DrvGD83.o [1]
  .far_func.text     ro code  0x013b21    0x4a  DrvGD83.o [1]
  .far_func.text     ro code  0x013b6b    0x4a  DrvGD83.o [1]
  .far_func.text     ro code  0x013bb5    0x4a  DrvGD83.o [1]
  .far_func.text     ro code  0x013bff    0x49  stm8s_uart3.o [1]
  .far_func.text     ro code  0x013c48    0x48  Flash_eeprom.o [1]
  .far_func.text     ro code  0x013c90    0x48  GT20L16P1Y_D.o [1]
  .far_func.text     ro code  0x013cd8    0x48  GT20L16P1Y_D.o [1]
  .far_func.text     ro code  0x013d20    0x47  GT20L16P1Y.o [3]
  .far_func.text     ro code  0x013d67    0x45  Flash_eeprom.o [1]
  .far_func.text     ro code  0x013dac    0x43  stm8s_tim1.o [1]
  .far_func.text     ro code  0x013def    0x43  System.o [1]
  .far_func.text     ro code  0x013e32    0x40  Task.o [1]
  .far_func.text     ro code  0x013e72    0x3e  Flash_eeprom.o [1]
  .far_func.text     ro code  0x013eb0    0x3d  DrvGD83.o [1]
  .far_func.text     ro code  0x013eed    0x3b  McuConfig.o [1]
  .far_func.text     ro code  0x013f28    0x39  uart3.o [1]
  .far_func.text     ro code  0x013f61    0x38  Beep.o [1]
  .far_func.text     ro code  0x013f99    0x38  DrvGT20L16S1Y.o [1]
  .far_func.text     ro code  0x013fd1    0x37  ApiPocCmd.o [1]
  .far_func.text     ro code  0x014008    0x36  ApiPocCmd.o [1]
  .far_func.text     ro code  0x01403e    0x36  stm8s_flash.o [1]
  .far_func.text     ro code  0x014074    0x36  sysclock.o [1]
  .far_func.text     ro code  0x0140aa    0x36  memcmp.o [5]
  .far_func.text     ro code  0x0140e0    0x34  McuConfig.o [1]
  .far_func.text     ro code  0x014114    0x32  stm8s_uart1.o [1]
  .far_func.text     ro code  0x014146    0x31  ApiDisplay.o [1]
  .far_func.text     ro code  0x014177    0x31  main.o [1]
  .far_func.text     ro code  0x0141a8    0x30  ApiPocCmd.o [1]
  .far_func.text     ro code  0x0141d8    0x30  stm8s_adc2.o [1]
  .far_func.text     ro code  0x014208    0x2f  stm8s_adc2.o [1]
  .far_func.text     ro code  0x014237    0x2e  ApiDisplay.o [1]
  .far_func.text     ro code  0x014265    0x2d  stm8s_uart1.o [1]
  .far_func.text     ro code  0x014292    0x2c  DrvGD83.o [1]
  .far_func.text     ro code  0x0142be    0x2b  sysclock.o [1]
  .far_func.text     ro code  0x0142e9    0x2a  Task.o [1]
  .far_func.text     ro code  0x014313    0x29  Delay.o [1]
  .far_func.text     ro code  0x01433c    0x29  McuConfig.o [1]
  .far_func.text     ro code  0x014365    0x28  stm8s_flash.o [1]
  .far_func.text     ro code  0x01438d    0x28  init_small.o [5]
  .far_func.text     ro code  0x0143b5    0x27  ADC.o [1]
  .far_func.text     ro code  0x0143dc    0x27  McuConfig.o [1]
  .far_func.text     ro code  0x014403    0x26  GT20L16P1Y_D.o [1]
  .far_func.text     ro code  0x014429    0x26  stm8s_it.o [1]
  .far_func.text     ro code  0x01444f    0x26  Tone.o [1]
  .far_func.text     ro code  0x014475    0x26  memcpy.o [5]
  .far_func.text     ro code  0x01449b    0x25  stm8s_flash.o [1]
  .far_func.text     ro code  0x0144c0    0x25  stm8s_uart3.o [1]
  .far_func.text     ro code  0x0144e5    0x25  move.o [5]
  .far_func.text     ro code  0x01450a    0x24  stm8s_tim1.o [1]
  .far_func.text     ro code  0x01452e    0x22  ADC.o [1]
  .far_func.text     ro code  0x014550    0x21  ApiGpsCmd.o [1]
  .far_func.text     ro code  0x014571    0x21  Delay.o [1]
  .far_func.text     ro code  0x014592    0x21  stm8s_adc2.o [1]
  .far_func.text     ro code  0x0145b3    0x21  stm8s_it.o [1]
  .far_func.text     ro code  0x0145d4    0x20  KeyCmd.o [1]
  .far_func.text     ro code  0x0145f4    0x1f  sysclock.o [1]
  .far_func.text     ro code  0x014613    0x1e  init.o [5]
  .far_func.text     ro code  0x014631    0x1e  init_small.o [5]
  .far_func.text     ro code  0x01464f    0x1c  Beep.o [1]
  .far_func.text     ro code  0x01466b    0x1c  Delay.o [1]
  .far_func.text     ro code  0x014687    0x1b  stm8s_it.o [1]
  .far_func.text     ro code  0x0146a2    0x19  McuConfig.o [1]
  .far_func.text     ro code  0x0146bb    0x19  McuConfig.o [1]
  .far_func.text     ro code  0x0146d4    0x19  McuConfig.o [1]
  .far_func.text     ro code  0x0146ed    0x19  McuConfig.o [1]
  .far_func.text     ro code  0x014706    0x19  McuConfig.o [1]
  .far_func.text     ro code  0x01471f    0x17  ApiDisplay.o [1]
  .far_func.text     ro code  0x014736    0x17  ApiDisplay.o [1]
  .far_func.text     ro code  0x01474d    0x17  cstartup.o [5]
  .far_func.text     ro code  0x014764    0x17  memset.o [5]
  .far_func.text     ro code  0x01477b    0x16  KeyCmd.o [1]
  .far_func.text     ro code  0x014791    0x16  stm8s_flash.o [1]
  .far_func.text     ro code  0x0147a7    0x16  __dbg_xxexit.o [4]
  .far_func.text     ro code  0x0147bd    0x15  ApiPocCmd.o [1]
  .far_func.text     ro code  0x0147d2    0x14  stm8s_flash.o [1]
  .far_func.text     ro code  0x0147e6    0x13  stm8s_adc2.o [1]
  .far_func.text     ro code  0x0147f9    0x13  stm8s_clk.o [1]
  .far_func.text     ro code  0x01480c    0x13  stm8s_tim3.o [1]
  .far_func.text     ro code  0x01481f    0x12  uart3.o [1]
  .far_func.text     ro code  0x014831    0x12  strlen.o [5]
  .far_func.text     ro code  0x014843    0x10  ApiAtCmd.o [1]
  .far_func.text     ro code  0x014853    0x10  uart3.o [1]
  .far_func.text     ro code  0x014863     0xf  Voice.o [1]
  .far_func.text     ro code  0x014872     0xe  far_util.o [5]
  .far_func.text     ro code  0x014880     0xd  McuConfig.o [1]
  .far_func.text     ro code  0x01488d     0xd  McuConfig.o [1]
  .far_func.text     ro code  0x01489a     0xd  McuConfig.o [1]
  .far_func.text     ro code  0x0148a7     0xd  McuConfig.o [1]
  .far_func.text     ro code  0x0148b4     0xd  stm8s_adc2.o [1]
  .far_func.text     ro code  0x0148c1     0xd  stm8s_tim1.o [1]
  .far_func.text     ro code  0x0148ce     0xd  stm8s_tim1.o [1]
  .far_func.text     ro code  0x0148db     0xd  stm8s_tim1.o [1]
  .far_func.text     ro code  0x0148e8     0xd  stm8s_tim3.o [1]
  .far_func.text     ro code  0x0148f5     0xd  stm8s_tim3.o [1]
  .far_func.text     ro code  0x014902     0xd  stm8s_uart1.o [1]
  .far_func.text     ro code  0x01490f     0xd  stm8s_uart3.o [1]
  .far_func.text     ro code  0x01491c     0xc  ApiAtCmd.o [1]
  .far_func.text     ro code  0x014928     0xc  ApiAtCmd.o [1]
  .far_func.text     ro code  0x014934     0xc  stm8s_tim3.o [1]
  .far_func.text     ro code  0x014940     0xb  ApiAtCmd.o [1]
  .far_func.text     ro code  0x01494b     0xb  ApiAtCmd.o [1]
  .far_func.text     ro code  0x014956     0xb  stm8s_flash.o [1]
  .far_func.text     ro code  0x014961     0xa  ApiAtCmd.o [1]
  .far_func.text     ro code  0x01496b     0x9  stm8s_gpio.o [1]
  .far_func.text     ro code  0x014974     0x9  stm8s_tim3.o [1]
  .far_func.text     ro code  0x01497d     0x7  stm8s_flash.o [1]
  .far_func.text     ro code  0x014984     0x7  stm8s_gpio.o [1]
  .far_func.text     ro code  0x01498b     0x6  char.o [5]
  .far_func.text     ro code  0x014991     0x6  cexit.o [5]
  .far_func.text     ro code  0x014997     0x5  ApiPocCmd.o [1]
  .far_func.text     ro code  0x01499c     0x5  stm8s_adc2.o [1]
  .far_func.text     ro code  0x0149a1     0x5  stm8s_flash.o [1]
  .far_func.text     ro code  0x0149a6     0x5  stm8s_flash.o [1]
  .far_func.text     ro code  0x0149ab     0x5  stm8s_tim3.o [1]
  .far_func.text     ro code  0x0149b0     0x4  ApiAtCmd.o [1]
  .far_func.text     ro code  0x0149b4     0x4  ApiAtCmd.o [1]
  .far_func.text     ro code  0x0149b8     0x4  ApiPocCmd.o [1]
  .far_func.text     ro code  0x0149bc     0x4  ApiPocCmd.o [1]
  .far_func.text     ro code  0x0149c0     0x4  ApiPocCmd.o [1]
  .far_func.text     ro code  0x0149c4     0x4  ApiPocCmd.o [1]
  .far_func.text     ro code  0x0149c8     0x4  ApiPocCmd.o [1]
  .far_func.text     ro code  0x0149cc     0x4  ApiPocCmd.o [1]
  .far_func.text     ro code  0x0149d0     0x4  ApiPocCmd.o [1]
  .far_func.text     ro code  0x0149d4     0x4  ApiPocCmd.o [1]
  .far_func.text     ro code  0x0149d8     0x4  ApiPocCmd.o [1]
  .far_func.text     ro code  0x0149dc     0x4  ApiPocCmd.o [1]
  .far_func.text     ro code  0x0149e0     0x4  ApiPocCmd.o [1]
  .far_func.text     ro code  0x0149e4     0x4  ApiPocCmd.o [1]
  .far_func.text     ro code  0x0149e8     0x4  ApiPocCmd.o [1]
  .far_func.text     ro code  0x0149ec     0x4  ApiPocCmd.o [1]
  .far_func.text     ro code  0x0149f0     0x4  ApiPocCmd.o [1]
  .far_func.text     ro code  0x0149f4     0x4  ApiPocCmd.o [1]
  .far_func.text     ro code  0x0149f8     0x4  ApiPocCmd.o [1]
  .far_func.text     ro code  0x0149fc     0x4  stm8s_gpio.o [1]
  .far_func.text     ro code  0x014a00     0x4  stm8s_uart1.o [1]
  .far_func.text     ro code  0x014a04     0x4  stm8s_uart1.o [1]
  .far_func.text     ro code  0x014a08     0x4  stm8s_uart3.o [1]
  .far_func.text     ro code  0x014a0c     0x4  stm8s_uart3.o [1]
  .far_func.text     ro code  0x014a10     0x4  System.o [1]
  .far_func.text     ro code  0x014a14     0x4  System.o [1]
  .far_func.text     ro code  0x014a18     0x4  Task.o [1]
  .far_func.text     ro code  0x014a1c     0x4  Task.o [1]
  .far_func.text     ro code  0x014a20     0x4  Task.o [1]
  .far_func.text     ro code  0x014a24     0x4  interrupt.o [5]
  .far_func.text     ro code  0x014a28     0x4  exit.o [5]
  .far_func.text     ro code  0x014a2c     0x3  low_level_init.o [5]
  .far_func.text     ro code  0x014a2f     0x3  unhandled_exception.o [5]
  .far_func.text     ro code  0x014a32     0x1  ApiKeyboard.o [1]
  .far_func.text     ro code  0x014a33     0x1  stm8s_it.o [1]
  .far_func.text     ro code  0x014a34     0x1  stm8s_it.o [1]
  .far_func.text     ro code  0x014a35     0x1  stm8s_it.o [1]
  .far_func.text     ro code  0x014a36     0x1  stm8s_it.o [1]
  .far_func.text     ro code  0x014a37     0x1  stm8s_it.o [1]
  .far_func.text     ro code  0x014a38     0x1  stm8s_it.o [1]
  .far_func.text     ro code  0x014a39     0x1  stm8s_it.o [1]
  .far_func.text     ro code  0x014a3a     0x1  stm8s_it.o [1]
  .far_func.text     ro code  0x014a3b     0x1  stm8s_it.o [1]
  .far_func.text     ro code  0x014a3c     0x1  stm8s_it.o [1]
  .far_func.text     ro code  0x014a3d     0x1  stm8s_it.o [1]
  .far_func.text     ro code  0x014a3e     0x1  stm8s_it.o [1]
  .far_func.text     ro code  0x014a3f     0x1  stm8s_it.o [1]
  .far_func.text     ro code  0x014a40     0x1  stm8s_it.o [1]
  .far_func.text     ro code  0x014a41     0x1  stm8s_it.o [1]
  .far_func.text     ro code  0x014a42     0x1  stm8s_it.o [1]
  .far_func.text     ro code  0x014a43     0x1  stm8s_it.o [1]
  .far_func.text     ro code  0x014a44     0x1  stm8s_it.o [1]
  .far_func.text     ro code  0x014a45     0x1  stm8s_it.o [1]
  .far_func.text     ro code  0x014a46     0x1  stm8s_it.o [1]
  .far_func.text     ro code  0x014a47     0x1  stm8s_it.o [1]
  .far_func.text     ro code  0x014a48     0x1  __dbg_break.o [4]
                            - 0x014a49  0x4a49


*******************************************************************************
*** INIT TABLE
***

          Address   Size
          -------   ----
Zero (__iar_zero_init2)
    1 destination range, total size 0x15f7:
          0x000065  0x15f7

Copy (__iar_copy_init2)
    1 source range, total size 0x55:
          0x00a33d    0x55
    1 destination range, total size 0x55:
          0x000010    0x55



*******************************************************************************
*** MODULE SUMMARY
***

    Module                 ro code  ro data  rw data
    ------                 -------  -------  -------
E:\1-source\2-A508_WCDMA_CORGET\PRJ\Debug\Obj: [1]
    ADC.o                      674                 7
    ApiAtCmd.o                 925      141       62
    ApiBeidou.o                                   83
    ApiDisplay.o             1 576    1 128      578
    ApiGpsCmd.o              3 182               454
    ApiKeyboard.o            2 834       33       26
    ApiLED.o                   146                 1
    ApiMenu.o                1 565      469        8
    ApiPocCmd.o              3 526      201    3 116
    Beep.o                     867                18
    CommonLib.o              1 058       17
    Config.o                   556
    Delay.o                  1 500       51       36
    DrvGD83.o                2 847       33    1 153
    DrvGT20L16S1Y.o            679
    DrvHTG12832.o              594                 2
    DrvKeyboard.o            1 440
    Flash_eeprom.o             362
    GT20L16P1Y_D.o             274    7 776
    KeyCmd.o                   151       66
    McuConfig.o                368
    System.o                   340        6       20
    Task.o                     972       68       13
    Tone.o                     231                18
    Voice.o                    764      663       40
    main.o                      49
    stm8s_adc2.o               379
    stm8s_clk.o                269        4
    stm8s_flash.o              201
    stm8s_gpio.o               195
    stm8s_it.o                 119
    stm8s_itc.o                259
    stm8s_tim1.o               392
    stm8s_tim3.o                71
    stm8s_uart1.o              716
    stm8s_uart3.o              752
    sysclock.o                 128
    uart3.o                  2 343       30       73
    ------------------------------------------------
    Total:                  33 304   10 686    5 708

command line: [2]
    ------------------------------------------------
    Total:

GT20L16_STM8_DOUBLE_MEDIUM_IAR.a: [3]
    GT20L16P1Y.o             1 770       62
    ------------------------------------------------
    Total:                   1 770       62

dbgstm8mmd.a: [4]
    __dbg_break.o                1
    __dbg_xxexit.o              22
    ------------------------------------------------
    Total:                      23

dlstm8mmn.a: [5]
    cexit.o                      6
    char.o                       6
    cstartup.o                  23
    dc_util.o                   88
    exit.o                       4
    far_util.o                  14
    init.o                      30
    init_small.o                70
    interrupt.o                  4      128
    long.o                     415
    long_util.o                114
    low_level_init.o             3
    memcmp.o                    54
    memcpy.o                    38
    memset.o                    23
    move.o                      37
    short.o                     93
    strlen.o                    18
    unhandled_exception.o        3
    vreg_util.o                355
    vregs.o                                       16
    ------------------------------------------------
    Total:                   1 398      128       16

    Linker created                       20      256
----------------------------------------------------
    Grand Total:            36 495   10 896    5 980


*******************************************************************************
*** ENTRY LIST
***

Entry                    Address    Size  Type      Object
-----                    -------    ----  ----      ------
.iar.init_table$$Base   0x00a583           --   Gb  - Linker created -
.iar.init_table$$Limit  0x00a597           --   Gb  - Linker created -
?add32_l0_l0_0x         0x010389          Code  Gb  long.o [5]
?add32_l0_l0_l1         0x010386          Code  Gb  long.o [5]
?and32_l0_l0_0x         0x0104c5          Code  Gb  long.o [5]
?and32_l0_l0_l1         0x0104c2          Code  Gb  long.o [5]
?b0                     0x000000          Data  Gb  vregs.o [5]
?b1                     0x000001          Data  Gb  vregs.o [5]
?b10                    0x00000a          Data  Gb  vregs.o [5]
?b11                    0x00000b          Data  Gb  vregs.o [5]
?b12                    0x00000c          Data  Gb  vregs.o [5]
?b13                    0x00000d          Data  Gb  vregs.o [5]
?b14                    0x00000e          Data  Gb  vregs.o [5]
?b15                    0x00000f          Data  Gb  vregs.o [5]
?b2                     0x000002          Data  Gb  vregs.o [5]
?b3                     0x000003          Data  Gb  vregs.o [5]
?b4                     0x000004          Data  Gb  vregs.o [5]
?b5                     0x000005          Data  Gb  vregs.o [5]
?b6                     0x000006          Data  Gb  vregs.o [5]
?b7                     0x000007          Data  Gb  vregs.o [5]
?b8                     0x000008          Data  Gb  vregs.o [5]
?b9                     0x000009          Data  Gb  vregs.o [5]
?dc32_l0                0x013665          Code  Gb  dc_util.o [5]
?dc32_l1                0x013691          Code  Gb  dc_util.o [5]
?e0                     0x000001          Data  Gb  vregs.o [5]
?e1                     0x000005          Data  Gb  vregs.o [5]
?e2                     0x000009          Data  Gb  vregs.o [5]
?e3                     0x00000d          Data  Gb  vregs.o [5]
?epilogue_l2            0x0108c7          Code  Gb  vreg_util.o [5]
?epilogue_l2_l3         0x0108c3          Code  Gb  vreg_util.o [5]
?epilogue_l2_w6         0x0108cc          Code  Gb  vreg_util.o [5]
?epilogue_w4            0x0108d5          Code  Gb  vreg_util.o [5]
?l0                     0x000000          Data  Gb  vregs.o [5]
?l1                     0x000004          Data  Gb  vregs.o [5]
?l2                     0x000008          Data  Gb  vregs.o [5]
?l3                     0x00000c          Data  Gb  vregs.o [5]
?load24_e1_0x           0x014872          Code  Gb  far_util.o [5]
?load32_0x_l0           0x012fac          Code  Gb  long_util.o [5]
?load32_0x_l2           0x012fba          Code  Gb  long_util.o [5]
?load32_l0_0x           0x012f70          Code  Gb  long_util.o [5]
?load32_l0_asp          0x012f64          Code  Gb  long_util.o [5]
?load32_l0_dbsp         0x012f56          Code  Gb  long_util.o [5]
?load32_l0_xsp          0x012f66          Code  Gb  long_util.o [5]
?load32_l1_0x           0x012f96          Code  Gb  long_util.o [5]
?load32_l1_asp          0x012f8a          Code  Gb  long_util.o [5]
?load32_l1_dbsp         0x012f7c          Code  Gb  long_util.o [5]
?load32_l1_xsp          0x012f8c          Code  Gb  long_util.o [5]
?load32_xsp_l0          0x012fa2          Code  Gb  long_util.o [5]
?longfarg16_v_w0_a      0x0144f2          Code  Gb  move.o [5]
?longfarg16_v_w0_x      0x0144f4          Code  Gb  move.o [5]
?mov_e0_e1              0x0108f9          Code  Gb  vreg_util.o [5]
?mov_e0_e2              0x010906          Code  Gb  vreg_util.o [5]
?mov_e0_e3              0x010913          Code  Gb  vreg_util.o [5]
?mov_e1_e0              0x010920          Code  Gb  vreg_util.o [5]
?mov_e1_e2              0x01092d          Code  Gb  vreg_util.o [5]
?mov_e1_e3              0x01093a          Code  Gb  vreg_util.o [5]
?mov_e2_e0              0x010947          Code  Gb  vreg_util.o [5]
?mov_e3_e0              0x01095b          Code  Gb  vreg_util.o [5]
?mov_e3_e1              0x010968          Code  Gb  vreg_util.o [5]
?mov_l0_l1              0x0108f6          Code  Gb  vreg_util.o [5]
?mov_l0_l2              0x010903          Code  Gb  vreg_util.o [5]
?mov_l0_l3              0x010910          Code  Gb  vreg_util.o [5]
?mov_l1_l0              0x01091d          Code  Gb  vreg_util.o [5]
?mov_l1_l2              0x01092a          Code  Gb  vreg_util.o [5]
?mov_l1_l3              0x010937          Code  Gb  vreg_util.o [5]
?mov_l2_l0              0x010944          Code  Gb  vreg_util.o [5]
?mov_l3_l0              0x010958          Code  Gb  vreg_util.o [5]
?mov_l3_l1              0x010965          Code  Gb  vreg_util.o [5]
?mov_w1_w3              0x0108fc          Code  Gb  vreg_util.o [5]
?mov_w1_w4              0x0108da          Code  Gb  vreg_util.o [5]
?mov_w1_w5              0x010909          Code  Gb  vreg_util.o [5]
?mov_w1_w7              0x010916          Code  Gb  vreg_util.o [5]
?mov_w2_w1              0x0108e1          Code  Gb  vreg_util.o [5]
?mov_w3_w1              0x010923          Code  Gb  vreg_util.o [5]
?mov_w3_w5              0x010930          Code  Gb  vreg_util.o [5]
?mov_w3_w7              0x01093d          Code  Gb  vreg_util.o [5]
?mov_w4_w1              0x0108e8          Code  Gb  vreg_util.o [5]
?mov_w5_w1              0x01094a          Code  Gb  vreg_util.o [5]
?mov_w5_w3              0x010951          Code  Gb  vreg_util.o [5]
?mov_w6_w0              0x0108ef          Code  Gb  vreg_util.o [5]
?mov_w7_w1              0x01095e          Code  Gb  vreg_util.o [5]
?mov_w7_w3              0x01096b          Code  Gb  vreg_util.o [5]
?move1616_v_x_y_a       0x0144e5          Code  Gb  move.o [5]
?mul16_x_x_w0           0x0134f8          Code  Gb  short.o [5]
?mul32_l0_l0_l1         0x0103bc          Code  Gb  long.o [5]
?or32_l0_l0_0x          0x0104e0          Code  Gb  long.o [5]
?or32_l0_l0_l1          0x0104dd          Code  Gb  long.o [5]
?pop_l0                 0x01088b          Code  Gb  vreg_util.o [5]
?pop_l1                 0x010896          Code  Gb  vreg_util.o [5]
?pop_l2                 0x0108a1          Code  Gb  vreg_util.o [5]
?pop_l3                 0x0108ac          Code  Gb  vreg_util.o [5]
?pop_w4                 0x010835          Code  Gb  vreg_util.o [5]
?pop_w5                 0x01083c          Code  Gb  vreg_util.o [5]
?pop_w6                 0x010843          Code  Gb  vreg_util.o [5]
?push_l0                0x010856          Code  Gb  vreg_util.o [5]
?push_l1                0x01085b          Code  Gb  vreg_util.o [5]
?push_l2                0x010860          Code  Gb  vreg_util.o [5]
?push_l3                0x010865          Code  Gb  vreg_util.o [5]
?push_w4                0x01080f          Code  Gb  vreg_util.o [5]
?push_w5                0x010814          Code  Gb  vreg_util.o [5]
?push_w6                0x010819          Code  Gb  vreg_util.o [5]
?sdiv16_x_x_y           0x013516          Code  Gb  short.o [5]
?sext16_x_a             0x01354e          Code  Gb  short.o [5]
?sext32_l0_x            0x01051a          Code  Gb  long.o [5]
?sll16_x_x_4            0x013549          Code  Gb  short.o [5]
?sll16_x_x_5            0x013548          Code  Gb  short.o [5]
?sll16_x_x_6            0x013547          Code  Gb  short.o [5]
?sll16_x_x_a            0x01353f          Code  Gb  short.o [5]
?sll32_0x_0x_a          0x0104fb          Code  Gb  long.o [5]
?sll32_l0_l0_a          0x0104f8          Code  Gb  long.o [5]
?smod16_y_x_y           0x01352f          Code  Gb  short.o [5]
?srl32_0x_0x_a          0x01050c          Code  Gb  long.o [5]
?srl32_l0_l0_a          0x010509          Code  Gb  long.o [5]
?srl8_a_a_5             0x01498c          Code  Gb  char.o [5]
?srl8_a_a_6             0x01498b          Code  Gb  char.o [5]
?sub32_l0_l0_0x         0x0103a4          Code  Gb  long.o [5]
?sub32_l0_l0_l1         0x0103a1          Code  Gb  long.o [5]
?ucmp32_c_l0_l1         0x0104b7          Code  Gb  long.o [5]
?udiv32_l0_dl_l1        0x010440          Code  Gb  long.o [5]
?udiv32_l0_l0_dl        0x010446          Code  Gb  long.o [5]
?udiv32_l0_l0_l1        0x01044a          Code  Gb  long.o [5]
?umod32_l1_l0_dl        0x01043a          Code  Gb  long.o [5]
?umod32_l1_l0_l1        0x01044a          Code  Gb  long.o [5]
?w0                     0x000000          Data  Gb  vregs.o [5]
?w1                     0x000002          Data  Gb  vregs.o [5]
?w2                     0x000004          Data  Gb  vregs.o [5]
?w3                     0x000006          Data  Gb  vregs.o [5]
?w4                     0x000008          Data  Gb  vregs.o [5]
?w5                     0x00000a          Data  Gb  vregs.o [5]
?w6                     0x00000c          Data  Gb  vregs.o [5]
?w7                     0x00000e          Data  Gb  vregs.o [5]
ADC2_Cmd                0x0148b4     0xd  Code  Gb  stm8s_adc2.o [1]
ADC2_ConversionConfig   0x014208    0x2f  Code  Gb  stm8s_adc2.o [1]
ADC2_ExternalTriggerConfig
                        0x014592    0x21  Code  Gb  stm8s_adc2.o [1]
ADC2_GetConversionValue
                        0x0137bf    0x54  Code  Gb  stm8s_adc2.o [1]
ADC2_IRQHandler         0x014a45     0x1  Code  Gb  stm8s_it.o [1]
ADC2_Init               0x0141d8    0x30  Code  Gb  stm8s_adc2.o [1]
ADC2_PrescalerConfig    0x0147e6    0x13  Code  Gb  stm8s_adc2.o [1]
ADC2_SchmittTriggerConfig
                        0x012b8f    0x82  Code  Gb  stm8s_adc2.o [1]
ADC2_StartConversion    0x01499c     0x5  Code  Gb  stm8s_adc2.o [1]
ADC_Init                0x01452e    0x22  Code  Gb  ADC.o [1]
AF_Mute_Init            0x01488d     0xd  Code  Gb  McuConfig.o [1]
AUDIO_IOAFMUT           0x0146ed    0x19  Code  Gb  McuConfig.o [1]
AUDIO_IOAFPOW           0x014706    0x19  Code  Gb  McuConfig.o [1]
AWU_IRQHandler          0x014a35     0x1  Code  Gb  stm8s_it.o [1]
AkeyvolumeCount         0x000029     0x1  Data  Gb  ApiKeyboard.o [1]
ApGpsCmd_10msRenew      0x014550    0x21  Code  Gb  ApiGpsCmd.o [1]
ApiAtCmd_100msRenew     0x0149b0     0x4  Code  Gb  ApiAtCmd.o [1]
ApiAtCmd_10msRenew      0x010c13   0x147  Code  Gb  ApiAtCmd.o [1]
ApiAtCmd_CSQValue       0x0149b4     0x4  Code  Gb  ApiAtCmd.o [1]
ApiAtCmd_PlayVoice      0x012dfe    0x73  Code  Gb  ApiAtCmd.o [1]
ApiAtCmd_WritCommand    0x012d87    0x77  Code  Gb  ApiAtCmd.o [1]
ApiAtCmd_ZTTSCount      0x00164b     0x1  Data  Gb  Delay.o [1]
ApiAtCmd_bCardIn        0x014961     0xa  Code  Gb  ApiAtCmd.o [1]
ApiAtCmd_bNoCard        0x01494b     0xb  Code  Gb  ApiAtCmd.o [1]
ApiAtCmd_bPPPStatusOpen
                        0x01491c     0xc  Code  Gb  ApiAtCmd.o [1]
ApiAtCmd_bStartingUp    0x014940     0xb  Code  Gb  ApiAtCmd.o [1]
ApiAtCmd_bZTTSStates    0x014928     0xc  Code  Gb  ApiAtCmd.o [1]
ApiCaretCmd_10msRenew   0x014843    0x10  Code  Gb  ApiAtCmd.o [1]
ApiGpsCmd_100msRenew    0x00c5bd   0x1ac  Code  Gb  ApiGpsCmd.o [1]
ApiGpsCmd_PowerOnInitial
                        0x010000   0x1d4  Code  Gb  ApiGpsCmd.o [1]
ApiMenu_BacklightTimeSet_Flag
                        0x001648     0x1  Data  Gb  ApiMenu.o [1]
ApiMenu_BeiDouOrWritingFrequency_Flag
                        0x00164a     0x1  Data  Gb  ApiMenu.o [1]
ApiMenu_GpsInfo_Flag    0x001646     0x1  Data  Gb  ApiMenu.o [1]
ApiMenu_KeylockTimeSet_Flag
                        0x001649     0x1  Data  Gb  ApiMenu.o [1]
ApiMenu_NativeInfo_Flag
                        0x001647     0x1  Data  Gb  ApiMenu.o [1]
ApiMenu_SwitchCallUser_Flag
                        0x001644     0x1  Data  Gb  ApiMenu.o [1]
ApiMenu_SwitchGroup_Flag
                        0x001643     0x1  Data  Gb  ApiMenu.o [1]
ApiMenu_SwitchOnlineUser_Flag
                        0x001645     0x1  Data  Gb  ApiMenu.o [1]
ApiPocCmd_10msRenew     0x00bcdf   0x63f  Code  Gb  ApiPocCmd.o [1]
ApiPocCmd_GroupStates   0x0149b8     0x4  Code  Gb  ApiPocCmd.o [1]
ApiPocCmd_GroupStatesSet
                        0x0149bc     0x4  Code  Gb  ApiPocCmd.o [1]
ApiPocCmd_KeyPttState   0x0149c0     0x4  Code  Gb  ApiPocCmd.o [1]
ApiPocCmd_ReceivedVoicePlayStates
                        0x0149c8     0x4  Code  Gb  ApiPocCmd.o [1]
ApiPocCmd_ReceivedVoicePlayStatesForDisplay
                        0x0149d0     0x4  Code  Gb  ApiPocCmd.o [1]
ApiPocCmd_ReceivedVoicePlayStatesForDisplaySet
                        0x0149d4     0x4  Code  Gb  ApiPocCmd.o [1]
ApiPocCmd_ReceivedVoicePlayStatesForLED
                        0x0149e0     0x4  Code  Gb  ApiPocCmd.o [1]
ApiPocCmd_ReceivedVoicePlayStatesIntermediate
                        0x0149d8     0x4  Code  Gb  ApiPocCmd.o [1]
ApiPocCmd_ReceivedVoicePlayStatesIntermediateSet
                        0x0149dc     0x4  Code  Gb  ApiPocCmd.o [1]
ApiPocCmd_ReceivedVoicePlayStatesSet
                        0x0149cc     0x4  Code  Gb  ApiPocCmd.o [1]
ApiPocCmd_SetKeyPttState
                        0x0149c4     0x4  Code  Gb  ApiPocCmd.o [1]
ApiPocCmd_ToneState     0x0149ec     0x4  Code  Gb  ApiPocCmd.o [1]
ApiPocCmd_ToneStateIntermediate
                        0x0149e4     0x4  Code  Gb  ApiPocCmd.o [1]
ApiPocCmd_ToneStateIntermediateSet
                        0x0149e8     0x4  Code  Gb  ApiPocCmd.o [1]
ApiPocCmd_ToneStateSet  0x0149f0     0x4  Code  Gb  ApiPocCmd.o [1]
ApiPocCmd_WritCommand   0x00d7cc   0x2a4  Code  Gb  ApiPocCmd.o [1]
ApiPocCmd_user_info_get
                        0x014008    0x36  Code  Gb  ApiPocCmd.o [1]
ApiPocCmd_user_info_set
                        0x011bd0    0xd0  Code  Gb  ApiPocCmd.o [1]
AtCmdDrvobj             0x00158d    0x25  Data  Lc  ApiAtCmd.o [1]
AtNotify_Queue          0x00b556    0x4d  Code  Lc  DrvGD83.o [1]
AtNotify_Queue_Start    0x00b5a3    0x56  Code  Lc  DrvGD83.o [1]
BDValid                 0x001629     0x1  Data  Gb  ApiBeidou.o [1]
BEEP_Interrupt10ms      0x01464f    0x1c  Code  Gb  Beep.o [1]
BEEP_PowerOnInitial     0x00d136    0xd3  Code  Gb  Beep.o [1]
BEEP_SetOutput          0x00cefa   0x23c  Code  Gb  Beep.o [1]
BEEP_Time               0x013f61    0x38  Code  Gb  Beep.o [1]
BacklightTimeCount      0x00164e     0x1  Data  Gb  Delay.o [1]
BacklightTimeSetCount   0x00002c     0x1  Data  Gb  ApiKeyboard.o [1]
BatteryLevel            0x001620     0x1  Data  Gb  ADC.o [1]
BeepDrvObj              0x0015df    0x12  Data  Lc  Beep.o [1]
BeidouRxData            0x0014be    0x4b  Data  Gb  ApiBeidou.o [1]
BeidouRxDataLen         0x001628     0x1  Data  Gb  ApiBeidou.o [1]
BitTab                  0x00a9dc     0x8  Data  Gb  ApiDisplay.o [1]
CFG_GetCurAdr           0x00e881   0x22c  Code  Gb  Config.o [1]
CHAR_HIGH               0x00a92a    0x10  Data  Gb  ApiDisplay.o [1]
CHAR_TO_Digital         0x0131e8    0x67  Code  Gb  ApiAtCmd.o [1]
CHAR_WIDTH              0x00a93a    0x10  Data  Gb  ApiDisplay.o [1]
CLK_ClockSwitchConfig   0x012534    0xa2  Code  Gb  stm8s_clk.o [1]
CLK_GetClockFreq        0x01360d    0x58  Code  Gb  stm8s_clk.o [1]
CLK_HSIPrescalerConfig  0x0147f9    0x13  Code  Gb  stm8s_clk.o [1]
CLK_IRQHandler          0x014a36     0x1  Code  Gb  stm8s_it.o [1]
COMLHexArray2String     0x0132b3    0x64  Code  Lc  ApiGpsCmd.o [1]
COML_AscToHex           0x011572    0xfa  Code  Gb  CommonLib.o [1]
COML_HexToAsc           0x0121d3    0xb2  Code  Gb  CommonLib.o [1]
COML_HexToAsc2          0x012706    0x96  Code  Gb  CommonLib.o [1]
COML_StringReverse      0x01349a    0x5e  Code  Gb  CommonLib.o [1]
CSTACK$$Base            0x001700           --   Gb  - Linker created -
CSTACK$$Limit           0x001800           --   Gb  - Linker created -
C_TEST_OUT_SET          0x0148a7     0xd  Code  Gb  McuConfig.o [1]
CaretNotify_Queue       0x00b4bc    0x4d  Code  Lc  DrvGD83.o [1]
CaretNotify_Queue_Start
                        0x00b64f    0x56  Code  Lc  DrvGD83.o [1]
CharCode                0x001616     0x2  Data  Gb  ApiDisplay.o [1]
Combine2Hex             0x010fd4   0x134  Code  Gb  CommonLib.o [1]
Count                   0x001621     0x1  Data  Gb  ADC.o [1]
Count2                  0x001622     0x1  Data  Gb  ADC.o [1]
Count3                  0x001623     0x1  Data  Gb  ADC.o [1]
DEL_100msProcess        0x00caeb    0x50  Code  Lc  Delay.o [1]
DEL_10msProcess         0x00cb3b    0x1d  Code  Lc  Delay.o [1]
DEL_1msProcess          0x00cb58     0xc  Code  Lc  Delay.o [1]
DEL_500msProcess        0x00c769   0x382  Code  Lc  Delay.o [1]
DEL_GetTimer            0x01376a    0x55  Code  Gb  Delay.o [1]
DEL_Interrupt           0x012491    0xa3  Code  Gb  Delay.o [1]
DEL_PowerOnInitial      0x014571    0x21  Code  Gb  Delay.o [1]
DEL_Renew               0x00cb64    0x10  Code  Gb  Delay.o [1]
DEL_SetTimer            0x012e71    0x73  Code  Gb  Delay.o [1]
DEL_Soft1ms             0x01466b    0x1c  Code  Gb  Delay.o [1]
DEL_TimerRenew          0x014313    0x29  Code  Lc  Delay.o [1]
DISP_DataBuf            0x011ca0    0xc8  Code  Lc  ApiDisplay.o [1]
DISP_MulTypePro         0x011eee    0xc0  Code  Lc  ApiDisplay.o [1]
DISP_MulTypePro2        0x011af7    0xd9  Code  Lc  ApiDisplay.o [1]
Dec2Hex                 0x013a3e    0x4e  Code  Gb  CommonLib.o [1]
DefaultSystemClockForHSI
                        0x0145f4    0x1f  Code  Gb  sysclock.o [1]
DelDrvObj               0x0015b2    0x19  Data  Lc  Delay.o [1]
Delay_100ms             0x013e32    0x40  Code  Gb  Task.o [1]
DisDataBit              0x00154d    0x40  Data  Gb  ApiDisplay.o [1]
DisDataBuf              0x0010fb   0x200  Data  Gb  ApiDisplay.o [1]
DrvGD83DrvObj           0x000c83   0x478  Data  Lc  DrvGD83.o [1]
DrvGD83_UART_TxCommand  0x012c11    0x80  Code  Gb  DrvGD83.o [1]
DrvMC8332_AtNotify_Queue_front
                        0x013b21    0x4a  Code  Gb  DrvGD83.o [1]
DrvMC8332_CaretNotify_Queue_front
                        0x013ad7    0x4a  Code  Gb  DrvGD83.o [1]
DrvMC8332_GpsNotify_Queue_front
                        0x013bb5    0x4a  Code  Gb  DrvGD83.o [1]
DrvMC8332_PocNotify_Queue_front
                        0x013b6b    0x4a  Code  Gb  DrvGD83.o [1]
DrvMC8332_Software_Initial
                        0x013eb0    0x3d  Code  Gb  DrvGD83.o [1]
DrvMC8332_TxPort_SetValidable
                        0x014292    0x2c  Code  Gb  DrvGD83.o [1]
DrvMC8332_UART_Interrupt
                        0x00b914   0x3cb  Code  Gb  DrvGD83.o [1]
DrvMc8332_UART_TxTail   0x01175f    0xeb  Code  Gb  DrvGD83.o [1]
EEPROM_EEC_IRQHandler   0x014a47     0x1  Code  Gb  stm8s_it.o [1]
EXTI_PORTA_IRQHandler   0x014a37     0x1  Code  Gb  stm8s_it.o [1]
EXTI_PORTB_IRQHandler   0x014a38     0x1  Code  Gb  stm8s_it.o [1]
EXTI_PORTC_IRQHandler   0x014a39     0x1  Code  Gb  stm8s_it.o [1]
EXTI_PORTD_IRQHandler   0x014a3a     0x1  Code  Gb  stm8s_it.o [1]
EXTI_PORTE_IRQHandler   0x014a3b     0x1  Code  Gb  stm8s_it.o [1]
EnterKeyTimeCount       0x00164d     0x1  Data  Gb  Delay.o [1]
EnterKeyTime_2s_Flag    0x001656     0x1  Data  Gb  Task.o [1]
EnterPttMomentCount     0x001659     0x1  Data  Gb  Task.o [1]
EnterPttMoment_Flag     0x001657     0x1  Data  Gb  Task.o [1]
FILE_Read               0x013c48    0x48  Code  Gb  Flash_eeprom.o [1]
FILE_Read2              0x013d67    0x45  Code  Gb  Flash_eeprom.o [1]
FILE_Write              0x013904    0x4f  Code  Gb  Flash_eeprom.o [1]
FILE_Write2             0x013865    0x50  Code  Gb  Flash_eeprom.o [1]
FLASH_EraseOptionByte   0x014365    0x28  Code  Gb  stm8s_flash.o [1]
FLASH_GetFlagStatus     0x0147d2    0x14  Code  Gb  stm8s_flash.o [1]
FLASH_Lock              0x01497d     0x7  Code  Gb  stm8s_flash.o [1]
FLASH_ProgramByte       0x0149a1     0x5  Code  Gb  stm8s_flash.o [1]
FLASH_ProgramOptionByte
                        0x01449b    0x25  Code  Gb  stm8s_flash.o [1]
FLASH_ReadByte          0x0149a6     0x5  Code  Gb  stm8s_flash.o [1]
FLASH_SetProgrammingTime
                        0x014956     0xb  Code  Gb  stm8s_flash.o [1]
FLASH_Unlock            0x014791    0x16  Code  Gb  stm8s_flash.o [1]
FLASH_WaitForLastOperation
                        0x01403e    0x36  Code  Gb  stm8s_flash.o [1]
GB2312_16_GetData       0x00e1b2   0x251  Code  Gb  GT20L16P1Y.o [3]
GPIO_Init               0x012335    0xaf  Code  Gb  stm8s_gpio.o [1]
GPIO_ReadInputPin       0x01496b     0x9  Code  Gb  stm8s_gpio.o [1]
GPIO_WriteHigh          0x014984     0x7  Code  Gb  stm8s_gpio.o [1]
GPIO_WriteLow           0x0149fc     0x4  Code  Gb  stm8s_gpio.o [1]
GeHuTest                0x014a32     0x1  Code  Lc  ApiKeyboard.o [1]
GetAllGroupNameForDisplay
                        0x012c91    0x7b  Code  Gb  ApiPocCmd.o [1]
GetAllGroupNameForVoice
                        0x011d68    0xc3  Code  Gb  ApiPocCmd.o [1]
GetAllGroupNum          0x0149f4     0x4  Code  Gb  ApiPocCmd.o [1]
GetAllUserNameForDisplay
                        0x012d0c    0x7b  Code  Gb  ApiPocCmd.o [1]
GetAllUserNameForVoice  0x011e2b    0xc3  Code  Gb  ApiPocCmd.o [1]
GetAllUserNum           0x014997     0x5  Code  Gb  ApiPocCmd.o [1]
GetNowWorkingGroupNameForDisplay
                        0x0139a2    0x4e  Code  Gb  ApiPocCmd.o [1]
GetNowWorkingGroupXuhao
                        0x0141a8    0x30  Code  Gb  ApiPocCmd.o [1]
GetPointArrayData32     0x013c90    0x48  Code  Gb  GT20L16P1Y_D.o [1]
GetSpeakingUserNameForDisplay
                        0x0139f0    0x4e  Code  Gb  ApiPocCmd.o [1]
GetTaskId               0x014a10     0x4  Code  Gb  System.o [1]
GpsCmd_GbAnalytical     0x00e403   0x24d  Code  Lc  ApiGpsCmd.o [1]
GpsCmd_GbDataTransave   0x00eaad   0x218  Code  Lc  ApiGpsCmd.o [1]
GpsCmd_GbWritCommand    0x00c31e   0x29f  Code  Lc  ApiGpsCmd.o [1]
GpsFunDrvObj            0x0012fb   0x1c3  Data  Lc  ApiGpsCmd.o [1]
GpsNotify_Queue         0x00b897    0x7d  Code  Lc  DrvGD83.o [1]
GpsNotify_Queue_Start   0x00b6a5    0x9a  Code  Lc  DrvGD83.o [1]
GroupCallingNum         0x00002a     0x1  Data  Gb  ApiKeyboard.o [1]
HDRCSQSignalIcons       0x01211e    0xb5  Code  Gb  ApiAtCmd.o [1]
HSE_ClockStartUpConfiguration
                        0x014074    0x36  Code  Lc  sysclock.o [1]
HSIDivFactor            0x00aa7b     0x4  Data  Gb  stm8s_clk.o [1]
HtgDrvObj               0x00161e     0x2  Data  Lc  DrvHTG12832.o [1]
I2C_IRQHandler          0x014a43     0x1  Code  Gb  stm8s_it.o [1]
INTVEC$$Base            0x008000           --   Gb  - Linker created -
INTVEC$$Limit           0x008080           --   Gb  - Linker created -
ITC_SetSoftwarePriority
                        0x01146f   0x103  Code  Gb  stm8s_itc.o [1]
Ico_DataBuf             0x009b80   0x400  Data  Gb  ApiDisplay.o [1]
InputGBcode             0x009f80   0x1b0  Data  Gb  GT20L16P1Y_D.o [1]
InputUnicode            0x00a130   0x1b0  Data  Gb  GT20L16P1Y_D.o [1]
KCMD_GetMcuVersion      0x013378    0x61  Code  Lc  KeyCmd.o [1]
KCMD_KeyCmdGet          0x0145d4    0x20  Code  Gb  KeyCmd.o [1]
KEY_4_Flag              0x001651     0x1  Data  Gb  Task.o [1]
KEY_TABLE               0x00aa8a     0x3  Data  Lc  uart3.o [1]
Key3Option              0x001652     0x1  Data  Gb  Task.o [1]
Key3_PlayValue          0x00162a     0x1  Data  Gb  ApiGpsCmd.o [1]
KeyDownUpChoose_GroupOrUser_Flag
                        0x001627     0x1  Data  Gb  ApiAtCmd.o [1]
KeyPersonalCallingCount
                        0x00162f     0x1  Data  Gb  ApiKeyboard.o [1]
KeyUpDownCount          0x00162e     0x1  Data  Gb  ApiKeyboard.o [1]
Key_Flag_1              0x001630     0x1  Data  Gb  ApiKeyboard.o [1]
Key_Init                0x0140e0    0x34  Code  Gb  McuConfig.o [1]
Key_PersonalCalling_Flag
                        0x001655     0x1  Data  Gb  Task.o [1]
Keyboard_Test           0x00aa90   0xa2c  Code  Gb  ApiKeyboard.o [1]
KeylockTimeCount        0x00161c     0x2  Data  Gb  Delay.o [1]
KeylockTimeSetCount     0x000028     0x1  Data  Gb  ApiKeyboard.o [1]
LED_Conut               0x001642     0x1  Data  Gb  ApiLED.o [1]
LED_Init                0x0143dc    0x27  Code  Gb  McuConfig.o [1]
LED_IntOutputRenew      0x0128c7    0x92  Code  Gb  ApiLED.o [1]
Level3MenuDisplay       0x00da70   0x21e  Code  Gb  ApiMenu.o [1]
LobatteryTask_StartFlag
                        0x001625     0x1  Data  Gb  ADC.o [1]
LockingState_EnterOK_Flag
                        0x001634     0x1  Data  Gb  ApiKeyboard.o [1]
LockingState_Flag       0x00164c     0x1  Data  Gb  Delay.o [1]
LoosenPttMomentCount    0x00165a     0x1  Data  Gb  Task.o [1]
LoosenPttMoment_Flag    0x001658     0x1  Data  Gb  Task.o [1]
LowVoltageDetection     0x00dd07   0x259  Code  Gb  ADC.o [1]
LowVoltageDetection_Flag
                        0x001624     0x1  Data  Gb  ADC.o [1]
MCU_VERSIONForMenu      0x01477b    0x16  Code  Gb  KeyCmd.o [1]
MIC_GPIO_Init           0x014880     0xd  Code  Gb  McuConfig.o [1]
MIC_IOMUT               0x0146d4    0x19  Code  Gb  McuConfig.o [1]
Mcu_Version             0x00a597    0x20  Data  Lc  KeyCmd.o [1]
MenuDisplay             0x00cb74   0x386  Code  Gb  ApiMenu.o [1]
MenuModeCount           0x00002b     0x1  Data  Gb  ApiKeyboard.o [1]
MenuMode_Flag           0x001631     0x1  Data  Gb  ApiKeyboard.o [1]
NetworkType_2Gor3G_Flag
                        0x001654     0x1  Data  Gb  Task.o [1]
NoUseNum                0x001653     0x1  Data  Gb  Task.o [1]
Noise_Mute_Init         0x01489a     0xd  Code  Gb  McuConfig.o [1]
Notify_Queue_Stop       0x00b73f   0x158  Code  Lc  DrvGD83.o [1]
NumberKeyboardPressDown_flag
                        0x001633     0x1  Data  Gb  ApiKeyboard.o [1]
OneChannelGetADValue    0x0143b5    0x27  Code  Lc  ADC.o [1]
PAS_NULLTBL             0x00a94a    0x10  Data  Lc  uart3.o [1]
POC_TABLE               0x00aa8d     0x3  Data  Lc  uart3.o [1]
PasObj                  0x00160f     0x4  Data  Lc  uart3.o [1]
PersonalCallingNum      0x00162d     0x1  Data  Gb  ApiKeyboard.o [1]
PocCmdDrvobj            0x000065   0xc1e  Data  Lc  ApiPocCmd.o [1]
PocNotify_Queue         0x00b509    0x4d  Code  Lc  DrvGD83.o [1]
PocNotify_Queue_Start   0x00b5f9    0x56  Code  Lc  DrvGD83.o [1]
PrimaryLowPower_Flag    0x001626     0x1  Data  Gb  ADC.o [1]
READ_TABLE              0x00aa7f     0x4  Data  Lc  uart3.o [1]
ReadByte                0x0136bd    0x57  Code  Gb  ApiDisplay.o [1]
Region$$Table$$Base     0x00a583           --   Gb  - Linker created -
Region$$Table$$Limit    0x00a597           --   Gb  - Linker created -
RxStartFlag             0x001603     0x6  Data  Gb  ApiBeidou.o [1]
SPI_IRQHandler          0x014a3c     0x1  Code  Gb  stm8s_it.o [1]
SendByte                0x012b07    0x88  Code  Gb  ApiDisplay.o [1]
SendGpsLoginInfoCount   0x00162c     0x1  Data  Gb  ApiGpsCmd.o [1]
SetTaskId               0x014a14     0x4  Code  Gb  System.o [1]
Set_GreenLed            0x0146a2    0x19  Code  Gb  McuConfig.o [1]
Set_RedLed              0x0146bb    0x19  Code  Gb  McuConfig.o [1]
SubmenuMenuDisplay      0x00dc8e    0x79  Code  Gb  ApiMenu.o [1]
SystemClock_Init        0x0142be    0x2b  Code  Gb  sysclock.o [1]
TASK_PersonalKeyMode    0x014a1c     0x4  Code  Gb  Task.o [1]
TASK_PersonalKeyModeSet
                        0x014a20     0x4  Code  Gb  Task.o [1]
TASK_RunLoBattery       0x0142e9    0x2a  Code  Gb  Task.o [1]
TASK_WriteFreq          0x014a18     0x4  Code  Gb  Task.o [1]
TIM1_CAP_COM_IRQHandler
                        0x014a3e     0x1  Code  Gb  stm8s_it.o [1]
TIM1_CCxCmd             0x013dac    0x43  Code  Gb  stm8s_tim1.o [1]
TIM1_Cmd                0x0148c1     0xd  Code  Gb  stm8s_tim1.o [1]
TIM1_CtrlPWMOutputs     0x0148ce     0xd  Code  Gb  stm8s_tim1.o [1]
TIM1_DeInit             0x0125d6    0x99  Code  Gb  stm8s_tim1.o [1]
TIM1_OC1Init            0x0133d9    0x61  Code  Gb  stm8s_tim1.o [1]
TIM1_OC1PreloadConfig   0x0148db     0xd  Code  Gb  stm8s_tim1.o [1]
TIM1_PWM_Init           0x013714    0x56  Code  Gb  Tone.o [1]
TIM1_TimeBaseInit       0x01450a    0x24  Code  Gb  stm8s_tim1.o [1]
TIM1_UPD_OVF_TRG_BRK_IRQHandler
                        0x014a3d     0x1  Code  Gb  stm8s_it.o [1]
TIM2_CAP_COM_IRQHandler
                        0x014a40     0x1  Code  Gb  stm8s_it.o [1]
TIM2_UPD_OVF_BRK_IRQHandler
                        0x014a3f     0x1  Code  Gb  stm8s_it.o [1]
TIM3_ARRPreloadConfig   0x0148f5     0xd  Code  Gb  stm8s_tim3.o [1]
TIM3_CAP_COM_IRQHandler
                        0x014a41     0x1  Code  Gb  stm8s_it.o [1]
TIM3_ClearITPendingBit  0x0149ab     0x5  Code  Gb  stm8s_tim3.o [1]
TIM3_Cmd                0x0148e8     0xd  Code  Gb  stm8s_tim3.o [1]
TIM3_ITConfig           0x01480c    0x13  Code  Gb  stm8s_tim3.o [1]
TIM3_PrescalerConfig    0x014974     0x9  Code  Gb  stm8s_tim3.o [1]
TIM3_TimeBaseInit       0x014934     0xc  Code  Gb  stm8s_tim3.o [1]
TIM3_UPD_OVF_BRK_IRQHandler
                        0x0145b3    0x21  Code  Gb  stm8s_it.o [1]
TIM4_UPD_OVF_IRQHandler
                        0x014a46     0x1  Code  Gb  stm8s_it.o [1]
TLI_IRQHandler          0x014a34     0x1  Code  Gb  stm8s_it.o [1]
TONE_PowerOnInitial     0x013114    0x6b  Code  Gb  Tone.o [1]
TONE_Start              0x014458    0x1d  Code  Gb  Tone.o [1]
TONE_Stop               0x01444f     0x9  Code  Gb  Tone.o [1]
TRAP_IRQHandler         0x014a33     0x1  Code  Gb  stm8s_it.o [1]
TaskDrvObj              0x0015cb    0x14  Data  Lc  System.o [1]
TaskDrvobj              0x001613     0x3  Data  Lc  Task.o [1]
Task_RunNormalOperation
                        0x00d209   0x2f6  Code  Gb  Task.o [1]
Task_RunStart           0x01343a    0x60  Code  Gb  Task.o [1]
Test1                   0x00162b     0x1  Data  Gb  ApiGpsCmd.o [1]
TestNum1                0x001636     0x1  Data  Gb  ApiKeyboard.o [1]
TestNum10               0x00163f     0x1  Data  Gb  ApiKeyboard.o [1]
TestNum11               0x001640     0x1  Data  Gb  ApiKeyboard.o [1]
TestNum12               0x001641     0x1  Data  Gb  ApiKeyboard.o [1]
TestNum2                0x001637     0x1  Data  Gb  ApiKeyboard.o [1]
TestNum3                0x001638     0x1  Data  Gb  ApiKeyboard.o [1]
TestNum4                0x001639     0x1  Data  Gb  ApiKeyboard.o [1]
TestNum5                0x00163a     0x1  Data  Gb  ApiKeyboard.o [1]
TestNum6                0x00163b     0x1  Data  Gb  ApiKeyboard.o [1]
TestNum7                0x00163c     0x1  Data  Gb  ApiKeyboard.o [1]
TestNum8                0x00163d     0x1  Data  Gb  ApiKeyboard.o [1]
TestNum9                0x00163e     0x1  Data  Gb  ApiKeyboard.o [1]
TheMenuLayer_Flag       0x001632     0x1  Data  Gb  ApiKeyboard.o [1]
Tim3_Timer_Init         0x01433c    0x29  Code  Gb  McuConfig.o [1]
TimeCount               0x001618     0x2  Data  Gb  Delay.o [1]
TimeCount3              0x00161a     0x2  Data  Gb  Delay.o [1]
ToneDrvObj              0x0015f1    0x12  Data  Lc  Tone.o [1]
UART1_Cmd               0x014902     0xd  Code  Gb  stm8s_uart1.o [1]
UART1_DeInit            0x014265    0x2d  Code  Gb  stm8s_uart1.o [1]
UART1_GetFlagStatus     0x014114    0x32  Code  Gb  stm8s_uart1.o [1]
UART1_GetITStatus       0x012959    0x92  Code  Gb  stm8s_uart1.o [1]
UART1_ITConfig          0x0130a7    0x6d  Code  Gb  stm8s_uart1.o [1]
UART1_Init              0x010972   0x159  Code  Gb  stm8s_uart1.o [1]
UART1_RX_IRQHandler     0x014429    0x26  Code  Gb  stm8s_it.o [1]
UART1_ReceiveData8      0x014a00     0x4  Code  Gb  stm8s_uart1.o [1]
UART1_SendData8         0x014a04     0x4  Code  Gb  stm8s_uart1.o [1]
UART1_TX_IRQHandler     0x014a42     0x1  Code  Gb  stm8s_it.o [1]
UART3_Cmd               0x01490f     0xd  Code  Gb  stm8s_uart3.o [1]
UART3_DeInit            0x0144c0    0x25  Code  Gb  stm8s_uart3.o [1]
UART3_GetFlagStatus     0x013bff    0x49  Code  Gb  stm8s_uart3.o [1]
UART3_GetITStatus       0x012068    0xb6  Code  Gb  stm8s_uart3.o [1]
UART3_ITConfig          0x012a7a    0x8d  Code  Gb  stm8s_uart3.o [1]
UART3_Init              0x01123c   0x12a  Code  Gb  stm8s_uart3.o [1]
UART3_Interrupt         0x011fae    0xba  Code  Gb  uart3.o [1]
UART3_RX_IRQHandler     0x014687    0x1b  Code  Gb  stm8s_it.o [1]
UART3_ReceiveData8      0x014a08     0x4  Code  Gb  stm8s_uart3.o [1]
UART3_SendByte          0x014853    0x10  Code  Gb  uart3.o [1]
UART3_SendData8         0x014a0c     0x4  Code  Gb  stm8s_uart3.o [1]
UART3_TX_IRQHandler     0x014a44     0x1  Code  Gb  stm8s_it.o [1]
UART3_ToMcuMain         0x01317f    0x69  Code  Gb  uart3.o [1]
UART_Delay              0x01481f    0x12  Code  Lc  uart3.o [1]
UART_ErrorAck           0x01398c    0x16  Code  Lc  uart3.o [1]
UART_GetCheckSum        0x012832    0x2e  Code  Lc  uart3.o [1]
UART_KeyCommand         0x0129eb    0x8f  Code  Lc  uart3.o [1]
UART_Link               0x012860    0x67  Code  Lc  uart3.o [1]
UART_PasCommand         0x0101d4   0x1b2  Code  Lc  uart3.o [1]
UART_PocCommand         0x0135b1    0x5c  Code  Lc  uart3.o [1]
UART_ReadCommand        0x01184a    0xe9  Code  Lc  uart3.o [1]
UART_RightAck           0x013039    0x6e  Code  Lc  uart3.o [1]
UART_RxFrame            0x013813    0x52  Code  Lc  uart3.o [1]
UART_TxSend             0x013953    0x39  Code  Lc  uart3.o [1]
UART_WriteCommand       0x01166c    0xf3  Code  Lc  uart3.o [1]
UNICODE_16_GetData      0x010525   0x185  Code  Gb  GT20L16P1Y.o [3]
Uart1_Init              0x013eed    0x3b  Code  Gb  McuConfig.o [1]
Uart3_Init              0x013f28    0x39  Code  Gb  uart3.o [1]
UartDrvObj              0x001509    0x44  Data  Lc  uart3.o [1]
UnicodeGetPointArrayData32
                        0x013cd8    0x48  Code  Gb  GT20L16P1Y_D.o [1]
UnicodeValueSearch      0x014403    0x26  Code  Gb  GT20L16P1Y_D.o [1]
UpDownSwitchingCount    0x00164f     0x1  Data  Gb  Delay.o [1]
VOICE_1sProcess         0x014863     0xf  Code  Gb  Voice.o [1]
VOICE_Play              0x00e650   0x231  Code  Gb  Voice.o [1]
VOICE_Renew             0x012fc8    0x71  Code  Gb  Voice.o [1]
VOICE_SetOutput         0x013a8c    0x4b  Code  Gb  Voice.o [1]
ValueSearch             0x013555    0x5c  Code  Gb  GT20L16P1Y_D.o [1]
VerifyData              0x008080  0x1b00  Data  Gb  GT20L16P1Y_D.o [1]
VoiceDrvObj             0x001609     0x6  Data  Lc  Voice.o [1]
VoiceType_FreehandOrHandset_Flag
                        0x001635     0x1  Data  Gb  ApiKeyboard.o [1]
WRITE_TABLE             0x00aa83     0x4  Data  Lc  uart3.o [1]
WW_GetData              0x00d4ff   0x2cd  Code  Gb  GT20L16P1Y.o [3]
WriteEEPROMByte         0x013e72    0x3e  Code  Gb  Flash_eeprom.o [1]
WriteFreq_Flag          0x00165b     0x1  Data  Gb  uart3.o [1]
__DebugBreak            0x014a48     0x1  Code  Gb  __dbg_break.o [4]
__exit                  0x0147a7    0x16  Code  Gb  __dbg_xxexit.o [4]
__iar_copy_init2        0x01438d          Code  Gb  init_small.o [5]
__iar_data_init2        0x014613    0x1e  Code  Gb  init.o [5]
__iar_program_start     0x01474d          Code  Gb  cstartup.o [5]
__iar_unhandled_exception
                        0x014a2f          Code  Gb  unhandled_exception.o [5]
__iar_zero_init2        0x014631          Code  Gb  init_small.o [5]
__intvec                0x008000          Data  Gb  interrupt.o [5]
__low_level_init        0x014a2c     0x3  Code  Gb  low_level_init.o [5]
_exit                   0x014991          Code  Gb  cexit.o [5]
_interrupt_1            0x014a33          Code  Gb  stm8s_it.o [1]
_interrupt_12           0x014a3c          Code  Gb  stm8s_it.o [1]
_interrupt_13           0x014a3d          Code  Gb  stm8s_it.o [1]
_interrupt_14           0x014a3e          Code  Gb  stm8s_it.o [1]
_interrupt_15           0x014a3f          Code  Gb  stm8s_it.o [1]
_interrupt_16           0x014a40          Code  Gb  stm8s_it.o [1]
_interrupt_17           0x0145b3          Code  Gb  stm8s_it.o [1]
_interrupt_18           0x014a41          Code  Gb  stm8s_it.o [1]
_interrupt_19           0x014a42          Code  Gb  stm8s_it.o [1]
_interrupt_2            0x014a34          Code  Gb  stm8s_it.o [1]
_interrupt_20           0x014429          Code  Gb  stm8s_it.o [1]
_interrupt_21           0x014a43          Code  Gb  stm8s_it.o [1]
_interrupt_22           0x014a44          Code  Gb  stm8s_it.o [1]
_interrupt_23           0x014687          Code  Gb  stm8s_it.o [1]
_interrupt_24           0x014a45          Code  Gb  stm8s_it.o [1]
_interrupt_25           0x014a46          Code  Gb  stm8s_it.o [1]
_interrupt_26           0x014a47          Code  Gb  stm8s_it.o [1]
_interrupt_3            0x014a35          Code  Gb  stm8s_it.o [1]
_interrupt_4            0x014a36          Code  Gb  stm8s_it.o [1]
_interrupt_5            0x014a37          Code  Gb  stm8s_it.o [1]
_interrupt_6            0x014a38          Code  Gb  stm8s_it.o [1]
_interrupt_7            0x014a39          Code  Gb  stm8s_it.o [1]
_interrupt_8            0x014a3a          Code  Gb  stm8s_it.o [1]
_interrupt_9            0x014a3b          Code  Gb  stm8s_it.o [1]
api_diap_ico_pos_get    0x013317    0x61  Code  Gb  ApiDisplay.o [1]
api_disp_all_screen_refresh
                        0x0138b5    0x4f  Code  Gb  ApiDisplay.o [1]
api_disp_char_output    0x01471f    0x17  Code  Gb  ApiDisplay.o [1]
api_disp_char_output2   0x014736    0x17  Code  Gb  ApiDisplay.o [1]
api_disp_ico_output     0x012285    0xb0  Code  Gb  ApiDisplay.o [1]
api_disp_icoid_output   0x01266f    0x97  Code  Gb  ApiDisplay.o [1]
api_lcd_pwr_on_hint     0x014146    0x31  Code  Gb  ApiDisplay.o [1]
api_lcd_pwr_on_hint4    0x014237    0x2e  Code  Gb  ApiDisplay.o [1]
api_poc_command_get     0x0123e4    0xad  Code  Lc  uart3.o [1]
api_poc_command_set     0x011a18    0xdf  Code  Lc  uart3.o [1]
drv_gt20_data_output    0x011108   0x134  Code  Gb  DrvGT20L16S1Y.o [1]
drv_gt20_data_output2   0x010e99   0x13b  Code  Gb  DrvGT20L16S1Y.o [1]
drv_gt20_pwr_on_init    0x013fcd     0x4  Code  Gb  DrvGT20L16S1Y.o [1]
drv_htg_clr_allscr      0x00e099    0x35  Code  Gb  DrvHTG12832.o [1]
drv_htg_pwr_on_init     0x00e1a6     0xc  Code  Gb  DrvHTG12832.o [1]
drv_htg_reset           0x00df60     0x5  Code  Gb  DrvHTG12832.o [1]
drv_htg_set_address     0x00dfdf    0x40  Code  Gb  DrvHTG12832.o [1]
drv_htg_write_command   0x00df65    0x7a  Code  Gb  DrvHTG12832.o [1]
drv_htg_write_data      0x00e01f    0x7a  Code  Gb  DrvHTG12832.o [1]
drv_keypad_scan         0x00ecc5   0x211  Code  Gb  DrvKeyboard.o [1]
exit                    0x014a28     0x4  Code  Gb  exit.o [5]
find_zf_tab             0x013d20    0x47  Code  Gb  GT20L16P1Y.o [3]
get_current_working_status
                        0x0149f8     0x4  Code  Gb  ApiPocCmd.o [1]
get_key_value           0x011933    0xe5  Code  Gb  ApiKeyboard.o [1]
get_screen_display_group_name
                        0x013fd1    0x37  Code  Gb  ApiPocCmd.o [1]
htg_delay_ms            0x00e0ce    0x1e  Code  Lc  DrvHTG12832.o [1]
htg_initial             0x00e0ec    0x6c  Code  Lc  DrvHTG12832.o [1]
key_scan_board          0x010d5a   0x13f  Code  Gb  DrvKeyboard.o [1]
main                    0x014177    0x31  Code  Gb  main.o [1]
main_app                0x013def    0x43  Code  Gb  System.o [1]
main_init               0x011366   0x109  Code  Gb  System.o [1]
mcu_gt20_initial        0x013f99    0x34  Code  Lc  DrvGT20L16S1Y.o [1]
mcu_key_pad_out         0x01279c    0x96  Code  Gb  DrvKeyboard.o [1]
mcu_key_pad_read        0x012ee4    0x72  Code  Gb  DrvKeyboard.o [1]
mcu_key_pad_set         0x010acb   0x148  Code  Gb  DrvKeyboard.o [1]
mcu_lcd_initial         0x00e158    0x4e  Code  Lc  DrvHTG12832.o [1]
memcmp                  0x0140aa    0x36  Code  Gb  memcmp.o [5]
memcpy                  0x014475    0x26  Code  Gb  memcpy.o [5]
memset                  0x014764    0x17  Code  Gb  memset.o [5]
no_online_user          0x0147bd    0x15  Code  Lc  ApiPocCmd.o [1]
pack_data               0x0106aa   0x165  Code  Lc  ApiGpsCmd.o [1]
r_dat_bat               0x01324f    0x64  Code  Gb  ApiDisplay.o [1]
strlen                  0x014831    0x12  Code  Gb  strlen.o [5]
ucABELL                 0x000045     0x2  Data  Gb  Voice.o [1]
ucAtPocHead             0x00002d     0x2  Data  Gb  ApiPocCmd.o [1]
ucEightyPercentPower    0x000059     0x2  Data  Gb  Voice.o [1]
ucEndPTT                0x000035     0x2  Data  Gb  ApiPocCmd.o [1]
ucFivePercentPower      0x000051     0x2  Data  Gb  Voice.o [1]
ucFortyPercentPower     0x000055     0x2  Data  Gb  Voice.o [1]
ucGroupListInfo         0x000037     0x2  Data  Gb  ApiPocCmd.o [1]
ucGroupMode             0x00005d     0x2  Data  Gb  Voice.o [1]
ucGroupSelected         0x000047     0x2  Data  Gb  Voice.o [1]
ucHandfreeMode          0x000061     0x2  Data  Gb  Voice.o [1]
ucHandsetMode           0x00005f     0x2  Data  Gb  Voice.o [1]
ucLowBattery            0x00004f     0x2  Data  Gb  Voice.o [1]
ucNetworkSearching      0x00004b     0x2  Data  Gb  Voice.o [1]
ucNoOnlineUser          0x000063     0x2  Data  Gb  Voice.o [1]
ucNoSimCard             0x000049     0x2  Data  Gb  Voice.o [1]
ucOneHundredPercentPower
                        0x00005b     0x2  Data  Gb  Voice.o [1]
ucPersonalMode          0x000043     0x2  Data  Gb  Voice.o [1]
ucPocOpenConfig         0x000031     0x2  Data  Gb  ApiPocCmd.o [1]
ucPowerLowPleaseCharge  0x00004d     0x2  Data  Gb  Voice.o [1]
ucRxCIMI                0x00001c     0x2  Data  Gb  ApiAtCmd.o [1]
ucRxCMEERROR            0x00001e     0x2  Data  Gb  ApiAtCmd.o [1]
ucRxCSQ                 0x000022     0x2  Data  Gb  ApiAtCmd.o [1]
ucRxOkHeadInfo          0x00003f     0x2  Data  Gb  DrvGD83.o [1]
ucRxPASTATE1            0x000024     0x2  Data  Gb  ApiAtCmd.o [1]
ucRxPocHeadInfo         0x00003d     0x2  Data  Gb  DrvGD83.o [1]
ucRxTcpDataHeadInfo     0x000041     0x2  Data  Gb  DrvGD83.o [1]
ucRxZIND                0x00001a     0x2  Data  Gb  ApiAtCmd.o [1]
ucRxZPPPSTATUS          0x000020     0x2  Data  Gb  ApiAtCmd.o [1]
ucRxZTTS0               0x000026     0x2  Data  Gb  ApiAtCmd.o [1]
ucSetIPAndID            0x00002f     0x2  Data  Gb  ApiPocCmd.o [1]
ucSixtyPercentPower     0x000057     0x2  Data  Gb  Voice.o [1]
ucStartPTT              0x000033     0x2  Data  Gb  ApiPocCmd.o [1]
ucTwentyPercentPower    0x000053     0x2  Data  Gb  Voice.o [1]
ucTxCIMI                0x000010     0x2  Data  Gb  ApiAtCmd.o [1]
ucTxCSQ                 0x000014     0x2  Data  Gb  ApiAtCmd.o [1]
ucTxPlayZtts            0x000016     0x2  Data  Gb  ApiAtCmd.o [1]
ucTxPocHeadInfo         0x00003b     0x2  Data  Gb  DrvGD83.o [1]
ucTxReset               0x000018     0x2  Data  Gb  ApiAtCmd.o [1]
ucTxZPPPOPEN            0x000012     0x2  Data  Gb  ApiAtCmd.o [1]
ucUserListInfo          0x000039     0x2  Data  Gb  ApiPocCmd.o [1]


[1] = E:\1-source\2-A508_WCDMA_CORGET\PRJ\Debug\Obj
[2] = command line
[3] = GT20L16_STM8_DOUBLE_MEDIUM_IAR.a
[4] = dbgstm8mmd.a
[5] = dlstm8mmn.a

  36 495 bytes of readonly  code memory
  10 896 bytes of readonly  data memory
   5 980 bytes of readwrite data memory

Errors: none
Warnings: none
